08-20 23:14:44.745 29014 29014 I MonoDroid: 	at android.app.Instrumentation.callActivityOnCreate(Instrumentation.java:1528)
08-20 23:14:44.745 29014 29014 I MonoDroid: 	at android.app.ActivityThread.performLaunchActivity(ActivityThread.java:4111)
08-20 23:14:44.745 29014 29014 I MonoDroid: 	at android.app.ActivityThread.handleLaunchActivity(ActivityThread.java:4316)
08-20 23:14:44.745 29014 29014 I MonoDroid: 	at android.app.servertransaction.LaunchActivityItem.execute(LaunchActivityItem.java:222)
08-20 23:14:44.745 29014 29014 I MonoDroid: 	at android.app.servertransaction.TransactionExecutor.executeNonLifecycleItem(TransactionExecutor.java:133)
08-20 23:14:44.745 29014 29014 I MonoDroid: 	at android.app.servertransaction.TransactionExecutor.executeTransactionItems(TransactionExecutor.java:103)
08-20 23:14:44.745 29014 29014 I MonoDroid: 	at android.app.servertransaction.TransactionExecutor.execute(TransactionExecutor.java:80)
08-20 23:14:44.745 29014 29014 I MonoDroid: 	at android.app.ActivityThread$H.handleMessage(ActivityThread.java:2719)
08-20 23:14:44.745 29014 29014 I MonoDroid: 	at android.os.Handler.dispatchMessage(Handler.java:109)
08-20 23:14:44.745 29014 29014 I MonoDroid: 	at android.os.Looper.loopOnce(Looper.java:232)
08-20 23:14:44.745 29014 29014 I MonoDroid: 	at android.os.Looper.loop(Looper.java:317)
08-20 23:14:44.745 29014 29014 I MonoDroid: 	at android.app.ActivityThread.main(ActivityThread.java:8787)
08-20 23:14:44.745 29014 29014 I MonoDroid: 	at java.lang.reflect.Method.invoke(Native Method)
08-20 23:14:44.745 29014 29014 I MonoDroid: 	at com.android.internal.os.RuntimeInit$MethodAndArgsCaller.run(RuntimeInit.java:591)
08-20 23:14:44.745 29014 29014 I MonoDroid: 	at com.android.internal.os.ZygoteInit.main(ZygoteInit.java:871)
08-20 23:14:44.745 29014 29014 I MonoDroid: 
08-20 23:14:44.748  1635  1816 W ActivityTaskManager:   Force finishing activity com.example.minimikudancemaui/crc642b763ce9c7e2f543.MainActivity
08-20 23:14:44.748  2026  2056 V WindowManagerShell: Transition requested (#2173): android.os.BinderProxy@b474139 TransitionRequestInfo { type = CLOSE, triggerTask = null, pipTask = null, remoteTransition = null, displayChange = null, flags = 10, debugId = 2173 }
08-20 23:14:44.749  2419  2419 D VRI[NexusLauncherActivity]: visibilityChanged oldVisibility=false newVisibility=true
08-20 23:14:44.751 29014 29014 I Process : Sending signal. PID: 29014 SIG: 9
08-20 23:14:44.760  2419  2419 D NexusLauncherModelDelegate: notifySmartspaceEvent: SmartspaceTargetEvent{mSmartspaceTarget=null, mSmartspaceActionId='null', mEventType=6}
08-20 23:14:44.760  2419  2419 D BaseDepthController: mSurface is not valid
08-20 23:14:44.760   541   541 I BpBinder: onLastStrongRef automatically unlinking death recipients: 
08-20 23:14:44.763  2419  2419 D BaseDepthController: setSurface:
08-20 23:14:44.763  2419  2419 D BaseDepthController: 	mWaitingOnSurfaceValidity: true
08-20 23:14:44.763  2419  2419 D BaseDepthController: 	mSurface: Surface(name=com.google.android.apps.nexuslauncher/com.google.android.apps.nexuslauncher.NexusLauncherActivity)/@0xe359a8
08-20 23:14:44.772  1635  1816 I ActivityManager: Process com.example.minimikudancemaui (pid 29014) has died: fg  TOP 
08-20 23:14:44.772  1135  1135 I adbd    : Remote process closed the socket (on MSG_PEEK)
08-20 23:14:44.773  2845  8643 D ForegroundUtils: UID: 10278 deleted.
08-20 23:14:44.773   840   840 I Zygote  : Process 29014 exited due to signal 9 (Killed)
08-20 23:14:44.773  1635  1732 I libprocessgroup: Removed cgroup /sys/fs/cgroup/uid_10278/pid_29014
08-20 23:14:44.773  1635  1717 D DisplayManagerService: Drop pending events for gone uid 10278
08-20 23:14:44.773  1635  1911 D InetDiagMessage: Destroyed 0 sockets, proto=IPPROTO_TCP, family=AF_INET, states=14
08-20 23:14:44.774  1635  1911 D InetDiagMessage: Destroyed 0 sockets, proto=IPPROTO_TCP, family=AF_INET6, states=14
08-20 23:14:44.774  1635  1911 D InetDiagMessage: Destroyed live tcp sockets for uids={10278} in 1ms
08-20 23:14:44.774  1635  1911 D InetDiagMessage: Destroyed 0 sockets, proto=IPPROTO_TCP, family=AF_INET, states=14
08-20 23:14:44.774  2419  2419 D StatsLog: LAUNCHER_ONRESUME
08-20 23:14:44.774  1635  1911 D InetDiagMessage: Destroyed 0 sockets, proto=IPPROTO_TCP, family=AF_INET6, states=14
08-20 23:14:44.774  1635  1911 D InetDiagMessage: Destroyed live tcp sockets for uids={20278} in 0ms
08-20 23:14:44.776  2419  2491 D QuickstepModelDelegate: notifyAppTargetEvent action=1 launchLocation=
08-20 23:14:44.777  2026 23913 V WindowManagerShell: onTransitionReady(transaction=7022271646065)
08-20 23:14:44.777  2026  2056 V WindowManagerShell: onTransitionReady (#2173) android.os.BinderProxy@b474139: {id=2173 t=CLOSE f=0x10 trk=0 r=[0@Point(0, 0)] c=[{WCT{android.window.IWindowContainerToken$Stub$Proxy@fd6298a} m=TO_FRONT f=SHOW_WALLPAPER|MOVE_TO_TOP leash=Surface(name=Task=1)/@0xe4c537e sb=Rect(0, 0 - 1080, 2400) eb=Rect(0, 0 - 1080, 2400) epz=Point(1080, 2400) d=0 taskParent=-1},{WCT{android.window.IWindowContainerToken$Stub$Proxy@993ebfb} m=CLOSE f=NONE leash=Surface(name=Task=1675)/@0x96420df sb=Rect(0, 0 - 1080, 2400) eb=Rect(0, 0 - 1080, 2400) epz=Point(1080, 2400) d=0 taskParent=-1},{null m=TO_FRONT f=IS_WALLPAPER leash=Surface(name=WallpaperWindowToken{dcc94b6 token=android.os.Binder@5f19578})/@0xd20212c sb=Rect(0, 0 - 1080, 2400) eb=Rect(0, 0 - 1080, 2400) epz=Point(1080, 2400) d=0}]}
08-20 23:14:44.777  2026  2056 V WindowManagerShell: Playing animation for (#2173) android.os.BinderProxy@b474139@0
08-20 23:14:44.777  2026  2056 V WindowManagerShell:  try handler com.android.wm.shell.transition.DefaultMixedHandler@66856ed
08-20 23:14:44.777  2026  2056 V WindowManagerShell:  try handler com.android.wm.shell.keyguard.KeyguardTransitionHandler@d376922
08-20 23:14:44.777  2026  2056 V WindowManagerShell:  try handler com.android.wm.shell.pip.PipTransition@51d17a9
08-20 23:14:44.777  2026  2056 V WindowManagerShell:  try handler com.android.wm.shell.activityembedding.ActivityEmbeddingController@4ec12e
08-20 23:14:44.777  2026  2056 V WindowManagerShell:  try handler com.android.wm.shell.recents.RecentsTransitionHandler@7f874cf
08-20 23:14:44.777  2026  2056 V ShellRecents: RecentsTransitionHandler.startAnimation: no controller found
08-20 23:14:44.777  2026  2056 V WindowManagerShell:  try handler com.android.wm.shell.splitscreen.StageCoordinator@f7afe5c
08-20 23:14:44.777  2026  2056 V WindowManagerShell:  try handler com.android.wm.shell.back.BackAnimationController$BackTransitionHandler@8068565
08-20 23:14:44.777  2026  2056 V WindowManagerShell:  try handler com.android.wm.shell.transition.RemoteTransitionHandler@889c23a
08-20 23:14:44.777  2026  2056 V WindowManagerShell: Transition doesn't have explicit remote, search filters for match for {id=2173 t=CLOSE f=0x10 trk=0 r=[0@Point(0, 0)] c=[{WCT{android.window.IWindowContainerToken$Stub$Proxy@fd6298a} m=TO_FRONT f=SHOW_WALLPAPER|MOVE_TO_TOP leash=Surface(name=Task=1)/@0xe4c537e sb=Rect(0, 0 - 1080, 2400) eb=Rect(0, 0 - 1080, 2400) epz=Point(1080, 2400) d=0 taskParent=-1},{WCT{android.window.IWindowContainerToken$Stub$Proxy@993ebfb} m=CLOSE f=NONE leash=Surface(name=Task=1675)/@0x96420df sb=Rect(0, 0 - 1080, 2400) eb=Rect(0, 0 - 1080, 2400) epz=Point(1080, 2400) d=0 taskParent=-1},{null m=TO_FRONT f=IS_WALLPAPER leash=Surface(name=WallpaperWindowToken{dcc94b6 token=android.os.Binder@5f19578})/@0xd20212c sb=Rect(0, 0 - 1080, 2400) eb=Rect(0, 0 - 1080, 2400) epz=Point(1080, 2400) d=0}]}
08-20 23:14:44.777  2026  2056 V WindowManagerShell:  Checking filter Pair{{types=[] flags=0x0] notFlags=0x0 checks=[{atype=undefined independent=true modes=[CLOSE,TO_BACK] flags=IN_TASK_WITH_EMBEDDED_ACTIVITY mustBeTask=false order=ANY topActivity=null launchCookie=null taskFragmentToken=android.os.BinderProxy@eb18eeb}]} RemoteTransition { remoteTransition = android.window.IRemoteTransition$Stub$Proxy@fe7a448, appThread = android.app.IApplicationThread$Stub$Proxy@15f12e1, debugName = overlayBackTransition }}
08-20 23:14:44.777  2026  2056 V WindowManagerShell:  Checking filter Pair{{types=[] flags=0x0] notFlags=0x0 checks=[{atype=dream independent=true modes=[OPEN,TO_FRONT] flags=NONE mustBeTask=false order=ANY topActivity=null launchCookie=null},{atype=home independent=true modes=[CLOSE,TO_BACK] flags=NONE mustBeTask=false order=ANY topActivity=null launchCookie=null}]} RemoteTransition { remoteTransition = android.window.IRemoteTransition$Stub$Proxy@841c806, appThread = android.app.IApplicationThread$Stub$Proxy@9982ec7, debugName = LauncherToDream }}
08-20 23:14:44.777  2026  2056 V WindowManagerShell:  Checking filter Pair{{types=[] flags=0x0] notFlags=0x100 checks=[{atype=home independent=true modes=[OPEN,TO_FRONT] flags=NONE mustBeTask=false order=TOP topActivity=ComponentInfo{com.google.android.apps.nexuslauncher/com.google.android.apps.nexuslauncher.NexusLauncherActivity} launchCookie=null},{atype=standard independent=true modes=[CLOSE,TO_BACK] flags=NONE mustBeTask=false order=ANY topActivity=null launchCookie=null},{NOT atype=undefined independent=true modes=[] flags=NONE mustBeTask=true order=ANY topActivity=null launchCookie=null customAnim=true}]} RemoteTransition { remoteTransition = android.window.IRemoteTransition$Stub$Proxy@8f6bcf4, appThread = android.app.IApplicationThread$Stub$Proxy@758fc1d, debugName = QuickstepLaunchHome }}
08-20 23:14:44.777  2026  2056 D RemoteTransitionHandler: Found filterPair{{types=[] flags=0x0] notFlags=0x100 checks=[{atype=home independent=true modes=[OPEN,TO_FRONT] flags=NONE mustBeTask=false order=TOP topActivity=ComponentInfo{com.google.android.apps.nexuslauncher/com.google.android.apps.nexuslauncher.NexusLauncherActivity} launchCookie=null},{atype=standard independent=true modes=[CLOSE,TO_BACK] flags=NONE mustBeTask=false order=ANY topActivity=null launchCookie=null},{NOT atype=undefined independent=true modes=[] flags=NONE mustBeTask=true order=ANY topActivity=null launchCookie=null customAnim=true}]} RemoteTransition { remoteTransition = android.window.IRemoteTransition$Stub$Proxy@8f6bcf4, appThread = android.app.IApplicationThread$Stub$Proxy@758fc1d, debugName = QuickstepLaunchHome }}
08-20 23:14:44.777  2026  2056 V WindowManagerShell:  Delegate animation for (#2173) to RemoteTransition { remoteTransition = android.window.IRemoteTransition$Stub$Proxy@8f6bcf4, appThread = android.app.IApplicationThread$Stub$Proxy@758fc1d, debugName = QuickstepLaunchHome }
08-20 23:14:44.779  2419  2419 D b/311077782: LauncherAnimationRunner.setAnimation
08-20 23:14:44.780  2419  2989 E FrameEvents: addRelease: Did not find frame.
08-20 23:14:44.784  2777  3256 I AiAiEcho: (REDACTED) Predicting[%d]: %s
08-20 23:14:44.784  2777  3256 I AiAiEcho: (REDACTED) EchoTargets: %s
08-20 23:14:44.784  2777  3256 I AiAiEcho: Filtered by AiAi flag check: %s
08-20 23:14:44.784  2777  3256 I AiAiEcho: (REDACTED) Ranked targets strategy: %s, count: %d, ranking metadata: %s
08-20 23:14:44.784  2777  3256 I AiAiEcho: #remoteViewsTwiddler: feature disabled.
08-20 23:14:44.785  2777  3256 I AiAiEcho: (REDACTED) #postPredictionTargets: Sending updates to UISurface %s with targets# %s (types=[%s])
08-20 23:14:44.787  1635  1716 V WindowManager: Sent Transition (#2173) createdAt=08-20 23:14:44.748 via request=TransitionRequestInfo { type = CLOSE, triggerTask = null, pipTask = null, remoteTransition = null, displayChange = null, flags = 10, debugId = 2173 }
08-20 23:14:44.787  1635  1716 V WindowManager:     startWCT=WindowContainerTransaction { changes = {} hops = [] errorCallbackToken=null taskFragmentOrganizer=null }
08-20 23:14:44.787  1635  1716 V WindowManager:     info={id=2173 t=CLOSE f=0x10 trk=0 r=[0@Point(0, 0)] c=[
08-20 23:14:44.787  1635  1716 V WindowManager:         {WCT{RemoteToken{33b0691 Task{52b1fdc #1 type=home isResizeable=true minWidth=-1 minHeight=-1}}} m=TO_FRONT f=SHOW_WALLPAPER|MOVE_TO_TOP leash=Surface(name=Task=1)/@0x8c195dc sb=Rect(0, 0 - 1080, 2400) eb=Rect(0, 0 - 1080, 2400) epz=Point(1080, 2400) d=0 taskParent=-1},
08-20 23:14:44.787  1635  1716 V WindowManager:         {WCT{RemoteToken{23424b Task{25b3836 #1675 type=standard A=10278:com.example.minimikudancemaui isResizeable=true minWidth=-1 minHeight=-1}}} m=CLOSE f=NONE leash=Surface(name=Task=1675)/@0xb4e71c5 sb=Rect(0, 0 - 1080, 2400) eb=Rect(0, 0 - 1080, 2400) epz=Point(1080, 2400) d=0 taskParent=-1},
08-20 23:14:44.787  1635  1716 V WindowManager:         {null m=TO_FRONT f=IS_WALLPAPER leash=Surface(name=WallpaperWindowToken{dcc94b6 token=android.os.Binder@5f19578})/@0xd52acae sb=Rect(0, 0 - 1080, 2400) eb=Rect(0, 0 - 1080, 2400) epz=Point(1080, 2400) d=0}
08-20 23:14:44.787  1635  1716 V WindowManager:     ]}
08-20 23:14:44.790  2026  2056 V WindowManagerShell:  animated by com.android.wm.shell.transition.RemoteTransitionHandler@889c23a
08-20 23:14:44.792  1635  1816 W UserManagerService: Requested status bar icon for non-badged user 0
08-20 23:14:44.796   545   605 W hwc-libdisplaycolor: GetRrRegammaForRange: no match found (op_hz, hz, dbv, range_id)=(60,60,362,10)
08-20 23:14:44.798  1058  1058 W IPCThreadState: Sending oneway calls to frozen process.
08-20 23:14:44.810   541   541 E SurfaceFlinger: Out of order buffers detected for RequestedLayerState{com.google.android.apps.nexuslauncher/com.google.android.apps.nexuslauncher.NexusLauncherActivity#32170 parentId=102} producedId=1032 frameNumber=86 -> producedId=1032 frameNumber=2
08-20 23:14:44.812  2026  2078 W WindowOnBackDispatcher: sendCancelIfRunning: isInProgress=false callback=android.view.ViewRootImpl$$ExternalSyntheticLambda11@edc7882
08-20 23:14:44.812  1635  3253 D CoreBackPreview: Window{12c2bd3 u0 Splash Screen com.example.minimikudancemaui EXITING}: Setting back callback null
08-20 23:14:44.813   545   677 W hwc-libdisplaycolor: GetRrRegammaForRange: no match found (op_hz, hz, dbv, range_id)=(60,60,362,10)
08-20 23:14:44.813  1635  1852 I ImeTracker: com.google.android.apps.nexuslauncher:da5325a6: onRequestHide at ORIGIN_SERVER reason HIDE_SAME_WINDOW_FOCUSED_WITHOUT_EDITOR fromUser false
08-20 23:14:44.813  1635  1852 I ImeTracker: com.google.android.apps.nexuslauncher:da5325a6: onCancelled at PHASE_SERVER_SHOULD_HIDE
08-20 23:14:44.818  5848  5848 I GoogleInputMethodService: GoogleInputMethodService.onFinishInput():3122 
08-20 23:14:44.819  5848  5848 I GoogleInputMethodService: GoogleInputMethodService.updateDeviceLockedStatus():2193 repeatCheckTimes = 0, locked = false
08-20 23:14:44.819  5848  5848 I GoogleInputMethodService: GoogleInputMethodService.onStartInput():1937 onStartInput(EditorInfo{EditorInfo{packageName=com.google.android.apps.nexuslauncher, inputType=0, inputTypeString=NULL, enableLearning=false, autoCorrection=false, autoComplete=false, imeOptions=0, privateImeOptions=null, actionName=UNSPECIFIED, actionLabel=null, initialSelStart=-1, initialSelEnd=-1, initialCapsMode=0, label=null, fieldId=0, fieldName=null, extras=null, hintText=null, hintLocales=[]}}, false)
08-20 23:14:44.819  5848  5848 I GoogleInputMethodService: GoogleInputMethodService.updateDeviceLockedStatus():2193 repeatCheckTimes = 1, locked = false
08-20 23:14:44.820  5848  5848 I AndroidIME: InputBundleManager.loadActiveInputBundleId():450 loadActiveInputBundleId: und-Latn-x-password-ascii, password_ascii
08-20 23:14:44.820  1635  3253 W PackageConfigPersister: App-specific configuration not found for packageName: com.google.android.apps.nexuslauncher and userId: 0
08-20 23:14:44.827   541   541 E SurfaceFlinger: Out of order buffers detected for RequestedLayerState{com.google.android.apps.nexuslauncher/com.google.android.apps.nexuslauncher.NexusLauncherActivity#32170 parentId=102} producedId=1032 frameNumber=86 -> producedId=1032 frameNumber=3
08-20 23:14:44.844   541   541 E SurfaceFlinger: Out of order buffers detected for RequestedLayerState{com.google.android.apps.nexuslauncher/com.google.android.apps.nexuslauncher.NexusLauncherActivity#32170 parentId=102} producedId=1032 frameNumber=86 -> producedId=1032 frameNumber=4
08-20 23:14:44.860   541   541 E SurfaceFlinger: Out of order buffers detected for RequestedLayerState{com.google.android.apps.nexuslauncher/com.google.android.apps.nexuslauncher.NexusLauncherActivity#32170 parentId=102} producedId=1032 frameNumber=86 -> producedId=1032 frameNumber=5
08-20 23:14:44.878   541   541 E SurfaceFlinger: Out of order buffers detected for RequestedLayerState{com.google.android.apps.nexuslauncher/com.google.android.apps.nexuslauncher.NexusLauncherActivity#32170 parentId=102} producedId=1032 frameNumber=86 -> producedId=1032 frameNumber=6
08-20 23:14:44.894   541   541 E SurfaceFlinger: Out of order buffers detected for RequestedLayerState{com.google.android.apps.nexuslauncher/com.google.android.apps.nexuslauncher.NexusLauncherActivity#32170 parentId=102} producedId=1032 frameNumber=86 -> producedId=1032 frameNumber=7
08-20 23:14:44.911   541   541 E SurfaceFlinger: Out of order buffers detected for RequestedLayerState{com.google.android.apps.nexuslauncher/com.google.android.apps.nexuslauncher.NexusLauncherActivity#32170 parentId=102} producedId=1032 frameNumber=86 -> producedId=1032 frameNumber=8
08-20 23:14:44.928   541   541 E SurfaceFlinger: Out of order buffers detected for RequestedLayerState{com.google.android.apps.nexuslauncher/com.google.android.apps.nexuslauncher.NexusLauncherActivity#32170 parentId=102} producedId=1032 frameNumber=86 -> producedId=1032 frameNumber=9
08-20 23:14:44.945   541   541 E SurfaceFlinger: Out of order buffers detected for RequestedLayerState{com.google.android.apps.nexuslauncher/com.google.android.apps.nexuslauncher.NexusLauncherActivity#32170 parentId=102} producedId=1032 frameNumber=86 -> producedId=1032 frameNumber=10
08-20 23:14:44.962   541   541 E SurfaceFlinger: Out of order buffers detected for RequestedLayerState{com.google.android.apps.nexuslauncher/com.google.android.apps.nexuslauncher.NexusLauncherActivity#32170 parentId=102} producedId=1032 frameNumber=86 -> producedId=1032 frameNumber=11
08-20 23:14:44.978   541   541 E SurfaceFlinger: Out of order buffers detected for RequestedLayerState{com.google.android.apps.nexuslauncher/com.google.android.apps.nexuslauncher.NexusLauncherActivity#32170 parentId=102} producedId=1032 frameNumber=86 -> producedId=1032 frameNumber=12
08-20 23:14:44.995   541   541 E SurfaceFlinger: Out of order buffers detected for RequestedLayerState{com.google.android.apps.nexuslauncher/com.google.android.apps.nexuslauncher.NexusLauncherActivity#32170 parentId=102} producedId=1032 frameNumber=86 -> producedId=1032 frameNumber=13
08-20 23:14:45.012   541   541 E SurfaceFlinger: Out of order buffers detected for RequestedLayerState{com.google.android.apps.nexuslauncher/com.google.android.apps.nexuslauncher.NexusLauncherActivity#32170 parentId=102} producedId=1032 frameNumber=86 -> producedId=1032 frameNumber=14
08-20 23:14:45.029   541   541 E SurfaceFlinger: Out of order buffers detected for RequestedLayerState{com.google.android.apps.nexuslauncher/com.google.android.apps.nexuslauncher.NexusLauncherActivity#32170 parentId=102} producedId=1032 frameNumber=86 -> producedId=1032 frameNumber=15
08-20 23:14:45.046   541   541 E SurfaceFlinger: Out of order buffers detected for RequestedLayerState{com.google.android.apps.nexuslauncher/com.google.android.apps.nexuslauncher.NexusLauncherActivity#32170 parentId=102} producedId=1032 frameNumber=86 -> producedId=1032 frameNumber=16
08-20 23:14:45.063   541   541 E SurfaceFlinger: Out of order buffers detected for RequestedLayerState{com.google.android.apps.nexuslauncher/com.google.android.apps.nexuslauncher.NexusLauncherActivity#32170 parentId=102} producedId=1032 frameNumber=86 -> producedId=1032 frameNumber=17
08-20 23:14:45.079   541   541 E SurfaceFlinger: Out of order buffers detected for RequestedLayerState{com.google.android.apps.nexuslauncher/com.google.android.apps.nexuslauncher.NexusLauncherActivity#32170 parentId=102} producedId=1032 frameNumber=86 -> producedId=1032 frameNumber=18
08-20 23:14:45.081  2419  2419 D SsBaseTemplateCard: No text view can be set up
08-20 23:14:45.081  2419  2419 D SsBaseTemplateCard: Passed-in item info is null
08-20 23:14:45.081  2419  2419 D SsBaseTemplateCard: Passed-in item info is null
08-20 23:14:45.081  2419  2419 D SsBaseTemplateCard: Passed-in item info is null
08-20 23:14:45.081  2419  2419 I SsBaseTemplateCard: Secondary card pane is null
08-20 23:14:45.082  2026  2056 V WindowManagerShell: Transition animation finished (aborted=false), notifying core (#2173) android.os.BinderProxy@b474139@0
08-20 23:14:45.084  1635  1716 V WindowManager: Finish Transition (#2173): created at 08-20 23:14:44.748 collect-started=0.031ms request-sent=0.041ms started=2.24ms ready=25.661ms sent=27.712ms finished=335.594ms
08-20 23:14:45.088  2026  2056 V WindowManagerShell: Track 0 became idle
08-20 23:14:45.088  2026  2056 V WindowManagerShell: All active transition animations finished
08-20 23:14:45.091  1635  3253 W UserManagerService: Requested status bar icon for non-badged user 0
08-20 23:14:45.093  1635  3253 W UserManagerService: Requested status bar icon for non-badged user 0
08-20 23:14:45.093  2419  2419 D RecentsView: onTaskRemoved: 1675, not handling task stack changes
08-20 23:14:45.093  2419  2419 D RecentsView: onTaskRemoved: 1675, not handling task stack changes
08-20 23:14:45.097   541   541 E SurfaceFlinger: Out of order buffers detected for RequestedLayerState{com.google.android.apps.nexuslauncher/com.google.android.apps.nexuslauncher.NexusLauncherActivity#32170 parentId=102} producedId=1032 frameNumber=86 -> producedId=1032 frameNumber=19
08-20 23:14:45.113   541   541 E SurfaceFlinger: Out of order buffers detected for RequestedLayerState{com.google.android.apps.nexuslauncher/com.google.android.apps.nexuslauncher.NexusLauncherActivity#32170 parentId=102} producedId=1032 frameNumber=86 -> producedId=1032 frameNumber=20
08-20 23:14:45.130   541   541 E SurfaceFlinger: Out of order buffers detected for RequestedLayerState{com.google.android.apps.nexuslauncher/com.google.android.apps.nexuslauncher.NexusLauncherActivity#32170 parentId=102} producedId=1032 frameNumber=86 -> producedId=1032 frameNumber=21
08-20 23:14:45.146   541   541 E SurfaceFlinger: Out of order buffers detected for RequestedLayerState{com.google.android.apps.nexuslauncher/com.google.android.apps.nexuslauncher.NexusLauncherActivity#32170 parentId=102} producedId=1032 frameNumber=86 -> producedId=1032 frameNumber=22
08-20 23:14:45.163   541   541 E SurfaceFlinger: Out of order buffers detected for RequestedLayerState{com.google.android.apps.nexuslauncher/com.google.android.apps.nexuslauncher.NexusLauncherActivity#32170 parentId=102} producedId=1032 frameNumber=86 -> producedId=1032 frameNumber=23
08-20 23:14:45.180   541   541 E SurfaceFlinger: Out of order buffers detected for RequestedLayerState{com.google.android.apps.nexuslauncher/com.google.android.apps.nexuslauncher.NexusLauncherActivity#32170 parentId=102} producedId=1032 frameNumber=86 -> producedId=1032 frameNumber=24
08-20 23:14:45.197   541   541 E SurfaceFlinger: Out of order buffers detected for RequestedLayerState{com.google.android.apps.nexuslauncher/com.google.android.apps.nexuslauncher.NexusLauncherActivity#32170 parentId=102} producedId=1032 frameNumber=86 -> producedId=1032 frameNumber=25
08-20 23:14:45.214   541   541 E SurfaceFlinger: Out of order buffers detected for RequestedLayerState{com.google.android.apps.nexuslauncher/com.google.android.apps.nexuslauncher.NexusLauncherActivity#32170 parentId=102} producedId=1032 frameNumber=86 -> producedId=1032 frameNumber=26
08-20 23:14:45.230   541   541 E SurfaceFlinger: Out of order buffers detected for RequestedLayerState{com.google.android.apps.nexuslauncher/com.google.android.apps.nexuslauncher.NexusLauncherActivity#32170 parentId=102} producedId=1032 frameNumber=86 -> producedId=1032 frameNumber=27
08-20 23:14:45.247   541   541 E SurfaceFlinger: Out of order buffers detected for RequestedLayerState{com.google.android.apps.nexuslauncher/com.google.android.apps.nexuslauncher.NexusLauncherActivity#32170 parentId=102} producedId=1032 frameNumber=86 -> producedId=1032 frameNumber=28
08-20 23:14:45.249  1635  1719 W ActivityTaskManager: Activity top resumed state loss timeout for ActivityRecord{a1465d1 u0 com.example.minimikudancemaui/crc642b763ce9c7e2f543.MainActivity t-1 f}}
08-20 23:14:45.264   541   541 E SurfaceFlinger: Out of order buffers detected for RequestedLayerState{com.google.android.apps.nexuslauncher/com.google.android.apps.nexuslauncher.NexusLauncherActivity#32170 parentId=102} producedId=1032 frameNumber=86 -> producedId=1032 frameNumber=29
08-20 23:14:45.435   545   677 W hwc-libdisplaycolor: GetRrRegammaForRange: no match found (op_hz, hz, dbv, range_id)=(60,60,362,10)
