--------- beginning of system
08-20 23:14:28.106  1635  3003 W ActivityTaskManager: callingPackage for (uid=2000, pid=28741) has no WPC
--------- beginning of main
08-20 23:14:28.107  1635  3003 V GrammaticalInflectionUtils: AttributionSource: android.content.AttributionSource@de5ff044 does not have READ_SYSTEM_GRAMMATICAL_GENDER permission.
08-20 23:14:28.107  1635  3003 W OptProp : Cannot read opt property android.window.PROPERTY_COMPAT_ALLOW_RESIZEABLE_ACTIVITY_OVERRIDES
08-20 23:14:28.107  1635  3003 W OptProp : Cannot read opt property android.window.PROPERTY_COMPAT_ALLOW_MIN_ASPECT_RATIO_OVERRIDE
08-20 23:14:28.111  1635  3003 W OptProp : Cannot read opt property android.window.PROPERTY_COMPAT_ALLOW_ORIENTATION_OVERRIDE
08-20 23:14:28.116  1635  3003 I ActivityTaskManager: START u0 {act=android.intent.action.MAIN cat=[android.intent.category.LAUNCHER] flg=0x10000000 cmp=com.example.minimikudancemaui/crc642b763ce9c7e2f543.MainActivity} with LAUNCH_MULTIPLE from uid 2000 (BAL_ALLOW_PERMISSION) result code=0
08-20 23:14:28.117  2026  2056 V WindowManagerShell: Transition requested (#2164): android.os.BinderProxy@2378cbb TransitionRequestInfo { type = OPEN, triggerTask = TaskInfo{userId=0 taskId=1671 effectiveUid=10278 displayId=0 isRunning=true baseIntent=Intent { act=android.intent.action.MAIN cat=[android.intent.category.LAUNCHER] flg=0x10000000 cmp=com.example.minimikudancemaui/crc642b763ce9c7e2f543.MainActivity } baseActivity=ComponentInfo{com.example.minimikudancemaui/crc642b763ce9c7e2f543.MainActivity} topActivity=ComponentInfo{com.example.minimikudancemaui/crc642b763ce9c7e2f543.MainActivity} origActivity=null realActivity=ComponentInfo{com.example.minimikudancemaui/crc642b763ce9c7e2f543.MainActivity} numActivities=1 lastActiveTime=3125256428 supportsMultiWindow=true resizeMode=1 isResizeable=true minWidth=-1 minHeight=-1 defaultMinSize=220 token=WCT{android.window.IWindowContainerToken$Stub$Proxy@22a15d8} topActivityType=1 pictureInPictureParams=null shouldDockBigOverlays=false launchIntoPipHostTaskId=-1 lastParentTaskIdBeforePip=-1 displayCutoutSafeInsets=Rect(0, 121 - 0, 0) topActivityInfo=ActivityInfo{ba34d31 crc642b763ce9c7e2f543.MainActivity} launchCookies=[] positionInParent=Point(0, 0) parentTaskId=-1 isFocused=false isVisible=false isVisibleRequested=false isSleeping=false locusId=null displayAreaFeatureId=1 isTopActivityTransparent=false isTopActivityStyleFloating=false lastNonFullscreenBounds=Rect(277, 689 - 803, 1769) capturedLink=null capturedLinkTimestamp=0 appCompatTaskInfo=AppCompatTaskInfo { topActivityInSizeCompat=false eligibleForLetterboxEducation= false isLetterboxEducationEnabled= false isLetterboxDoubleTapEnabled= false eligibleForUserAspectRatioButton= false topActivityBoundsLetterboxed= false isFromLetterboxDoubleTap= false topActivityLetterboxVerticalPosition= -1 topActivityLetterboxHorizontalPosition= -1 topActivityLetterboxWidth=1080 topActivityLetterboxHeight=2400 topActivityLetterboxAppWidth=1080 topActivityLetterboxAppHeight=2400 isUserFullscreenOverrideEnabled=false isSystemFullscreenOverrideEnabled=false hasMinAspectRatioOverride=false cameraCompatTaskInfo=CameraCompatTaskInfo { freeformCameraCompatMode=inactive}}}, pipTask = null, remoteTransition = null, displayChange = null, flags = 0, debugId = 2164 }
08-20 23:14:28.117  2026  2056 D ShellSplitScreen: logExit: no-op, mLoggerSessionId is null
08-20 23:14:28.118  1635  1719 V GrammaticalInflectionUtils: AttributionSource: android.content.AttributionSource@de5ff044 does not have READ_SYSTEM_GRAMMATICAL_GENDER permission.
08-20 23:14:28.119  2419  2419 W SplitSelectStateCtor: Missing session instanceIds
08-20 23:14:28.119  2419  2419 D StatsLog: LAUNCHER_SPLIT_SELECTION_EXIT_INTERRUPTED
08-20 23:14:28.123  1058  1058 W IPCThreadState: Sending oneway calls to frozen process.
08-20 23:14:28.126   541   541 I BpBinder: onLastStrongRef automatically unlinking death recipients: 
08-20 23:14:28.127   545   677 W hwc-libdisplaycolor: GetRrRegammaForRange: no match found (op_hz, hz, dbv, range_id)=(60,60,362,10)
08-20 23:14:28.131  1635  1719 W ProcessStats: Tracking association SourceState{64052e0 com.android.settings/1000 Service #3474789} whose proc state 8 is better than process ProcessState{8deee45 com.google.android.settings.intelligence/10121 pkg=com.google.android.settings.intelligence} proc state 15 (17 skipped)
08-20 23:14:28.131   840   840 D Zygote  : Forked child process 28744
08-20 23:14:28.132  1635  1730 I ActivityManager: Start proc 28744:com.example.minimikudancemaui/u0a278 for next-top-activity {com.example.minimikudancemaui/crc642b763ce9c7e2f543.MainActivity}
08-20 23:14:28.132  2845  8643 D ForegroundUtils: Foreground UID status:
08-20 23:14:28.132  2845  8643 D ForegroundUtils: UID: 10081 is in foreground: false
08-20 23:14:28.132  2845  8643 D ForegroundUtils: UID: 10092 is in foreground: false
08-20 23:14:28.132  2845  8643 D ForegroundUtils: UID: 10121 is in foreground: true
08-20 23:14:28.132  2845  8643 D ForegroundUtils: UID: 10161 is in foreground: false
08-20 23:14:28.132  2845  8643 D ForegroundUtils: UID: 10169 is in foreground: true
08-20 23:14:28.132  2845  8643 D ForegroundUtils: UID: 10200 is in foreground: false
08-20 23:14:28.132  2845  8643 D ForegroundUtils: UID: 10243 is in foreground: true
08-20 23:14:28.132  2845  8643 D ForegroundUtils: UID: 10245 is in foreground: true
08-20 23:14:28.132  2845  8643 D ForegroundUtils: UID: 10253 is in foreground: true
08-20 23:14:28.134  1635  2192 D CoreBackPreview: Window{c9f0f7 u0 Splash Screen com.example.minimikudancemaui}: Setting back callback OnBackInvokedCallbackInfo{mCallback=android.window.IOnBackInvokedCallback$Stub$Proxy@b5bea82, mPriority=0, mIsAnimationCallback=false}
08-20 23:14:28.141  1635  1716 V WindowManager: Sent Transition (#2164) createdAt=08-20 23:14:28.108 via request=TransitionRequestInfo { type = OPEN, triggerTask = TaskInfo{userId=0 taskId=1671 effectiveUid=10278 displayId=0 isRunning=true baseIntent=Intent { act=android.intent.action.MAIN cat=[android.intent.category.LAUNCHER] flg=0x10000000 cmp=com.example.minimikudancemaui/crc642b763ce9c7e2f543.MainActivity } baseActivity=ComponentInfo{com.example.minimikudancemaui/crc642b763ce9c7e2f543.MainActivity} topActivity=ComponentInfo{com.example.minimikudancemaui/crc642b763ce9c7e2f543.MainActivity} origActivity=null realActivity=ComponentInfo{com.example.minimikudancemaui/crc642b763ce9c7e2f543.MainActivity} numActivities=1 lastActiveTime=3125256428 supportsMultiWindow=true resizeMode=1 isResizeable=true minWidth=-1 minHeight=-1 defaultMinSize=220 token=WCT{RemoteToken{b26dc9 Task{93daecc #1671 type=standard A=10278:com.example.minimikudancemaui isResizeable=true minWidth=-1 minHeight=-1}}} topActivityType=1 pictureInPictureParams=null shouldDockBigOverlays=false launchIntoPipHostTaskId=-1 lastParentTaskIdBeforePip=-1 displayCutoutSafeInsets=Rect(0, 121 - 0, 0) topActivityInfo=ActivityInfo{e4807ef crc642b763ce9c7e2f543.MainActivity} launchCookies=[] positionInParent=Point(0, 0) parentTaskId=-1 isFocused=false isVisible=false isVisibleRequested=false isSleeping=false locusId=null displayAreaFeatureId=1 isTopActivityTransparent=false isTopActivityStyleFloating=false lastNonFullscreenBounds=Rect(277, 689 - 803, 1769) capturedLink=null capturedLinkTimestamp=0 appCompatTaskInfo=AppCompatTaskInfo { topActivityInSizeCompat=false eligibleForLetterboxEducation= false isLetterboxEducationEnabled= false isLetterboxDoubleTapEnabled= false eligibleForUserAspectRatioButton= false topActivityBoundsLetterboxed= false isFromLetterboxDoubleTap= false topActivityLetterboxVerticalPosition= -1 topActivityLetterboxHorizontalPosition= -1 topActivityLetterboxWidth=1080 topActivityLetterboxHeight=2400 topActivityLetterboxAppWidth=1080 topActivityLetterboxAppHeight=2400 isUserFullscreenOverrideEnabled=false isSystemFullscreenOverrideEnabled=false hasMinAspectRatioOverride=false cameraCompatTaskInfo=CameraCompatTaskInfo { freeformCameraCompatMode=inactive}}}, pipTask = null, remoteTransition = null, displayChange = null, flags = 0, debugId = 2164 }
08-20 23:14:28.141  1635  1716 V WindowManager:     startWCT=WindowContainerTransaction { changes = {} hops = [] errorCallbackToken=null taskFragmentOrganizer=null }
08-20 23:14:28.141  2026 24356 V WindowManagerShell: onTransitionReady(transaction=7022271645813)
08-20 23:14:28.141  1635  1716 V WindowManager:     info={id=2164 t=OPEN f=0x0 trk=0 r=[0@Point(0, 0)] c=[
08-20 23:14:28.141  1635  1716 V WindowManager:         {WCT{RemoteToken{b26dc9 Task{93daecc #1671 type=standard A=10278:com.example.minimikudancemaui isResizeable=true minWidth=-1 minHeight=-1}}} m=OPEN f=NONE leash=Surface(name=Task=1671)/@0xa22a593 sb=Rect(0, 0 - 1080, 2400) eb=Rect(0, 0 - 1080, 2400) epz=Point(1080, 2400) d=0 taskParent=-1},
08-20 23:14:28.141  1635  1716 V WindowManager:         {WCT{RemoteToken{33b0691 Task{52b1fdc #1 type=home isResizeable=true minWidth=-1 minHeight=-1}}} m=TO_BACK f=SHOW_WALLPAPER leash=Surface(name=Task=1)/@0x8c195dc sb=Rect(0, 0 - 1080, 2400) eb=Rect(0, 0 - 1080, 2400) epz=Point(1080, 2400) d=0 taskParent=-1}
08-20 23:14:28.141  1635  1716 V WindowManager:     ]}
08-20 23:14:28.141  2026  2056 V WindowManagerShell: onTransitionReady (#2164) android.os.BinderProxy@2378cbb: {id=2164 t=OPEN f=0x0 trk=0 r=[0@Point(0, 0)] c=[{WCT{android.window.IWindowContainerToken$Stub$Proxy@b2abb25} m=OPEN f=NONE leash=Surface(name=Task=1671)/@0x90577ee sb=Rect(0, 0 - 1080, 2400) eb=Rect(0, 0 - 1080, 2400) epz=Point(1080, 2400) d=0 taskParent=-1},{WCT{android.window.IWindowContainerToken$Stub$Proxy@9d524fa} m=TO_BACK f=SHOW_WALLPAPER leash=Surface(name=Task=1)/@0x1f2c48f sb=Rect(0, 0 - 1080, 2400) eb=Rect(0, 0 - 1080, 2400) epz=Point(1080, 2400) d=0 taskParent=-1}]}
08-20 23:14:28.141  2026  2056 V WindowManagerShell: Playing animation for (#2164) android.os.BinderProxy@2378cbb@0
08-20 23:14:28.141  2026  2056 V WindowManagerShell:  try handler com.android.wm.shell.transition.DefaultMixedHandler@66856ed
08-20 23:14:28.141  2026  2056 V WindowManagerShell:  try handler com.android.wm.shell.keyguard.KeyguardTransitionHandler@d376922
08-20 23:14:28.141  2026  2056 V WindowManagerShell:  try handler com.android.wm.shell.pip.PipTransition@51d17a9
08-20 23:14:28.141  2026  2056 V WindowManagerShell:  try handler com.android.wm.shell.activityembedding.ActivityEmbeddingController@4ec12e
08-20 23:14:28.141  2026  2056 V WindowManagerShell:  try handler com.android.wm.shell.recents.RecentsTransitionHandler@7f874cf
08-20 23:14:28.141  2026  2056 V ShellRecents: RecentsTransitionHandler.startAnimation: no controller found
08-20 23:14:28.141  2026  2056 V WindowManagerShell:  try handler com.android.wm.shell.splitscreen.StageCoordinator@f7afe5c
08-20 23:14:28.141  2026  2056 V WindowManagerShell:  try handler com.android.wm.shell.back.BackAnimationController$BackTransitionHandler@8068565
08-20 23:14:28.141  2026  2056 V WindowManagerShell:  try handler com.android.wm.shell.transition.RemoteTransitionHandler@889c23a
08-20 23:14:28.142  2026  2056 V WindowManagerShell: Transition doesn't have explicit remote, search filters for match for {id=2164 t=OPEN f=0x0 trk=0 r=[0@Point(0, 0)] c=[{WCT{android.window.IWindowContainerToken$Stub$Proxy@b2abb25} m=OPEN f=NONE leash=Surface(name=Task=1671)/@0x90577ee sb=Rect(0, 0 - 1080, 2400) eb=Rect(0, 0 - 1080, 2400) epz=Point(1080, 2400) d=0 taskParent=-1},{WCT{android.window.IWindowContainerToken$Stub$Proxy@9d524fa} m=TO_BACK f=SHOW_WALLPAPER leash=Surface(name=Task=1)/@0x1f2c48f sb=Rect(0, 0 - 1080, 2400) eb=Rect(0, 0 - 1080, 2400) epz=Point(1080, 2400) d=0 taskParent=-1}]}
08-20 23:14:28.142  2026  2056 V WindowManagerShell:  Checking filter Pair{{types=[] flags=0x0] notFlags=0x0 checks=[{atype=undefined independent=true modes=[CLOSE,TO_BACK] flags=IN_TASK_WITH_EMBEDDED_ACTIVITY mustBeTask=false order=ANY topActivity=null launchCookie=null taskFragmentToken=android.os.BinderProxy@eb18eeb}]} RemoteTransition { remoteTransition = android.window.IRemoteTransition$Stub$Proxy@fe7a448, appThread = android.app.IApplicationThread$Stub$Proxy@15f12e1, debugName = overlayBackTransition }}
08-20 23:14:28.142  2026  2056 V WindowManagerShell:  Checking filter Pair{{types=[] flags=0x0] notFlags=0x0 checks=[{atype=dream independent=true modes=[OPEN,TO_FRONT] flags=NONE mustBeTask=false order=ANY topActivity=null launchCookie=null},{atype=home independent=true modes=[CLOSE,TO_BACK] flags=NONE mustBeTask=false order=ANY topActivity=null launchCookie=null}]} RemoteTransition { remoteTransition = android.window.IRemoteTransition$Stub$Proxy@841c806, appThread = android.app.IApplicationThread$Stub$Proxy@9982ec7, debugName = LauncherToDream }}
08-20 23:14:28.142  2026  2056 V WindowManagerShell:  Checking filter Pair{{types=[] flags=0x0] notFlags=0x100 checks=[{atype=home independent=true modes=[OPEN,TO_FRONT] flags=NONE mustBeTask=false order=TOP topActivity=ComponentInfo{com.google.android.apps.nexuslauncher/com.google.android.apps.nexuslauncher.NexusLauncherActivity} launchCookie=null},{atype=standard independent=true modes=[CLOSE,TO_BACK] flags=NONE mustBeTask=false order=ANY topActivity=null launchCookie=null},{NOT atype=undefined independent=true modes=[] flags=NONE mustBeTask=true order=ANY topActivity=null launchCookie=null customAnim=true}]} RemoteTransition { remoteTransition = android.window.IRemoteTransition$Stub$Proxy@8f6bcf4, appThread = android.app.IApplicationThread$Stub$Proxy@758fc1d, debugName = QuickstepLaunchHome }}
08-20 23:14:28.142  2026  2056 V WindowManagerShell:  Delegate animation for (#2164) to null
08-20 23:14:28.142  2026  2056 V WindowManagerShell:  try handler com.android.wm.shell.transition.DefaultTransitionHandler@9225e92
08-20 23:14:28.142  2026  2056 V WindowManagerShell: start default transition animation, info = {id=2164 t=OPEN f=0x0 trk=0 r=[0@Point(0, 0)] c=[{WCT{android.window.IWindowContainerToken$Stub$Proxy@b2abb25} m=OPEN f=NONE leash=Surface(name=Task=1671)/@0x90577ee sb=Rect(0, 0 - 1080, 2400) eb=Rect(0, 0 - 1080, 2400) epz=Point(1080, 2400) d=0 taskParent=-1},{WCT{android.window.IWindowContainerToken$Stub$Proxy@9d524fa} m=TO_BACK f=SHOW_WALLPAPER leash=Surface(name=Task=1)/@0x1f2c48f sb=Rect(0, 0 - 1080, 2400) eb=Rect(0, 0 - 1080, 2400) epz=Point(1080, 2400) d=0 taskParent=-1}]}
08-20 23:14:28.142  2026  2056 V WindowManagerShell: loadAnimation: anim=android.view.animation.AnimationSet@ebaa508 animAttr=0x13 type=OPEN isEntrance=false
08-20 23:14:28.142  2026  2056 V WindowManagerShell: loadAnimation: anim=android.view.animation.AnimationSet@6d909b4 animAttr=0x12 type=OPEN isEntrance=true
08-20 23:14:28.142  2026  2056 V WindowManagerShell:  animated by com.android.wm.shell.transition.DefaultTransitionHandler@9225e92
08-20 23:14:28.144   545   677 W hwc-libdisplaycolor: GetRrRegammaForRange: no match found (op_hz, hz, dbv, range_id)=(60,60,362,10)
08-20 23:14:28.145  1635  2192 W UserManagerService: Requested status bar icon for non-badged user 0
08-20 23:14:28.146 28744 28744 I nimikudancemaui: Late-enabling -Xcheck:jni
08-20 23:14:28.159 28744 28744 I nimikudancemaui: Using CollectorTypeCMC GC.
08-20 23:14:28.162  1135  1212 I adbd    : jdwp connection from 28744
08-20 23:14:28.165 28744 28744 D nativeloader: Load libframework-connectivity-tiramisu-jni.so using APEX ns com_android_tethering for caller /apex/com.android.tethering/javalib/framework-connectivity-t.jar: ok
08-20 23:14:28.172  1635  2192 W com.android.internal.protolog.LogcatOnlyProtoLogImpl: ProtoLog message not processed. Failed to log it to proto. Logging it below to logcat instead.
08-20 23:14:28.172  1635  2192 V WindowManager: Binding proc com.example.minimikudancemaui with config {1.0 ?mcc0mnc [ja_JP,en_US] ldltr sw411dp w411dp h914dp 420dpi nrml long hdr widecg port night finger -keyb/v/h -nav/h winConfig={ mBounds=Rect(0, 0 - 1080, 2400) mAppBounds=Rect(0, 0 - 1080, 2400) mMaxBounds=Rect(0, 0 - 1080, 2400) mDisplayRotation=ROTATION_0 mWindowingMode=fullscreen mActivityType=undefined mAlwaysOnTop=undefined mRotation=ROTATION_0} s.147 fontWeightAdjustment=0}
08-20 23:14:28.173  2845  8643 D ForegroundUtils: Foreground UID status:
08-20 23:14:28.173  2845  8643 D ForegroundUtils: UID: 10081 is in foreground: false
08-20 23:14:28.173  2845  8643 D ForegroundUtils: UID: 10092 is in foreground: false
08-20 23:14:28.173  2845  8643 D ForegroundUtils: UID: 10121 is in foreground: true
08-20 23:14:28.173  2845  8643 D ForegroundUtils: UID: 10161 is in foreground: false
08-20 23:14:28.173  2845  8643 D ForegroundUtils: UID: 10169 is in foreground: true
08-20 23:14:28.173  2845  8643 D ForegroundUtils: UID: 10200 is in foreground: false
08-20 23:14:28.173  2845  8643 D ForegroundUtils: UID: 10243 is in foreground: true
08-20 23:14:28.173  2845  8643 D ForegroundUtils: UID: 10245 is in foreground: true
08-20 23:14:28.173  2845  8643 D ForegroundUtils: UID: 10253 is in foreground: true
08-20 23:14:28.173  2845  8643 D ForegroundUtils: UID: 10278 is in foreground: true
08-20 23:14:28.176   541   541 E SurfaceFlinger: Out of order buffers detected for RequestedLayerState{com.google.android.apps.nexuslauncher/com.google.android.apps.nexuslauncher.NexusLauncherActivity#32170 parentId=102} producedId=1027 frameNumber=86 -> producedId=1027 frameNumber=34
08-20 23:14:28.179   545   677 W hwc-libdisplaycolor: GetRrRegammaForRange: no match found (op_hz, hz, dbv, range_id)=(60,60,362,10)
08-20 23:14:28.189 28744 28744 D ApplicationLoaders: Returning zygote-cached class loader: /system_ext/framework/androidx.window.extensions.jar
08-20 23:14:28.189 28744 28744 D ApplicationLoaders: Returning zygote-cached class loader: /system_ext/framework/androidx.window.sidecar.jar
08-20 23:14:28.189 28744 28744 W ziparchive: Unable to open '/data/app/~~RlGiyNi17UBih94U1ezgMw==/com.example.minimikudancemaui-v1R0tgUjYYQ10ekZwboCWg==/base.dm': No such file or directory
08-20 23:14:28.189 28744 28744 W ziparchive: Unable to open '/data/app/~~RlGiyNi17UBih94U1ezgMw==/com.example.minimikudancemaui-v1R0tgUjYYQ10ekZwboCWg==/base.dm': No such file or directory
08-20 23:14:28.193   541   541 E SurfaceFlinger: Out of order buffers detected for RequestedLayerState{com.google.android.apps.nexuslauncher/com.google.android.apps.nexuslauncher.NexusLauncherActivity#32170 parentId=102} producedId=1027 frameNumber=86 -> producedId=1027 frameNumber=35
08-20 23:14:28.195   545   677 W hwc-libdisplaycolor: GetRrRegammaForRange: no match found (op_hz, hz, dbv, range_id)=(60,60,362,10)
08-20 23:14:28.210   541   541 E SurfaceFlinger: Out of order buffers detected for RequestedLayerState{com.google.android.apps.nexuslauncher/com.google.android.apps.nexuslauncher.NexusLauncherActivity#32170 parentId=102} producedId=1027 frameNumber=86 -> producedId=1027 frameNumber=36
08-20 23:14:28.227   541   541 E SurfaceFlinger: Out of order buffers detected for RequestedLayerState{com.google.android.apps.nexuslauncher/com.google.android.apps.nexuslauncher.NexusLauncherActivity#32170 parentId=102} producedId=1027 frameNumber=86 -> producedId=1027 frameNumber=37
08-20 23:14:28.244   541   541 E SurfaceFlinger: Out of order buffers detected for RequestedLayerState{com.google.android.apps.nexuslauncher/com.google.android.apps.nexuslauncher.NexusLauncherActivity#32170 parentId=102} producedId=1027 frameNumber=86 -> producedId=1027 frameNumber=38
08-20 23:14:28.261   541   541 E SurfaceFlinger: Out of order buffers detected for RequestedLayerState{com.google.android.apps.nexuslauncher/com.google.android.apps.nexuslauncher.NexusLauncherActivity#32170 parentId=102} producedId=1027 frameNumber=86 -> producedId=1027 frameNumber=39
08-20 23:14:28.278   541   541 E SurfaceFlinger: Out of order buffers detected for RequestedLayerState{com.google.android.apps.nexuslauncher/com.google.android.apps.nexuslauncher.NexusLauncherActivity#32170 parentId=102} producedId=1027 frameNumber=86 -> producedId=1027 frameNumber=40
08-20 23:14:28.287 28744 28744 D nativeloader: Configuring clns-7 for other apk /data/app/~~RlGiyNi17UBih94U1ezgMw==/com.example.minimikudancemaui-v1R0tgUjYYQ10ekZwboCWg==/base.apk. target_sdk_version=35, uses_libraries=, library_path=/data/app/~~RlGiyNi17UBih94U1ezgMw==/com.example.minimikudancemaui-v1R0tgUjYYQ10ekZwboCWg==/lib/arm64:/data/app/~~RlGiyNi17UBih94U1ezgMw==/com.example.minimikudancemaui-v1R0tgUjYYQ10ekZwboCWg==/base.apk!/lib/arm64-v8a, permitted_path=/data:/mnt/expand:/data/user/0/com.example.minimikudancemaui
08-20 23:14:28.288 28744 28744 D CompatChangeReporter: Compat change id reported: 202956589; UID 10278; state: ENABLED
08-20 23:14:28.297 28744 28744 V GraphicsEnvironment: Currently set values for:
08-20 23:14:28.297 28744 28744 V GraphicsEnvironment:   angle_gl_driver_selection_pkgs=[com.android.angle, com.linecorp.b612.android, com.campmobile.snow, com.google.android.apps.tachyon]
08-20 23:14:28.297 28744 28744 V GraphicsEnvironment:   angle_gl_driver_selection_values=[angle, native, native, native]
08-20 23:14:28.297 28744 28744 V GraphicsEnvironment: com.example.minimikudancemaui is not listed in per-application setting
08-20 23:14:28.297 28744 28744 V GraphicsEnvironment: Neither updatable production driver nor prerelease driver is supported.
08-20 23:14:28.303 28744 28744 D nativeloader: Load /data/app/~~RlGiyNi17UBih94U1ezgMw==/com.example.minimikudancemaui-v1R0tgUjYYQ10ekZwboCWg==/lib/arm64/libmonosgen-2.0.so using ns clns-7 from class loader (caller=/data/app/~~RlGiyNi17UBih94U1ezgMw==/com.example.minimikudancemaui-v1R0tgUjYYQ10ekZwboCWg==/base.apk!classes2.dex): ok
08-20 23:14:28.304 28744 28744 D nativeloader: Load /data/app/~~RlGiyNi17UBih94U1ezgMw==/com.example.minimikudancemaui-v1R0tgUjYYQ10ekZwboCWg==/lib/arm64/libxamarin-app.so using ns clns-7 from class loader (caller=/data/app/~~RlGiyNi17UBih94U1ezgMw==/com.example.minimikudancemaui-v1R0tgUjYYQ10ekZwboCWg==/base.apk!classes2.dex): ok
08-20 23:14:28.304 28744 28744 D nativeloader: Load /data/app/~~RlGiyNi17UBih94U1ezgMw==/com.example.minimikudancemaui-v1R0tgUjYYQ10ekZwboCWg==/lib/arm64/libSystem.Security.Cryptography.Native.Android.so using ns clns-7 from class loader (caller=/data/app/~~RlGiyNi17UBih94U1ezgMw==/com.example.minimikudancemaui-v1R0tgUjYYQ10ekZwboCWg==/base.apk!classes2.dex): ok
08-20 23:14:28.304 28744 28744 D DOTNET  : AndroidCryptoNative_InitLibraryOnLoad: jint AndroidCryptoNative_InitLibraryOnLoad(JavaVM *, void *) in /__w/1/s/src/native/libs/System.Security.Cryptography.Native.Android/pal_jni.c
08-20 23:14:28.304 28744 28744 D DOTNET  : GetOptionalClassGRef: optional class com/android/org/conscrypt/OpenSSLEngineImpl was not found
08-20 23:14:28.305 28744 28744 D nativeloader: Load /data/app/~~RlGiyNi17UBih94U1ezgMw==/com.example.minimikudancemaui-v1R0tgUjYYQ10ekZwboCWg==/lib/arm64/libmonodroid.so using ns clns-7 from class loader (caller=/data/app/~~RlGiyNi17UBih94U1ezgMw==/com.example.minimikudancemaui-v1R0tgUjYYQ10ekZwboCWg==/base.apk!classes2.dex): ok
08-20 23:14:28.306 28744 28744 W monodroid: Failed to create directory '/data/user/0/com.example.minimikudancemaui/files/.__override__/arm64-v8a'. File exists
08-20 23:14:28.306 28744 28744 W monodroid: Creating public update directory: `/data/user/0/com.example.minimikudancemaui/files/.__override__/arm64-v8a`
08-20 23:14:28.306 28744 28744 W nimikudancemaui: Attempt to remove non-JNI local reference
08-20 23:14:28.306 28744 28744 W monodroid: runtime args empty
08-20 23:14:28.324 28744 28744 W monodroid-assembly: open_from_bundles: failed to load bundled assembly MiniMikuDanceMaui.dll
08-20 23:14:28.324 28744 28744 W monodroid-assembly: open_from_bundles: the assembly might have been uploaded to the device with FastDev instead
08-20 23:14:28.324 28744 28744 W monodroid-assembly: open_from_bundles: failed to load bundled assembly Mono.Android.dll
08-20 23:14:28.324 28744 28744 W monodroid-assembly: open_from_bundles: the assembly might have been uploaded to the device with FastDev instead
08-20 23:14:28.325 28744 28744 W monodroid-assembly: open_from_bundles: failed to load bundled assembly System.Runtime.dll
08-20 23:14:28.325 28744 28744 W monodroid-assembly: open_from_bundles: the assembly might have been uploaded to the device with FastDev instead
08-20 23:14:28.326 28744 28744 W monodroid-assembly: open_from_bundles: failed to load bundled assembly Java.Interop.dll
08-20 23:14:28.326 28744 28744 W monodroid-assembly: open_from_bundles: the assembly might have been uploaded to the device with FastDev instead
08-20 23:14:28.326 28744 28744 W monodroid-assembly: open_from_bundles: failed to load bundled assembly System.Runtime.InteropServices.dll
08-20 23:14:28.326 28744 28744 W monodroid-assembly: open_from_bundles: the assembly might have been uploaded to the device with FastDev instead
08-20 23:14:28.327 28744 28744 W monodroid-assembly: open_from_bundles: failed to load bundled assembly System.Collections.dll
08-20 23:14:28.327 28744 28744 W monodroid-assembly: open_from_bundles: the assembly might have been uploaded to the device with FastDev instead
08-20 23:14:28.327 28744 28744 W monodroid-assembly: open_from_bundles: failed to load bundled assembly Mono.Android.Runtime.dll
08-20 23:14:28.327 28744 28744 W monodroid-assembly: open_from_bundles: the assembly might have been uploaded to the device with FastDev instead
08-20 23:14:28.331 28744 28744 W monodroid-assembly: open_from_bundles: failed to load bundled assembly System.Threading.dll
08-20 23:14:28.331 28744 28744 W monodroid-assembly: open_from_bundles: the assembly might have been uploaded to the device with FastDev instead
08-20 23:14:28.340 28744 28744 W monodroid-assembly: open_from_bundles: failed to load bundled assembly System.Threading.Thread.dll
08-20 23:14:28.340 28744 28744 W monodroid-assembly: open_from_bundles: the assembly might have been uploaded to the device with FastDev instead
08-20 23:14:28.340 28744 28744 W monodroid-assembly: open_from_bundles: failed to load bundled assembly System.Diagnostics.StackTrace.dll
08-20 23:14:28.340 28744 28744 W monodroid-assembly: open_from_bundles: the assembly might have been uploaded to the device with FastDev instead
08-20 23:14:28.345 28744 28744 W nimikudancemaui: Attempt to remove non-JNI local reference
08-20 23:14:28.346 28744 28744 W monodroid-assembly: open_from_bundles: failed to load bundled assembly Microsoft.Maui.dll
08-20 23:14:28.346 28744 28744 W monodroid-assembly: open_from_bundles: the assembly might have been uploaded to the device with FastDev instead
08-20 23:14:28.351 28744 28744 W monodroid-assembly: open_from_bundles: failed to load bundled assembly System.Memory.dll
08-20 23:14:28.351 28744 28744 W monodroid-assembly: open_from_bundles: the assembly might have been uploaded to the device with FastDev instead
08-20 23:14:28.353 28744 28744 W monodroid-assembly: open_from_bundles: failed to load bundled assembly System.Reflection.Emit.Lightweight.dll
08-20 23:14:28.353 28744 28744 W monodroid-assembly: open_from_bundles: the assembly might have been uploaded to the device with FastDev instead
08-20 23:14:28.353 28744 28744 W monodroid-assembly: open_from_bundles: failed to load bundled assembly System.Reflection.Emit.ILGeneration.dll
08-20 23:14:28.353 28744 28744 W monodroid-assembly: open_from_bundles: the assembly might have been uploaded to the device with FastDev instead
08-20 23:14:28.353 28744 28744 W monodroid-assembly: open_from_bundles: failed to load bundled assembly System.Reflection.Primitives.dll
08-20 23:14:28.353 28744 28744 W monodroid-assembly: open_from_bundles: the assembly might have been uploaded to the device with FastDev instead
08-20 23:14:28.356 28744 28744 W monodroid-assembly: open_from_bundles: failed to load bundled assembly Microsoft.Maui.Essentials.dll
08-20 23:14:28.356 28744 28744 W monodroid-assembly: open_from_bundles: the assembly might have been uploaded to the device with FastDev instead
08-20 23:14:28.356 28744 28744 W monodroid-assembly: open_from_bundles: failed to load bundled assembly Xamarin.AndroidX.Core.dll
08-20 23:14:28.356 28744 28744 W monodroid-assembly: open_from_bundles: the assembly might have been uploaded to the device with FastDev instead
08-20 23:14:28.368 28744 28744 D CompatChangeReporter: Compat change id reported: 279646685; UID 10278; state: ENABLED
08-20 23:14:28.378 28744 28744 W monodroid-assembly: open_from_bundles: failed to load bundled assembly System.ComponentModel.dll
08-20 23:14:28.378 28744 28744 W monodroid-assembly: open_from_bundles: the assembly might have been uploaded to the device with FastDev instead
08-20 23:14:28.384 28744 28744 W monodroid-assembly: open_from_bundles: failed to load bundled assembly Microsoft.VisualStudio.DesignTools.MobileTapContracts.dll
08-20 23:14:28.384 28744 28744 W monodroid-assembly: open_from_bundles: the assembly might have been uploaded to the device with FastDev instead
08-20 23:14:28.384 28744 28744 W monodroid-assembly: open_from_bundles: failed to load bundled assembly netstandard.dll
08-20 23:14:28.384 28744 28744 W monodroid-assembly: open_from_bundles: the assembly might have been uploaded to the device with FastDev instead
08-20 23:14:28.394 28744 28744 W monodroid-assembly: open_from_bundles: failed to load bundled assembly Microsoft.Extensions.DependencyInjection.Abstractions.dll
08-20 23:14:28.394 28744 28744 W monodroid-assembly: open_from_bundles: the assembly might have been uploaded to the device with FastDev instead
08-20 23:14:28.397 28744 28762 W monodroid-assembly: open_from_bundles: failed to load bundled assembly Microsoft.VisualStudio.DesignTools.TapContract.dll
08-20 23:14:28.397 28744 28762 W monodroid-assembly: open_from_bundles: the assembly might have been uploaded to the device with FastDev instead
08-20 23:14:28.402 28744 28744 W monodroid-assembly: open_from_bundles: failed to load bundled assembly System.Console.dll
08-20 23:14:28.402 28744 28744 W monodroid-assembly: open_from_bundles: the assembly might have been uploaded to the device with FastDev instead
08-20 23:14:28.403 28744 28744 W monodroid-assembly: open_from_bundles: failed to load bundled assembly AppCore.dll
08-20 23:14:28.403 28744 28744 W monodroid-assembly: open_from_bundles: the assembly might have been uploaded to the device with FastDev instead
08-20 23:14:28.403 28744 28744 W monodroid-assembly: open_from_bundles: failed to load bundled assembly Microsoft.Maui.Controls.dll
08-20 23:14:28.403 28744 28744 W monodroid-assembly: open_from_bundles: the assembly might have been uploaded to the device with FastDev instead
08-20 23:14:28.403 28744 28744 W monodroid-assembly: open_from_bundles: failed to load bundled assembly System.ObjectModel.dll
08-20 23:14:28.403 28744 28744 W monodroid-assembly: open_from_bundles: the assembly might have been uploaded to the device with FastDev instead
08-20 23:14:28.403 28744 28744 W monodroid-assembly: open_from_bundles: failed to load bundled assembly Microsoft.Maui.Controls.Xaml.dll
08-20 23:14:28.403 28744 28744 W monodroid-assembly: open_from_bundles: the assembly might have been uploaded to the device with FastDev instead
08-20 23:14:28.404 28744 28744 W monodroid-assembly: open_from_bundles: failed to load bundled assembly MauiIcons.Material.Outlined.dll
08-20 23:14:28.404 28744 28744 W monodroid-assembly: open_from_bundles: the assembly might have been uploaded to the device with FastDev instead
08-20 23:14:28.404 28744 28744 W monodroid-assembly: open_from_bundles: failed to load bundled assembly MauiIcons.Material.dll
08-20 23:14:28.404 28744 28744 W monodroid-assembly: open_from_bundles: the assembly might have been uploaded to the device with FastDev instead
08-20 23:14:28.404 28744 28744 W monodroid-assembly: open_from_bundles: failed to load bundled assembly SkiaSharp.Views.Maui.Controls.dll
08-20 23:14:28.404 28744 28744 W monodroid-assembly: open_from_bundles: the assembly might have been uploaded to the device with FastDev instead
08-20 23:14:28.404 28744 28744 W monodroid-assembly: open_from_bundles: failed to load bundled assembly Microsoft.Extensions.Configuration.dll
08-20 23:14:28.404 28744 28744 W monodroid-assembly: open_from_bundles: the assembly might have been uploaded to the device with FastDev instead
08-20 23:14:28.404 28744 28744 W monodroid-assembly: open_from_bundles: failed to load bundled assembly Microsoft.Extensions.Configuration.Abstractions.dll
08-20 23:14:28.404 28744 28744 W monodroid-assembly: open_from_bundles: the assembly might have been uploaded to the device with FastDev instead
08-20 23:14:28.404 28744 28744 W monodroid-assembly: open_from_bundles: failed to load bundled assembly Microsoft.Extensions.Logging.Abstractions.dll
08-20 23:14:28.404 28744 28744 W monodroid-assembly: open_from_bundles: the assembly might have been uploaded to the device with FastDev instead
08-20 23:14:28.409 28744 28744 W monodroid-assembly: open_from_bundles: failed to load bundled assembly System.Private.Uri.dll
08-20 23:14:28.409 28744 28744 W monodroid-assembly: open_from_bundles: the assembly might have been uploaded to the device with FastDev instead
08-20 23:14:28.409 28744 28744 W monodroid-assembly: open_from_bundles: failed to load bundled assembly System.Xml.ReaderWriter.dll
08-20 23:14:28.409 28744 28744 W monodroid-assembly: open_from_bundles: the assembly might have been uploaded to the device with FastDev instead
08-20 23:14:28.409 28744 28744 W monodroid-assembly: open_from_bundles: failed to load bundled assembly System.Private.Xml.dll
08-20 23:14:28.410 28744 28744 W monodroid-assembly: open_from_bundles: the assembly might have been uploaded to the device with FastDev instead
08-20 23:14:28.412 28744 28744 W monodroid-assembly: open_from_bundles: failed to load bundled assembly System.Runtime.Loader.dll
08-20 23:14:28.412 28744 28744 W monodroid-assembly: open_from_bundles: the assembly might have been uploaded to the device with FastDev instead
08-20 23:14:28.414 28744 28744 W monodroid-assembly: open_from_bundles: failed to load bundled assembly Microsoft.Maui.Graphics.dll
08-20 23:14:28.414 28744 28744 W monodroid-assembly: open_from_bundles: the assembly might have been uploaded to the device with FastDev instead
08-20 23:14:28.416 28744 28744 W monodroid-assembly: open_from_bundles: failed to load bundled assembly System.Linq.dll
08-20 23:14:28.416 28744 28744 W monodroid-assembly: open_from_bundles: the assembly might have been uploaded to the device with FastDev instead
08-20 23:14:28.419 28744 28744 W monodroid-assembly: open_from_bundles: failed to load bundled assembly Xamarin.AndroidX.AppCompat.dll
08-20 23:14:28.419 28744 28744 W monodroid-assembly: open_from_bundles: the assembly might have been uploaded to the device with FastDev instead
08-20 23:14:28.424 28744 28744 W monodroid-assembly: open_from_bundles: failed to load bundled assembly System.ComponentModel.TypeConverter.dll
08-20 23:14:28.424 28744 28744 W monodroid-assembly: open_from_bundles: the assembly might have been uploaded to the device with FastDev instead
08-20 23:14:28.447  2026  2056 V WindowManagerShell: Transition animation finished (aborted=false), notifying core (#2164) android.os.BinderProxy@2378cbb@0
08-20 23:14:28.448  1635  1716 V WindowManager: Finish Transition (#2164): created at 08-20 23:14:28.108 collect-started=0.048ms request-sent=7.905ms started=10.231ms ready=31.471ms sent=32.763ms finished=339.718ms
08-20 23:14:28.448  2419  2419 D VRI[NexusLauncherActivity]: visibilityChanged oldVisibility=true newVisibility=false
08-20 23:14:28.448  2026  2056 V WindowManagerShell: Track 0 became idle
08-20 23:14:28.448  2026  2056 V WindowManagerShell: All active transition animations finished
08-20 23:14:28.449  1635  1816 W UserManagerService: Requested status bar icon for non-badged user 0
08-20 23:14:28.449  1635  1816 W UserManagerService: Requested status bar icon for non-badged user 0
08-20 23:14:28.452 28744 28744 W monodroid-assembly: open_from_bundles: failed to load bundled assembly Xamarin.Google.Android.Material.dll
08-20 23:14:28.452 28744 28744 W monodroid-assembly: open_from_bundles: the assembly might have been uploaded to the device with FastDev instead
08-20 23:14:28.463  2419  2419 D NexusLauncherModelDelegate: notifySmartspaceEvent: SmartspaceTargetEvent{mSmartspaceTarget=null, mSmartspaceActionId='null', mEventType=7}
08-20 23:14:28.467 28744 28744 W monodroid-assembly: open_from_bundles: failed to load bundled assembly Xamarin.AndroidX.Fragment.dll
08-20 23:14:28.467 28744 28744 W monodroid-assembly: open_from_bundles: the assembly might have been uploaded to the device with FastDev instead
08-20 23:14:28.468 28744 28744 W monodroid-assembly: open_from_bundles: failed to load bundled assembly Xamarin.AndroidX.Activity.dll
08-20 23:14:28.468 28744 28744 W monodroid-assembly: open_from_bundles: the assembly might have been uploaded to the device with FastDev instead
08-20 23:14:28.468 28744 28744 W monodroid-assembly: open_from_bundles: failed to load bundled assembly Xamarin.AndroidX.Lifecycle.ViewModel.Android.dll
08-20 23:14:28.468 28744 28744 W monodroid-assembly: open_from_bundles: the assembly might have been uploaded to the device with FastDev instead
08-20 23:14:28.468 28744 28744 W monodroid-assembly: open_from_bundles: failed to load bundled assembly Xamarin.AndroidX.Lifecycle.Common.Jvm.dll
08-20 23:14:28.468 28744 28744 W monodroid-assembly: open_from_bundles: the assembly might have been uploaded to the device with FastDev instead
08-20 23:14:28.468 28744 28744 W monodroid-assembly: open_from_bundles: failed to load bundled assembly Xamarin.AndroidX.SavedState.dll
08-20 23:14:28.468 28744 28744 W monodroid-assembly: open_from_bundles: the assembly might have been uploaded to the device with FastDev instead
08-20 23:14:28.470 28744 28744 W monodroid-assembly: open_from_bundles: failed to load bundled assembly Xamarin.AndroidX.DrawerLayout.dll
08-20 23:14:28.470 28744 28744 W monodroid-assembly: open_from_bundles: the assembly might have been uploaded to the device with FastDev instead
08-20 23:14:28.470 28744 28744 W monodroid-assembly: open_from_bundles: failed to load bundled assembly Xamarin.AndroidX.CustomView.dll
08-20 23:14:28.470 28744 28744 W monodroid-assembly: open_from_bundles: the assembly might have been uploaded to the device with FastDev instead
08-20 23:14:28.471 28744 28744 W monodroid-assembly: open_from_bundles: failed to load bundled assembly Xamarin.AndroidX.Navigation.Runtime.dll
08-20 23:14:28.471 28744 28744 W monodroid-assembly: open_from_bundles: the assembly might have been uploaded to the device with FastDev instead
08-20 23:14:28.483 28744 28744 W monodroid-assembly: open_from_bundles: failed to load bundled assembly System.Net.Primitives.dll
08-20 23:14:28.483 28744 28744 W monodroid-assembly: open_from_bundles: the assembly might have been uploaded to the device with FastDev instead
08-20 23:14:28.486 28744 28744 W monodroid-assembly: open_from_bundles: failed to load bundled assembly Microsoft.Extensions.DependencyInjection.dll
08-20 23:14:28.486 28744 28744 W monodroid-assembly: open_from_bundles: the assembly might have been uploaded to the device with FastDev instead
08-20 23:14:28.486 28744 28744 W monodroid-assembly: open_from_bundles: failed to load bundled assembly System.Collections.Concurrent.dll
08-20 23:14:28.486 28744 28744 W monodroid-assembly: open_from_bundles: the assembly might have been uploaded to the device with FastDev instead
08-20 23:14:28.487 28744 28744 W monodroid-assembly: open_from_bundles: failed to load bundled assembly System.Diagnostics.Tracing.dll
08-20 23:14:28.487 28744 28744 W monodroid-assembly: open_from_bundles: the assembly might have been uploaded to the device with FastDev instead
08-20 23:14:28.498   545   605 W hwc-libdisplaycolor: GetRrRegammaForRange: no match found (op_hz, hz, dbv, range_id)=(60,60,362,10)
08-20 23:14:28.504 28744 28762 W monodroid-assembly: open_from_bundles: failed to load bundled assembly System.Diagnostics.TraceSource.dll
08-20 23:14:28.504 28744 28762 W monodroid-assembly: open_from_bundles: the assembly might have been uploaded to the device with FastDev instead
08-20 23:14:28.504 28744 28762 W monodroid-assembly: open_from_bundles: failed to load bundled assembly System.Collections.Specialized.dll
08-20 23:14:28.504 28744 28762 W monodroid-assembly: open_from_bundles: the assembly might have been uploaded to the device with FastDev instead
08-20 23:14:28.506 28744 28762 D app_process64: Hot Reload initialization error: No HotReload connection specified
08-20 23:14:28.517 28744 28744 W monodroid-assembly: open_from_bundles: failed to load bundled assembly System.Text.Encoding.Extensions.dll
08-20 23:14:28.517 28744 28744 W monodroid-assembly: open_from_bundles: the assembly might have been uploaded to the device with FastDev instead
08-20 23:14:28.525 28744 28744 W monodroid-assembly: open_from_bundles: failed to load bundled assembly ja-JP/System.Private.CoreLib.resources.dll
08-20 23:14:28.525 28744 28744 W monodroid-assembly: open_from_bundles: the assembly might have been uploaded to the device with FastDev instead
08-20 23:14:28.525 28744 28744 W monodroid-assembly: open_from_update_dir: assembly file DOES NOT EXIST
08-20 23:14:28.525 28744 28744 W monodroid-assembly: open_from_bundles: failed to load bundled assembly ja-JP/System.Private.CoreLib.resources.dll
08-20 23:14:28.525 28744 28744 W monodroid-assembly: open_from_bundles: the assembly might have been uploaded to the device with FastDev instead
08-20 23:14:28.529 28744 28744 W monodroid-assembly: open_from_bundles: failed to load bundled assembly ja/System.Private.CoreLib.resources.dll
08-20 23:14:28.529 28744 28744 W monodroid-assembly: open_from_bundles: the assembly might have been uploaded to the device with FastDev instead
08-20 23:14:28.529 28744 28744 W monodroid-assembly: open_from_update_dir: assembly file DOES NOT EXIST
08-20 23:14:28.529 28744 28744 W monodroid-assembly: open_from_bundles: failed to load bundled assembly ja/System.Private.CoreLib.resources.dll
08-20 23:14:28.529 28744 28744 W monodroid-assembly: open_from_bundles: the assembly might have been uploaded to the device with FastDev instead
08-20 23:14:28.547 28744 28744 W monodroid-assembly: open_from_bundles: failed to load bundled assembly mscorlib.dll
08-20 23:14:28.547 28744 28744 W monodroid-assembly: open_from_bundles: the assembly might have been uploaded to the device with FastDev instead
08-20 23:14:28.547 28744 28744 W monodroid-assembly: open_from_bundles: failed to load bundled assembly System.dll
08-20 23:14:28.547 28744 28744 W monodroid-assembly: open_from_bundles: the assembly might have been uploaded to the device with FastDev instead
08-20 23:14:28.565 28744 28744 W monodroid-assembly: open_from_bundles: failed to load bundled assembly System.Numerics.Vectors.dll
08-20 23:14:28.565 28744 28744 W monodroid-assembly: open_from_bundles: the assembly might have been uploaded to the device with FastDev instead
08-20 23:14:28.596 28744 28744 W monodroid-assembly: open_from_bundles: failed to load bundled assembly System.Text.Json.dll
08-20 23:14:28.596 28744 28744 W monodroid-assembly: open_from_bundles: the assembly might have been uploaded to the device with FastDev instead
08-20 23:14:28.599 28744 28744 W monodroid-assembly: open_from_bundles: failed to load bundled assembly System.Text.Encodings.Web.dll
08-20 23:14:28.599 28744 28744 W monodroid-assembly: open_from_bundles: the assembly might have been uploaded to the device with FastDev instead
08-20 23:14:28.603 28744 28744 W monodroid-assembly: open_from_bundles: failed to load bundled assembly System.Text.RegularExpressions.dll
08-20 23:14:28.603 28744 28744 W monodroid-assembly: open_from_bundles: the assembly might have been uploaded to the device with FastDev instead
08-20 23:14:28.604 28744 28744 W monodroid-assembly: open_from_bundles: failed to load bundled assembly System.Runtime.Intrinsics.dll
08-20 23:14:28.604 28744 28744 W monodroid-assembly: open_from_bundles: the assembly might have been uploaded to the device with FastDev instead
08-20 23:14:28.607 28744 28744 W monodroid-assembly: open_from_bundles: failed to load bundled assembly System.IO.Pipelines.dll
08-20 23:14:28.607 28744 28744 W monodroid-assembly: open_from_bundles: the assembly might have been uploaded to the device with FastDev instead
08-20 23:14:28.625  1690  1706 I pixel-thermal: VIRTUAL-SKIN:35.8738 raw data: VIRTUAL-SKIN:35873.8 VIRTUAL-SKIN-SUB-1:35873.8 VIRTUAL-SKIN-SUB-2:31957 VIRTUAL-SKIN-SUB-3:34387.2 charger_therm:37092 gnss_tcxo_therm:35801 modem_therm:36669 quiet_therm:35734 rffe_therm:35067 soc_therm:36224 usb_conn_therm:34510 
08-20 23:14:28.631  1690  1706 I pixel-thermal: charger_therm:37.092 raw data: charger_therm:37092 
08-20 23:14:28.632  1690  1706 I pixel-thermal: VIRTUAL-SKIN-CHARGE:36.7085 raw data: VIRTUAL-SKIN-CHARGE:36708.5 VIRTUAL-SKIN-CHARGE-SUB-1:35738.4 VIRTUAL-SKIN-CHARGE-SUB-2:36708.5 charger_therm:37092 modem_therm:36669 quiet_therm:35734 rffe_therm:35067 soc_therm:36224 
08-20 23:14:28.632  1690  1706 I pixel-thermal: VIRTUAL-SKIN-CHARGE power_budget=1634.74 err=1.29145 s_power=2200 time_elapsed_ms=7014 p=516.58 i=-1081.84 d=0 compensation=0 budget transient=0 control target=2
08-20 23:14:28.632  1690  1706 I pixel-thermal: VIRTUAL-SKIN-CHARGE power budget=1610.82 after (PARTIAL_SYSTEM_POWER: 478.39 mW, cdev_weight: 0.050000) is excluded
08-20 23:14:28.632  1690  1706 I pixel-thermal: VIRTUAL-SKIN-CHARGE binded power rails: (PARTIAL_SYSTEM_POWER: 478.39 mW, cdev_weight: 0.050000)
08-20 23:14:28.633  1690  1706 I pixel-thermal: VIRTUAL-SKIN-SPEAKER:35.6137 raw data: VIRTUAL-SKIN-SPEAKER:35613.7 VIRTUAL-SKIN-SPEAKER-SUB-1:32878.9 VIRTUAL-SKIN-SPEAKER-SUB-2:35613.7 battery:36100 gnss_tcxo_therm:35801 quiet_therm:35734 soc_therm:36224 usb_conn_therm:34510 
08-20 23:14:28.633  1690  1706 I pixel-thermal: VIRTUAL-SKIN-CHARGE-WLC:36.3336 raw data: VIRTUAL-SKIN-CHARGE-WLC:36333.6 charger_therm:37092 modem_therm:36669 rffe_therm:35067 soc_therm:36224 
08-20 23:14:28.633  1690  1706 I pixel-thermal: VIRTUAL-SKIN-CHARGE-WLC power_budget=1716.18 err=1.66637 s_power=1400 time_elapsed_ms=7014 p=333.273 i=-17.091 d=0 compensation=0 budget transient=0 control target=2
08-20 23:14:28.633  1690  1706 I pixel-thermal: VIRTUAL-SKIN-CHARGE-WLC power budget=1692.26 after (PARTIAL_SYSTEM_POWER: 478.39 mW, cdev_weight: 0.050000) is excluded
08-20 23:14:28.633  1690  1706 I pixel-thermal: VIRTUAL-SKIN-CHARGE-WLC binded power rails: (PARTIAL_SYSTEM_POWER: 478.39 mW, cdev_weight: 0.050000)
08-20 23:14:28.640  1690  1706 I pixel-thermal: Successfully update cdev dc_icl sysfs to 13
08-20 23:14:28.663 28744 28744 W monodroid-assembly: open_from_bundles: failed to load bundled assembly SixLabors.ImageSharp.dll
08-20 23:14:28.663 28744 28744 W monodroid-assembly: open_from_bundles: the assembly might have been uploaded to the device with FastDev instead
08-20 23:14:28.663 28744 28744 W monodroid-assembly: open_from_bundles: failed to load bundled assembly System.Threading.Channels.dll
08-20 23:14:28.663 28744 28744 W monodroid-assembly: open_from_bundles: the assembly might have been uploaded to the device with FastDev instead
08-20 23:14:28.666 28744 28744 W monodroid-assembly: open_from_bundles: failed to load bundled assembly Xamarin.AndroidX.RecyclerView.dll
08-20 23:14:28.666 28744 28744 W monodroid-assembly: open_from_bundles: the assembly might have been uploaded to the device with FastDev instead
08-20 23:14:28.667 28744 28744 W monodroid-assembly: open_from_bundles: failed to load bundled assembly Xamarin.AndroidX.SwipeRefreshLayout.dll
08-20 23:14:28.667 28744 28744 W monodroid-assembly: open_from_bundles: the assembly might have been uploaded to the device with FastDev instead
08-20 23:14:28.667  2026  2026 D DLObserver: onReceive(); android.intent.action.BATTERY_CHANGED
08-20 23:14:28.667  2026  2026 D DLObserver: plugged=2
08-20 23:14:28.668  2026  2026 D SystemEventDataSource: onReceive: intentAction
08-20 23:14:28.668  2026  6869 D PowerUI : can't show warning due to - plugged: true status unknown: false
08-20 23:14:28.668  2026  2026 D PowerNotificationWarningsGoogleImpl: onReceive: android.intent.action.BATTERY_CHANGED
08-20 23:14:28.668  2026  2026 D IncompatibleChargerNotification: dispatchIntent: android.intent.action.BATTERY_CHANGED
08-20 23:14:28.669  2026  2123 D GoogleBatteryDataSource: fetchDwellDefendStatus: CONNECTED
08-20 23:14:28.669  2026  2123 D GoogleBatteryDataSource: fetchTempDefendStatus: t_sum=0, time_sum=0 t_avg=0 lst_v=0 lst_t=0 lst_u=0, dt=0, t=0 e=0
08-20 23:14:28.669  2026  2123 D SystemEventDataSource: updatedEventData: SystemEventData(intentAction=android.intent.action.BATTERY_CHANGED, plugged=EventData(value=2), batteryScale=EventData(value=100), batteryLevel=EventData(value=80), chargingStatus=EventData(value=4), maxChargingCurrent=EventData(value=3000000), maxChargingVoltage=EventData(value=5000000), batteryStatus=EventData(value=4), halEventData=HalEventData(dockDefendStatus=EventData(value=-3), tempDefendEventData=EventData(value=false), dwellDefendEventData=EventData(value=false)), settingsEventData=SettingsEventData(dockDefenderBypass=EventData(value=0), chargingLimitSettings=EventData(value=1), dndState=EventData(value=false), airplaneState=EventData(value=false)), frameworkApiEventData=FrameworkApiEventData(batterySaverState=EventData(value=false), extremeBatterySaverState=EventData(value=false)))
08-20 23:14:28.669  2026  2123 D DwellDefendBatteryModule: validate: false -> false
08-20 23:14:28.669  2026  2123 D TempDefendBatteryModule: validate: false -> false
08-20 23:14:28.670 28744 28744 W monodroid-assembly: open_from_bundles: failed to load bundled assembly Xamarin.AndroidX.CardView.dll
