08-20 23:14:38.522 28956 28956 I MonoDroid: 	at crc6488302ad6e9e4df1a.MauiAppCompatActivity.onCreate(MauiAppCompatActivity.java:46)
08-20 23:14:38.522 28956 28956 I MonoDroid: 	at android.app.Activity.performCreate(Activity.java:9019)
08-20 23:14:38.522 28956 28956 I MonoDroid: 	at android.app.Activity.performCreate(Activity.java:8997)
08-20 23:14:38.522 28956 28956 I MonoDroid: 	at android.app.Instrumentation.callActivityOnCreate(Instrumentation.java:1528)
08-20 23:14:38.522 28956 28956 I MonoDroid: 	at android.app.ActivityThread.performLaunchActivity(ActivityThread.java:4111)
08-20 23:14:38.522 28956 28956 I MonoDroid: 	at android.app.ActivityThread.handleLaunchActivity(ActivityThread.java:4316)
08-20 23:14:38.522 28956 28956 I MonoDroid: 	at android.app.servertransaction.LaunchActivityItem.execute(LaunchActivityItem.java:222)
08-20 23:14:38.522 28956 28956 I MonoDroid: 	at android.app.servertransaction.TransactionExecutor.executeNonLifecycleItem(TransactionExecutor.java:133)
08-20 23:14:38.522 28956 28956 I MonoDroid: 	at android.app.servertransaction.TransactionExecutor.executeTransactionItems(TransactionExecutor.java:103)
08-20 23:14:38.522 28956 28956 I MonoDroid: 	at android.app.servertransaction.TransactionExecutor.execute(TransactionExecutor.java:80)
08-20 23:14:38.522 28956 28956 I MonoDroid: 	at android.app.ActivityThread$H.handleMessage(ActivityThread.java:2719)
08-20 23:14:38.522 28956 28956 I MonoDroid: 	at android.os.Handler.dispatchMessage(Handler.java:109)
08-20 23:14:38.522 28956 28956 I MonoDroid: 	at android.os.Looper.loopOnce(Looper.java:232)
08-20 23:14:38.522 28956 28956 I MonoDroid: 	at android.os.Looper.loop(Looper.java:317)
08-20 23:14:38.522 28956 28956 I MonoDroid: 	at android.app.ActivityThread.main(ActivityThread.java:8787)
08-20 23:14:38.522 28956 28956 I MonoDroid: 	at java.lang.reflect.Method.invoke(Native Method)
08-20 23:14:38.522 28956 28956 I MonoDroid: 	at com.android.internal.os.RuntimeInit$MethodAndArgsCaller.run(RuntimeInit.java:591)
08-20 23:14:38.522 28956 28956 I MonoDroid: 	at com.android.internal.os.ZygoteInit.main(ZygoteInit.java:871)
08-20 23:14:38.522 28956 28956 I MonoDroid: 
08-20 23:14:38.522 28956 28956 I MonoDroid:   --- End of managed Android.Runtime.JavaProxyThrowable stack trace ---
08-20 23:14:38.522 28956 28956 I MonoDroid: android.runtime.JavaProxyThrowable: [System.ArgumentException]: Substep count must be positive.
08-20 23:14:38.522 28956 28956 I MonoDroid: 	at BepuPhysics.SolveDescription.ValidateDescription + 0x9(Unknown Source)
08-20 23:14:38.522 28956 28956 I MonoDroid: 	at BepuPhysics.SolveDescription..ctor + 0x1c(Unknown Source)
08-20 23:14:38.522 28956 28956 I MonoDroid: 	at MiniMikuDance.Physics.BepuPhysicsWorld.Initialize + 0x50(Unknown Source)
08-20 23:14:38.522 28956 28956 I MonoDroid: 	at MiniMikuDanceMaui.MainPage..ctor + 0x22a(Unknown Source)
08-20 23:14:38.522 28956 28956 I MonoDroid: 	at MiniMikuDanceMaui.App.CreateWindow + 0x1(Unknown Source)
08-20 23:14:38.522 28956 28956 I MonoDroid: 	at Microsoft.Maui.Controls.Application.Microsoft.Maui.IApplication.CreateWindow + 0x70(Unknown Source)
08-20 23:14:38.522 28956 28956 I MonoDroid: 	at Microsoft.Maui.Platform.ApplicationExtensions.CreatePlatformWindow + 0x67(Unknown Source)
08-20 23:14:38.522 28956 28956 I MonoDroid: 	at Microsoft.Maui.MauiAppCompatActivity.OnCreate + 0x31(Unknown Source)
08-20 23:14:38.522 28956 28956 I MonoDroid: 	at Android.App.Activity.n_OnCreate_Landroid_os_Bundle_ + 0x0(Unknown Source)
08-20 23:14:38.522 28956 28956 I MonoDroid: 	at Android.Runtime.JNINativeWrapper.Wrap_JniMarshal_PPL_V + 0x5(Unknown Source)
08-20 23:14:38.522 28956 28956 I MonoDroid: 	at crc6488302ad6e9e4df1a.MauiAppCompatActivity.n_onCreate(Native Method)
08-20 23:14:38.522 28956 28956 I MonoDroid: 	at crc6488302ad6e9e4df1a.MauiAppCompatActivity.onCreate(MauiAppCompatActivity.java:46)
08-20 23:14:38.522 28956 28956 I MonoDroid: 	at android.app.Activity.performCreate(Activity.java:9019)
08-20 23:14:38.522 28956 28956 I MonoDroid: 	at android.app.Activity.performCreate(Activity.java:8997)
08-20 23:14:38.522 28956 28956 I MonoDroid: 	at android.app.Instrumentation.callActivityOnCreate(Instrumentation.java:1528)
08-20 23:14:38.522 28956 28956 I MonoDroid: 	at android.app.ActivityThread.performLaunchActivity(ActivityThread.java:4111)
08-20 23:14:38.522 28956 28956 I MonoDroid: 	at android.app.ActivityThread.handleLaunchActivity(ActivityThread.java:4316)
08-20 23:14:38.522 28956 28956 I MonoDroid: 	at android.app.servertransaction.LaunchActivityItem.execute(LaunchActivityItem.java:222)
08-20 23:14:38.522 28956 28956 I MonoDroid: 	at android.app.servertransaction.TransactionExecutor.executeNonLifecycleItem(TransactionExecutor.java:133)
08-20 23:14:38.522 28956 28956 I MonoDroid: 	at android.app.servertransaction.TransactionExecutor.executeTransactionItems(TransactionExecutor.java:103)
08-20 23:14:38.522 28956 28956 I MonoDroid: 	at android.app.servertransaction.TransactionExecutor.execute(TransactionExecutor.java:80)
08-20 23:14:38.522 28956 28956 I MonoDroid: 	at android.app.ActivityThread$H.handleMessage(ActivityThread.java:2719)
08-20 23:14:38.522 28956 28956 I MonoDroid: 	at android.os.Handler.dispatchMessage(Handler.java:109)
08-20 23:14:38.522 28956 28956 I MonoDroid: 	at android.os.Looper.loopOnce(Looper.java:232)
08-20 23:14:38.522 28956 28956 I MonoDroid: 	at android.os.Looper.loop(Looper.java:317)
08-20 23:14:38.522 28956 28956 I MonoDroid: 	at android.app.ActivityThread.main(ActivityThread.java:8787)
08-20 23:14:38.522 28956 28956 I MonoDroid: 	at java.lang.reflect.Method.invoke(Native Method)
08-20 23:14:38.522 28956 28956 I MonoDroid: 	at com.android.internal.os.RuntimeInit$MethodAndArgsCaller.run(RuntimeInit.java:591)
08-20 23:14:38.522 28956 28956 I MonoDroid: 	at com.android.internal.os.ZygoteInit.main(ZygoteInit.java:871)
08-20 23:14:38.522 28956 28956 I MonoDroid: 
08-20 23:14:38.525  1635  6282 W ActivityTaskManager:   Force finishing activity com.example.minimikudancemaui/crc642b763ce9c7e2f543.MainActivity
08-20 23:14:38.526  2026  2056 V WindowManagerShell: Transition requested (#2171): android.os.BinderProxy@b0c8e07 TransitionRequestInfo { type = CLOSE, triggerTask = null, pipTask = null, remoteTransition = null, displayChange = null, flags = 10, debugId = 2171 }
08-20 23:14:38.526  2419  2419 D VRI[NexusLauncherActivity]: visibilityChanged oldVisibility=false newVisibility=true
08-20 23:14:38.528 28956 28956 I Process : Sending signal. PID: 28956 SIG: 9
08-20 23:14:38.538  2419  2419 D NexusLauncherModelDelegate: notifySmartspaceEvent: SmartspaceTargetEvent{mSmartspaceTarget=null, mSmartspaceActionId='null', mEventType=6}
08-20 23:14:38.538  2419  2419 D BaseDepthController: mSurface is not valid
08-20 23:14:38.541  2419  2419 D BaseDepthController: setSurface:
08-20 23:14:38.541  2419  2419 D BaseDepthController: 	mWaitingOnSurfaceValidity: true
08-20 23:14:38.541  2419  2419 D BaseDepthController: 	mSurface: Surface(name=com.google.android.apps.nexuslauncher/com.google.android.apps.nexuslauncher.NexusLauncherActivity)/@0xe359a8
08-20 23:14:38.549  1635  2192 I ActivityManager: Process com.example.minimikudancemaui (pid 28956) has died: fg  TOP 
08-20 23:14:38.550  1135  1135 I adbd    : Remote process closed the socket (on MSG_PEEK)
08-20 23:14:38.550  2845  8643 D ForegroundUtils: UID: 10278 deleted.
08-20 23:14:38.550  1635  1717 D DisplayManagerService: Drop pending events for gone uid 10278
08-20 23:14:38.550   840   840 I Zygote  : Process 28956 exited due to signal 9 (Killed)
08-20 23:14:38.551  1635  1732 I libprocessgroup: Removed cgroup /sys/fs/cgroup/uid_10278/pid_28956
08-20 23:14:38.551  2419  2419 D StatsLog: LAUNCHER_ONRESUME
08-20 23:14:38.552  1635  1911 D InetDiagMessage: Destroyed 0 sockets, proto=IPPROTO_TCP, family=AF_INET, states=14
08-20 23:14:38.552  1635  1911 D InetDiagMessage: Destroyed 0 sockets, proto=IPPROTO_TCP, family=AF_INET6, states=14
08-20 23:14:38.552  1635  1911 D InetDiagMessage: Destroyed live tcp sockets for uids={10278} in 1ms
08-20 23:14:38.553  1635  1911 D InetDiagMessage: Destroyed 0 sockets, proto=IPPROTO_TCP, family=AF_INET, states=14
08-20 23:14:38.553  2026  2042 V WindowManagerShell: onTransitionReady(transaction=7022271646028)
08-20 23:14:38.553  2026  2056 V WindowManagerShell: onTransitionReady (#2171) android.os.BinderProxy@b0c8e07: {id=2171 t=CLOSE f=0x10 trk=0 r=[0@Point(0, 0)] c=[{WCT{android.window.IWindowContainerToken$Stub$Proxy@70166a0} m=TO_FRONT f=SHOW_WALLPAPER|MOVE_TO_TOP leash=Surface(name=Task=1)/@0x808cb34 sb=Rect(0, 0 - 1080, 2400) eb=Rect(0, 0 - 1080, 2400) epz=Point(1080, 2400) d=0 taskParent=-1},{WCT{android.window.IWindowContainerToken$Stub$Proxy@89da259} m=CLOSE f=NONE leash=Surface(name=Task=1674)/@0x7e08d5d sb=Rect(0, 0 - 1080, 2400) eb=Rect(0, 0 - 1080, 2400) epz=Point(1080, 2400) d=0 taskParent=-1},{null m=TO_FRONT f=IS_WALLPAPER leash=Surface(name=WallpaperWindowToken{dcc94b6 token=android.os.Binder@5f19578})/@0x89cb6d2 sb=Rect(0, 0 - 1080, 2400) eb=Rect(0, 0 - 1080, 2400) epz=Point(1080, 2400) d=0}]}
08-20 23:14:38.553  2026  2056 V WindowManagerShell: Playing animation for (#2171) android.os.BinderProxy@b0c8e07@0
08-20 23:14:38.553  2026  2056 V WindowManagerShell:  try handler com.android.wm.shell.transition.DefaultMixedHandler@66856ed
08-20 23:14:38.553  2026  2056 V WindowManagerShell:  try handler com.android.wm.shell.keyguard.KeyguardTransitionHandler@d376922
08-20 23:14:38.553  2026  2056 V WindowManagerShell:  try handler com.android.wm.shell.pip.PipTransition@51d17a9
08-20 23:14:38.553  2026  2056 V WindowManagerShell:  try handler com.android.wm.shell.activityembedding.ActivityEmbeddingController@4ec12e
08-20 23:14:38.553  2026  2056 V WindowManagerShell:  try handler com.android.wm.shell.recents.RecentsTransitionHandler@7f874cf
08-20 23:14:38.553  2026  2056 V ShellRecents: RecentsTransitionHandler.startAnimation: no controller found
08-20 23:14:38.553  2419  2491 D QuickstepModelDelegate: notifyAppTargetEvent action=1 launchLocation=
08-20 23:14:38.553  2026  2056 V WindowManagerShell:  try handler com.android.wm.shell.splitscreen.StageCoordinator@f7afe5c
08-20 23:14:38.553  2026  2056 V WindowManagerShell:  try handler com.android.wm.shell.back.BackAnimationController$BackTransitionHandler@8068565
08-20 23:14:38.553  2026  2056 V WindowManagerShell:  try handler com.android.wm.shell.transition.RemoteTransitionHandler@889c23a
08-20 23:14:38.553  2026  2056 V WindowManagerShell: Transition doesn't have explicit remote, search filters for match for {id=2171 t=CLOSE f=0x10 trk=0 r=[0@Point(0, 0)] c=[{WCT{android.window.IWindowContainerToken$Stub$Proxy@70166a0} m=TO_FRONT f=SHOW_WALLPAPER|MOVE_TO_TOP leash=Surface(name=Task=1)/@0x808cb34 sb=Rect(0, 0 - 1080, 2400) eb=Rect(0, 0 - 1080, 2400) epz=Point(1080, 2400) d=0 taskParent=-1},{WCT{android.window.IWindowContainerToken$Stub$Proxy@89da259} m=CLOSE f=NONE leash=Surface(name=Task=1674)/@0x7e08d5d sb=Rect(0, 0 - 1080, 2400) eb=Rect(0, 0 - 1080, 2400) epz=Point(1080, 2400) d=0 taskParent=-1},{null m=TO_FRONT f=IS_WALLPAPER leash=Surface(name=WallpaperWindowToken{dcc94b6 token=android.os.Binder@5f19578})/@0x89cb6d2 sb=Rect(0, 0 - 1080, 2400) eb=Rect(0, 0 - 1080, 2400) epz=Point(1080, 2400) d=0}]}
08-20 23:14:38.553  2026  2056 V WindowManagerShell:  Checking filter Pair{{types=[] flags=0x0] notFlags=0x0 checks=[{atype=undefined independent=true modes=[CLOSE,TO_BACK] flags=IN_TASK_WITH_EMBEDDED_ACTIVITY mustBeTask=false order=ANY topActivity=null launchCookie=null taskFragmentToken=android.os.BinderProxy@eb18eeb}]} RemoteTransition { remoteTransition = android.window.IRemoteTransition$Stub$Proxy@fe7a448, appThread = android.app.IApplicationThread$Stub$Proxy@15f12e1, debugName = overlayBackTransition }}
08-20 23:14:38.553  1635  1911 D InetDiagMessage: Destroyed 0 sockets, proto=IPPROTO_TCP, family=AF_INET6, states=14
08-20 23:14:38.553  1635  1911 D InetDiagMessage: Destroyed live tcp sockets for uids={20278} in 1ms
08-20 23:14:38.553  2026  2056 V WindowManagerShell:  Checking filter Pair{{types=[] flags=0x0] notFlags=0x0 checks=[{atype=dream independent=true modes=[OPEN,TO_FRONT] flags=NONE mustBeTask=false order=ANY topActivity=null launchCookie=null},{atype=home independent=true modes=[CLOSE,TO_BACK] flags=NONE mustBeTask=false order=ANY topActivity=null launchCookie=null}]} RemoteTransition { remoteTransition = android.window.IRemoteTransition$Stub$Proxy@841c806, appThread = android.app.IApplicationThread$Stub$Proxy@9982ec7, debugName = LauncherToDream }}
08-20 23:14:38.553  2026  2056 V WindowManagerShell:  Checking filter Pair{{types=[] flags=0x0] notFlags=0x100 checks=[{atype=home independent=true modes=[OPEN,TO_FRONT] flags=NONE mustBeTask=false order=TOP topActivity=ComponentInfo{com.google.android.apps.nexuslauncher/com.google.android.apps.nexuslauncher.NexusLauncherActivity} launchCookie=null},{atype=standard independent=true modes=[CLOSE,TO_BACK] flags=NONE mustBeTask=false order=ANY topActivity=null launchCookie=null},{NOT atype=undefined independent=true modes=[] flags=NONE mustBeTask=true order=ANY topActivity=null launchCookie=null customAnim=true}]} RemoteTransition { remoteTransition = android.window.IRemoteTransition$Stub$Proxy@8f6bcf4, appThread = android.app.IApplicationThread$Stub$Proxy@758fc1d, debugName = QuickstepLaunchHome }}
08-20 23:14:38.553  2026  2056 D RemoteTransitionHandler: Found filterPair{{types=[] flags=0x0] notFlags=0x100 checks=[{atype=home independent=true modes=[OPEN,TO_FRONT] flags=NONE mustBeTask=false order=TOP topActivity=ComponentInfo{com.google.android.apps.nexuslauncher/com.google.android.apps.nexuslauncher.NexusLauncherActivity} launchCookie=null},{atype=standard independent=true modes=[CLOSE,TO_BACK] flags=NONE mustBeTask=false order=ANY topActivity=null launchCookie=null},{NOT atype=undefined independent=true modes=[] flags=NONE mustBeTask=true order=ANY topActivity=null launchCookie=null customAnim=true}]} RemoteTransition { remoteTransition = android.window.IRemoteTransition$Stub$Proxy@8f6bcf4, appThread = android.app.IApplicationThread$Stub$Proxy@758fc1d, debugName = QuickstepLaunchHome }}
08-20 23:14:38.553  2026  2056 V WindowManagerShell:  Delegate animation for (#2171) to RemoteTransition { remoteTransition = android.window.IRemoteTransition$Stub$Proxy@8f6bcf4, appThread = android.app.IApplicationThread$Stub$Proxy@758fc1d, debugName = QuickstepLaunchHome }
08-20 23:14:38.555  2419  2419 D b/311077782: LauncherAnimationRunner.setAnimation
08-20 23:14:38.558  2419  2990 E FrameEvents: addRelease: Did not find frame.
08-20 23:14:38.560  1635  1716 V WindowManager: Sent Transition (#2171) createdAt=08-20 23:14:38.525 via request=TransitionRequestInfo { type = CLOSE, triggerTask = null, pipTask = null, remoteTransition = null, displayChange = null, flags = 10, debugId = 2171 }
08-20 23:14:38.560  1635  1716 V WindowManager:     startWCT=WindowContainerTransaction { changes = {} hops = [] errorCallbackToken=null taskFragmentOrganizer=null }
08-20 23:14:38.560  1635  1716 V WindowManager:     info={id=2171 t=CLOSE f=0x10 trk=0 r=[0@Point(0, 0)] c=[
08-20 23:14:38.560  1635  1716 V WindowManager:         {WCT{RemoteToken{33b0691 Task{52b1fdc #1 type=home isResizeable=true minWidth=-1 minHeight=-1}}} m=TO_FRONT f=SHOW_WALLPAPER|MOVE_TO_TOP leash=Surface(name=Task=1)/@0x8c195dc sb=Rect(0, 0 - 1080, 2400) eb=Rect(0, 0 - 1080, 2400) epz=Point(1080, 2400) d=0 taskParent=-1},
08-20 23:14:38.560  1635  1716 V WindowManager:         {WCT{RemoteToken{2780197 Task{4a370fd #1674 type=standard A=10278:com.example.minimikudancemaui isResizeable=true minWidth=-1 minHeight=-1}}} m=CLOSE f=NONE leash=Surface(name=Task=1674)/@0xc8bd531 sb=Rect(0, 0 - 1080, 2400) eb=Rect(0, 0 - 1080, 2400) epz=Point(1080, 2400) d=0 taskParent=-1},
08-20 23:14:38.560  1635  1716 V WindowManager:         {null m=TO_FRONT f=IS_WALLPAPER leash=Surface(name=WallpaperWindowToken{dcc94b6 token=android.os.Binder@5f19578})/@0xd52acae sb=Rect(0, 0 - 1080, 2400) eb=Rect(0, 0 - 1080, 2400) epz=Point(1080, 2400) d=0}
08-20 23:14:38.560  1635  1716 V WindowManager:     ]}
08-20 23:14:38.562  2777  3256 I AiAiEcho: (REDACTED) Predicting[%d]: %s
08-20 23:14:38.562  2026  2056 V WindowManagerShell:  animated by com.android.wm.shell.transition.RemoteTransitionHandler@889c23a
08-20 23:14:38.562  2777  3256 I AiAiEcho: (REDACTED) EchoTargets: %s
08-20 23:14:38.562  2777  3256 I AiAiEcho: Filtered by AiAi flag check: %s
08-20 23:14:38.562  2777  3256 I AiAiEcho: (REDACTED) Ranked targets strategy: %s, count: %d, ranking metadata: %s
08-20 23:14:38.562  2777  3256 I AiAiEcho: #remoteViewsTwiddler: feature disabled.
08-20 23:14:38.562  2777  3256 I AiAiEcho: (REDACTED) #postPredictionTargets: Sending updates to UISurface %s with targets# %s (types=[%s])
08-20 23:14:38.563  1635  3269 W UserManagerService: Requested status bar icon for non-badged user 0
08-20 23:14:38.563  1635  1719 W ProcessStats: Tracking association SourceState{64052e0 com.android.settings/1000 Service #3474878} whose proc state 8 is better than process ProcessState{8deee45 com.google.android.settings.intelligence/10121 pkg=com.google.android.settings.intelligence} proc state 15 (14 skipped)
08-20 23:14:38.573   541   541 I BpBinder: onLastStrongRef automatically unlinking death recipients: 
08-20 23:14:38.575   545   677 W hwc-libdisplaycolor: GetRrRegammaForRange: no match found (op_hz, hz, dbv, range_id)=(60,60,362,10)
08-20 23:14:38.577  1058  1058 W IPCThreadState: Sending oneway calls to frozen process.
08-20 23:14:38.588   541   541 E SurfaceFlinger: Out of order buffers detected for RequestedLayerState{com.google.android.apps.nexuslauncher/com.google.android.apps.nexuslauncher.NexusLauncherActivity#32170 parentId=102} producedId=1031 frameNumber=86 -> producedId=1031 frameNumber=2
08-20 23:14:38.589  2026  2078 W WindowOnBackDispatcher: sendCancelIfRunning: isInProgress=false callback=android.view.ViewRootImpl$$ExternalSyntheticLambda11@9b35f58
08-20 23:14:38.590  1635  6282 D CoreBackPreview: Window{304c2b5 u0 Splash Screen com.example.minimikudancemaui EXITING}: Setting back callback null
08-20 23:14:38.591   545   677 W hwc-libdisplaycolor: GetRrRegammaForRange: no match found (op_hz, hz, dbv, range_id)=(60,60,362,10)
08-20 23:14:38.591  1635  1852 I ImeTracker: com.google.android.apps.nexuslauncher:8c0f35c3: onRequestHide at ORIGIN_SERVER reason HIDE_SAME_WINDOW_FOCUSED_WITHOUT_EDITOR fromUser false
08-20 23:14:38.592  1635  1852 I ImeTracker: com.google.android.apps.nexuslauncher:8c0f35c3: onCancelled at PHASE_SERVER_SHOULD_HIDE
08-20 23:14:38.593  5848  5848 I GoogleInputMethodService: GoogleInputMethodService.onFinishInput():3122 
08-20 23:14:38.594  5848  5848 I GoogleInputMethodService: GoogleInputMethodService.updateDeviceLockedStatus():2193 repeatCheckTimes = 0, locked = false
08-20 23:14:38.594  5848  5848 I GoogleInputMethodService: GoogleInputMethodService.onStartInput():1937 onStartInput(EditorInfo{EditorInfo{packageName=com.google.android.apps.nexuslauncher, inputType=0, inputTypeString=NULL, enableLearning=false, autoCorrection=false, autoComplete=false, imeOptions=0, privateImeOptions=null, actionName=UNSPECIFIED, actionLabel=null, initialSelStart=-1, initialSelEnd=-1, initialCapsMode=0, label=null, fieldId=0, fieldName=null, extras=null, hintText=null, hintLocales=[]}}, false)
08-20 23:14:38.595  5848  5848 I GoogleInputMethodService: GoogleInputMethodService.updateDeviceLockedStatus():2193 repeatCheckTimes = 1, locked = false
08-20 23:14:38.595  5848  5848 I AndroidIME: InputBundleManager.loadActiveInputBundleId():450 loadActiveInputBundleId: und-Latn-x-password-ascii, password_ascii
08-20 23:14:38.595  1635  6282 W PackageConfigPersister: App-specific configuration not found for packageName: com.google.android.apps.nexuslauncher and userId: 0
08-20 23:14:38.604   541   541 E SurfaceFlinger: Out of order buffers detected for RequestedLayerState{com.google.android.apps.nexuslauncher/com.google.android.apps.nexuslauncher.NexusLauncherActivity#32170 parentId=102} producedId=1031 frameNumber=86 -> producedId=1031 frameNumber=3
08-20 23:14:38.621   541   541 E SurfaceFlinger: Out of order buffers detected for RequestedLayerState{com.google.android.apps.nexuslauncher/com.google.android.apps.nexuslauncher.NexusLauncherActivity#32170 parentId=102} producedId=1031 frameNumber=86 -> producedId=1031 frameNumber=4
08-20 23:14:38.638   541   541 E SurfaceFlinger: Out of order buffers detected for RequestedLayerState{com.google.android.apps.nexuslauncher/com.google.android.apps.nexuslauncher.NexusLauncherActivity#32170 parentId=102} producedId=1031 frameNumber=86 -> producedId=1031 frameNumber=5
08-20 23:14:38.655   541   541 E SurfaceFlinger: Out of order buffers detected for RequestedLayerState{com.google.android.apps.nexuslauncher/com.google.android.apps.nexuslauncher.NexusLauncherActivity#32170 parentId=102} producedId=1031 frameNumber=86 -> producedId=1031 frameNumber=6
08-20 23:14:38.672   541   541 E SurfaceFlinger: Out of order buffers detected for RequestedLayerState{com.google.android.apps.nexuslauncher/com.google.android.apps.nexuslauncher.NexusLauncherActivity#32170 parentId=102} producedId=1031 frameNumber=86 -> producedId=1031 frameNumber=7
08-20 23:14:38.689   541   541 E SurfaceFlinger: Out of order buffers detected for RequestedLayerState{com.google.android.apps.nexuslauncher/com.google.android.apps.nexuslauncher.NexusLauncherActivity#32170 parentId=102} producedId=1031 frameNumber=86 -> producedId=1031 frameNumber=8
08-20 23:14:38.705   541   541 E SurfaceFlinger: Out of order buffers detected for RequestedLayerState{com.google.android.apps.nexuslauncher/com.google.android.apps.nexuslauncher.NexusLauncherActivity#32170 parentId=102} producedId=1031 frameNumber=86 -> producedId=1031 frameNumber=9
08-20 23:14:38.722   541   541 E SurfaceFlinger: Out of order buffers detected for RequestedLayerState{com.google.android.apps.nexuslauncher/com.google.android.apps.nexuslauncher.NexusLauncherActivity#32170 parentId=102} producedId=1031 frameNumber=86 -> producedId=1031 frameNumber=10
08-20 23:14:38.739   541   541 E SurfaceFlinger: Out of order buffers detected for RequestedLayerState{com.google.android.apps.nexuslauncher/com.google.android.apps.nexuslauncher.NexusLauncherActivity#32170 parentId=102} producedId=1031 frameNumber=86 -> producedId=1031 frameNumber=11
08-20 23:14:38.756   541   541 E SurfaceFlinger: Out of order buffers detected for RequestedLayerState{com.google.android.apps.nexuslauncher/com.google.android.apps.nexuslauncher.NexusLauncherActivity#32170 parentId=102} producedId=1031 frameNumber=86 -> producedId=1031 frameNumber=12
08-20 23:14:38.773   541   541 E SurfaceFlinger: Out of order buffers detected for RequestedLayerState{com.google.android.apps.nexuslauncher/com.google.android.apps.nexuslauncher.NexusLauncherActivity#32170 parentId=102} producedId=1031 frameNumber=86 -> producedId=1031 frameNumber=13
08-20 23:14:38.790   541   541 E SurfaceFlinger: Out of order buffers detected for RequestedLayerState{com.google.android.apps.nexuslauncher/com.google.android.apps.nexuslauncher.NexusLauncherActivity#32170 parentId=102} producedId=1031 frameNumber=86 -> producedId=1031 frameNumber=14
08-20 23:14:38.807   541   541 E SurfaceFlinger: Out of order buffers detected for RequestedLayerState{com.google.android.apps.nexuslauncher/com.google.android.apps.nexuslauncher.NexusLauncherActivity#32170 parentId=102} producedId=1031 frameNumber=86 -> producedId=1031 frameNumber=15
08-20 23:14:38.823   541   541 E SurfaceFlinger: Out of order buffers detected for RequestedLayerState{com.google.android.apps.nexuslauncher/com.google.android.apps.nexuslauncher.NexusLauncherActivity#32170 parentId=102} producedId=1031 frameNumber=86 -> producedId=1031 frameNumber=16
08-20 23:14:38.840   541   541 E SurfaceFlinger: Out of order buffers detected for RequestedLayerState{com.google.android.apps.nexuslauncher/com.google.android.apps.nexuslauncher.NexusLauncherActivity#32170 parentId=102} producedId=1031 frameNumber=86 -> producedId=1031 frameNumber=17
08-20 23:14:38.857   541   541 E SurfaceFlinger: Out of order buffers detected for RequestedLayerState{com.google.android.apps.nexuslauncher/com.google.android.apps.nexuslauncher.NexusLauncherActivity#32170 parentId=102} producedId=1031 frameNumber=86 -> producedId=1031 frameNumber=18
08-20 23:14:38.873   541   541 E SurfaceFlinger: Out of order buffers detected for RequestedLayerState{com.google.android.apps.nexuslauncher/com.google.android.apps.nexuslauncher.NexusLauncherActivity#32170 parentId=102} producedId=1031 frameNumber=86 -> producedId=1031 frameNumber=19
08-20 23:14:38.890   541   541 E SurfaceFlinger: Out of order buffers detected for RequestedLayerState{com.google.android.apps.nexuslauncher/com.google.android.apps.nexuslauncher.NexusLauncherActivity#32170 parentId=102} producedId=1031 frameNumber=86 -> producedId=1031 frameNumber=20
08-20 23:14:38.907   541   541 E SurfaceFlinger: Out of order buffers detected for RequestedLayerState{com.google.android.apps.nexuslauncher/com.google.android.apps.nexuslauncher.NexusLauncherActivity#32170 parentId=102} producedId=1031 frameNumber=86 -> producedId=1031 frameNumber=21
08-20 23:14:38.925   541   541 E SurfaceFlinger: Out of order buffers detected for RequestedLayerState{com.google.android.apps.nexuslauncher/com.google.android.apps.nexuslauncher.NexusLauncherActivity#32170 parentId=102} producedId=1031 frameNumber=86 -> producedId=1031 frameNumber=22
08-20 23:14:38.941   541   541 E SurfaceFlinger: Out of order buffers detected for RequestedLayerState{com.google.android.apps.nexuslauncher/com.google.android.apps.nexuslauncher.NexusLauncherActivity#32170 parentId=102} producedId=1031 frameNumber=86 -> producedId=1031 frameNumber=23
08-20 23:14:38.942  2419  2419 D SsBaseTemplateCard: No text view can be set up
08-20 23:14:38.942  2419  2419 D SsBaseTemplateCard: Passed-in item info is null
08-20 23:14:38.942  2419  2419 D SsBaseTemplateCard: Passed-in item info is null
08-20 23:14:38.942  2419  2419 D SsBaseTemplateCard: Passed-in item info is null
08-20 23:14:38.942  2419  2419 I SsBaseTemplateCard: Secondary card pane is null
08-20 23:14:38.944  2026  2056 V WindowManagerShell: Transition animation finished (aborted=false), notifying core (#2171) android.os.BinderProxy@b0c8e07@0
08-20 23:14:38.948  1635  1716 V WindowManager: Finish Transition (#2171): created at 08-20 23:14:38.525 collect-started=0.035ms request-sent=0.044ms started=2.193ms ready=25.305ms sent=27.132ms finished=421.568ms
08-20 23:14:38.956  2026  2056 V WindowManagerShell: Track 0 became idle
08-20 23:14:38.957  2026  2056 V WindowManagerShell: All active transition animations finished
08-20 23:14:38.957  1635  6282 W UserManagerService: Requested status bar icon for non-badged user 0
08-20 23:14:38.958   541   541 E SurfaceFlinger: Out of order buffers detected for RequestedLayerState{com.google.android.apps.nexuslauncher/com.google.android.apps.nexuslauncher.NexusLauncherActivity#32170 parentId=102} producedId=1031 frameNumber=86 -> producedId=1031 frameNumber=24
08-20 23:14:38.958  1635  6282 W UserManagerService: Requested status bar icon for non-badged user 0
08-20 23:14:38.960  2419  2419 D RecentsView: onTaskRemoved: 1674, not handling task stack changes
08-20 23:14:38.960  2419  2419 D RecentsView: onTaskRemoved: 1674, not handling task stack changes
08-20 23:14:38.974   541   541 E SurfaceFlinger: Out of order buffers detected for RequestedLayerState{com.google.android.apps.nexuslauncher/com.google.android.apps.nexuslauncher.NexusLauncherActivity#32170 parentId=102} producedId=1031 frameNumber=86 -> producedId=1031 frameNumber=25
08-20 23:14:38.992   541   541 E SurfaceFlinger: Out of order buffers detected for RequestedLayerState{com.google.android.apps.nexuslauncher/com.google.android.apps.nexuslauncher.NexusLauncherActivity#32170 parentId=102} producedId=1031 frameNumber=86 -> producedId=1031 frameNumber=26
08-20 23:14:39.008   541   541 E SurfaceFlinger: Out of order buffers detected for RequestedLayerState{com.google.android.apps.nexuslauncher/com.google.android.apps.nexuslauncher.NexusLauncherActivity#32170 parentId=102} producedId=1031 frameNumber=86 -> producedId=1031 frameNumber=27
08-20 23:14:39.025   541   541 E SurfaceFlinger: Out of order buffers detected for RequestedLayerState{com.google.android.apps.nexuslauncher/com.google.android.apps.nexuslauncher.NexusLauncherActivity#32170 parentId=102} producedId=1031 frameNumber=86 -> producedId=1031 frameNumber=28
08-20 23:14:39.028  1635  1719 W ActivityTaskManager: Activity top resumed state loss timeout for ActivityRecord{6807954 u0 com.example.minimikudancemaui/crc642b763ce9c7e2f543.MainActivity t-1 f}}
08-20 23:14:39.042   541   541 E SurfaceFlinger: Out of order buffers detected for RequestedLayerState{com.google.android.apps.nexuslauncher/com.google.android.apps.nexuslauncher.NexusLauncherActivity#32170 parentId=102} producedId=1031 frameNumber=86 -> producedId=1031 frameNumber=29
08-20 23:14:39.230   545   605 W hwc-libdisplaycolor: GetRrRegammaForRange: no match found (op_hz, hz, dbv, range_id)=(60,60,362,10)
08-20 23:14:40.043  1635  6282 I ActivityManager: PendingStartActivityUids startActivity to updateOomAdj delay:1015ms, uid:10243
08-20 23:14:40.047 28898 28898 D BoundBrokerSvc: onUnbind: Intent { act=com.google.android.gms.safetynet.service.START pkg=com.google.android.gms }
08-20 23:14:40.075 28898 28908 I DynamiteModule: Considering local module com.google.android.gms.googlecertificates:7 and remote module com.google.android.gms.googlecertificates:7
08-20 23:14:40.075 28898 28908 I DynamiteModule: Selected local version of com.google.android.gms.googlecertificates
08-20 23:14:40.099 28898 28908 W GoogleCertificates: GoogleCertificates has been initialized already
08-20 23:14:40.194 28898 28914 W TracingHelper: No RequestContext found in the trace or trace not available. [CONTEXT service_id=259 ratelimit_count=1410065408 ]
08-20 23:14:40.195 28898 28914 W TracingHelper: Mismatched RequestContext found for module SECURITY__NONWEARABLE. Module id from RequestContext is MODULEID_UNKNOWN [CONTEXT service_id=259 ratelimit_count=1410065408 ]
08-20 23:14:40.195  1110  1110 W TracingMuxer: type=1400 audit(0.0:294619): avc:  denied  { write } for  name="traced_producer" dev="tmpfs" ino=1248 scontext=u:r:gxp_logging:s0 tcontext=u:object_r:traced_producer_socket:s0 tclass=sock_file permissive=0
08-20 23:14:42.568  2156  2334 D ImpulseConnection: timeout didn't happen: com.google.android.apps.turbo
08-20 23:14:42.595  2156  2219 D TemperatureStateSource: sequence=281540 actualDelay=10002
08-20 23:14:42.596  2156  2219 D TemperatureStateSource: Reading temperature: sequence=281541
08-20 23:14:42.615  1690  1690 I pixel-thermal: VIRTUAL-SKIN:36.1779 raw data: VIRTUAL-SKIN:36177.9 VIRTUAL-SKIN-SUB-1:36177.9 VIRTUAL-SKIN-SUB-2:32322.7 VIRTUAL-SKIN-SUB-3:34670.8 charger_therm:38717 gnss_tcxo_therm:36091 modem_therm:37204 quiet_therm:35690 rffe_therm:35133 soc_therm:36558 usb_conn_therm:34577 
08-20 23:14:42.617  2156  2219 D TemperatureStateSource: getDeviceTemperatures: sequence=281541 deviceTemperatureType=3 temperatureSource=0 temperatures=[36.177853]
08-20 23:14:42.618  2156  2219 D BusinessScope: Enqueuing the block
08-20 23:14:42.618  2156  2219 D TemperatureStateSource: sequence=281541 waitTime=10000
08-20 23:14:42.619  2156  2317 D BusinessScope: Start running the #563440 block
08-20 23:14:42.622  1690  1690 I pixel-thermal: VIRTUAL-SKIN:36.1779 raw data: VIRTUAL-SKIN:36177.9 
08-20 23:14:42.623  2156  2317 I TemperatureStateSource: temperature was set
08-20 23:14:42.625  2156  2317 D BusinessScope: Enqueuing the block
08-20 23:14:42.625  2156  2317 D ImpulseStateSource: Notify clients: 281718
08-20 23:14:42.625  2156  2317 D BusinessScope: Finish running the #563440 block
08-20 23:14:42.626  2156  2317 D BusinessScope: Start running the #563441 block
08-20 23:14:42.628  2156  2219 D BusinessScope: Finish running the #563441 block
08-20 23:14:42.659  1690  1706 I pixel-thermal: VIRTUAL-SKIN:36.1779 raw data: VIRTUAL-SKIN:36177.9 
08-20 23:14:42.669  1690  1706 I pixel-thermal: charger_therm:38.717 raw data: charger_therm:38717 
08-20 23:14:42.669  1690  1706 I pixel-thermal: VIRTUAL-SKIN-CHARGE:36.7102 raw data: VIRTUAL-SKIN-CHARGE:36710.2 VIRTUAL-SKIN-CHARGE-SUB-1:36198.9 VIRTUAL-SKIN-CHARGE-SUB-2:36710.2 charger_therm:38717 modem_therm:37204 quiet_therm:35690 rffe_therm:35133 soc_therm:36558 
08-20 23:14:42.669  1690  1706 I pixel-thermal: VIRTUAL-SKIN-CHARGE power_budget=1688.33 err=1.2898 s_power=2200 time_elapsed_ms=7019 p=515.921 i=-1027.59 d=-0 compensation=0 budget transient=0 control target=2
08-20 23:14:42.670  1690  1706 I pixel-thermal: VIRTUAL-SKIN-CHARGE power budget=1639.66 after (PARTIAL_SYSTEM_POWER: 973.34 mW, cdev_weight: 0.050000) is excluded
08-20 23:14:42.670  1690  1706 I pixel-thermal: VIRTUAL-SKIN-CHARGE binded power rails: (PARTIAL_SYSTEM_POWER: 973.34 mW, cdev_weight: 0.050000)
08-20 23:14:42.671  1690  1706 I pixel-thermal: VIRTUAL-SKIN-SPEAKER:35.679 raw data: VIRTUAL-SKIN-SPEAKER:35679 VIRTUAL-SKIN-SPEAKER-SUB-1:33059.3 VIRTUAL-SKIN-SPEAKER-SUB-2:35679 battery:36000 gnss_tcxo_therm:36091 quiet_therm:35690 soc_therm:36558 usb_conn_therm:34577 
08-20 23:14:42.672  1690  1706 I pixel-thermal: VIRTUAL-SKIN-CHARGE-WLC:36.807 raw data: VIRTUAL-SKIN-CHARGE-WLC:36807 charger_therm:38717 modem_therm:37204 rffe_therm:35133 soc_therm:36558 
08-20 23:14:42.672  1690  1706 I pixel-thermal: VIRTUAL-SKIN-CHARGE-WLC power_budget=1677.64 err=1.19304 s_power=1400 time_elapsed_ms=7019 p=238.608 i=39.0316 d=-0 compensation=0 budget transient=0 control target=2
08-20 23:14:42.672  1690  1706 I pixel-thermal: VIRTUAL-SKIN-CHARGE-WLC power budget=1628.97 after (PARTIAL_SYSTEM_POWER: 973.34 mW, cdev_weight: 0.050000) is excluded
08-20 23:14:42.673  1690  1706 I pixel-thermal: VIRTUAL-SKIN-CHARGE-WLC binded power rails: (PARTIAL_SYSTEM_POWER: 973.34 mW, cdev_weight: 0.050000)
08-20 23:14:42.681  1690  1706 I pixel-thermal: Successfully update cdev dc_icl sysfs to 14
08-20 23:14:42.729  2026  2026 D DLObserver: onReceive(); android.intent.action.BATTERY_CHANGED
08-20 23:14:42.729  2026  2026 D DLObserver: plugged=2
08-20 23:14:42.735  2026  2026 D SystemEventDataSource: onReceive: intentAction
08-20 23:14:42.736  2026  2026 D PowerNotificationWarningsGoogleImpl: onReceive: android.intent.action.BATTERY_CHANGED
08-20 23:14:42.736  2026  2026 D IncompatibleChargerNotification: dispatchIntent: android.intent.action.BATTERY_CHANGED
08-20 23:14:42.737  2026  2586 D PowerUI : can't show warning due to - plugged: true status unknown: false
08-20 23:14:42.751  2026  2126 D GoogleBatteryDataSource: fetchDwellDefendStatus: CONNECTED
08-20 23:14:42.752  2026  2126 D GoogleBatteryDataSource: fetchTempDefendStatus: t_sum=0, time_sum=0 t_avg=0 lst_v=0 lst_t=0 lst_u=0, dt=0, t=0 e=0
08-20 23:14:42.753  2026  2126 D SystemEventDataSource: updatedEventData: SystemEventData(intentAction=android.intent.action.BATTERY_CHANGED, plugged=EventData(value=2), batteryScale=EventData(value=100), batteryLevel=EventData(value=80), chargingStatus=EventData(value=4), maxChargingCurrent=EventData(value=3000000), maxChargingVoltage=EventData(value=5000000), batteryStatus=EventData(value=4), halEventData=HalEventData(dockDefendStatus=EventData(value=-3), tempDefendEventData=EventData(value=false), dwellDefendEventData=EventData(value=false)), settingsEventData=SettingsEventData(dockDefenderBypass=EventData(value=0), chargingLimitSettings=EventData(value=1), dndState=EventData(value=false), airplaneState=EventData(value=false)), frameworkApiEventData=FrameworkApiEventData(batterySaverState=EventData(value=false), extremeBatterySaverState=EventData(value=false)))
08-20 23:14:42.753  2026  2126 D SystemEventDataSource: extra doesn't changed, no need to onEventSourceUpdate
08-20 23:14:42.759   545   677 W hwc-libdisplaycolor: GetRrRegammaForRange: no match found (op_hz, hz, dbv, range_id)=(60,60,362,10)
08-20 23:14:43.339 28898 28926 I fhgx    : (REDACTED) Failed to find any valid flight records for process id %d
08-20 23:14:43.343 28898 28926 I fhgx    : (REDACTED) Failed to find any valid flight records for process id %d
08-20 23:14:43.344 28898 28926 I fhgx    : (REDACTED) Failed to find any valid flight records for process id %d
08-20 23:14:43.345 28898 28926 I fhgx    : (REDACTED) Failed to find any valid flight records for process id %d
08-20 23:14:43.346 28898 28926 I fhgx    : (REDACTED) Failed to find any valid flight records for process id %d
08-20 23:14:43.347 28898 28926 I fhgx    : (REDACTED) Failed to find any valid flight records for process id %d
08-20 23:14:43.348 28898 28926 I fhgx    : (REDACTED) Failed to find any valid flight records for process id %d
08-20 23:14:43.349 28898 28926 I fhgx    : (REDACTED) Failed to find any valid flight records for process id %d
08-20 23:14:43.349 28898 28926 I fhgx    : (REDACTED) Failed to find any valid flight records for process id %d
08-20 23:14:43.350 28898 28926 I fhgx    : (REDACTED) Failed to find any valid flight records for process id %d
08-20 23:14:43.351 28898 28926 I fhgx    : (REDACTED) Failed to find any valid flight records for process id %d
08-20 23:14:43.352 28898 28926 I fhgx    : (REDACTED) Failed to find any valid flight records for process id %d
08-20 23:14:43.353 28898 28926 I fhgx    : (REDACTED) Failed to find any valid flight records for process id %d
08-20 23:14:43.353 28898 28926 I fhgx    : (REDACTED) Failed to find any valid flight records for process id %d
08-20 23:14:43.354 28898 28926 I fhgx    : (REDACTED) Failed to find any valid flight records for process id %d
08-20 23:14:43.355 28898 28926 I fhgx    : (REDACTED) Failed to find any valid flight records for process id %d
08-20 23:14:43.544  1635  1831 D ActivityManager: freezing 23350 com.google.android.videos
08-20 23:14:43.547  1635  1911 D InetDiagMessage: Destroyed 0 sockets, proto=IPPROTO_TCP, family=AF_INET, states=14
08-20 23:14:43.549  1635  1911 D InetDiagMessage: Destroyed 0 sockets, proto=IPPROTO_TCP, family=AF_INET6, states=14
08-20 23:14:43.549  1635  1911 D InetDiagMessage: Destroyed live tcp sockets for uids={10185} in 3ms
08-20 23:14:43.575  1690  1706 I pixel-thermal: soc_therm:36.558 raw data: soc_therm:36558 
08-20 23:14:43.583  1690  1706 I pixel-thermal: VIRTUAL-SKIN-HINT:36.1779 raw data: VIRTUAL-SKIN:36177.9 VIRTUAL-SKIN-HINT:36177.9 
08-20 23:14:43.583  1690  1706 I pixel-thermal: VIRTUAL-SKIN-CPU-MID:36.1779 raw data: VIRTUAL-SKIN:36177.9 VIRTUAL-SKIN-CPU-MID:36177.9 
08-20 23:14:43.583  1690  1706 I pixel-thermal: VIRTUAL-SKIN-CPU-HIGH:36.1779 raw data: VIRTUAL-SKIN:36177.9 VIRTUAL-SKIN-CPU-HIGH:36177.9 
08-20 23:14:43.583  1690  1706 I pixel-thermal: VIRTUAL-SKIN-SOC:36.1779 raw data: VIRTUAL-SKIN:36177.9 VIRTUAL-SKIN-SOC:36177.9 
08-20 23:14:43.584  1690  1706 I pixel-thermal: VIRTUAL-SKIN-SOC power_budget=3900 err=8.82215 s_power=800 time_elapsed_ms=7025 p=2646.64 i=1655.59 d=-0 compensation=0 budget transient=0 control target=3
08-20 23:14:43.584  1690  1706 I pixel-thermal: VIRTUAL-SKIN-SOC binded power rails: (S4M_VDD_CPUCL0: 229.97 mW)(S2M_VDD_CPUCL2: 346.35 mW)(S3M_VDD_CPUCL1: 155.06 mW)(S2S_VDD_G3D: 11.43 mW)(S7M_VDD_TPU: 0.00 mW)
08-20 23:14:43.584  1690  1706 I pixel-thermal: cellular-emergency:36.1779 raw data: VIRTUAL-SKIN:36177.9 cellular-emergency:36177.9 
08-20 23:14:43.584  1690  1706 I pixel-thermal: VIRTUAL-SKIN-CPU-LIGHT-ODPM:36.1779 raw data: VIRTUAL-SKIN:36177.9 VIRTUAL-SKIN-CPU-LIGHT-ODPM:36177.9 
08-20 23:14:43.584  1690  1706 I pixel-thermal: VIRTUAL-SKIN-CPU-LIGHT-ODPM power_budget=2841.02 err=2.82215 s_power=800 time_elapsed_ms=7025 p=1128.86 i=912.161 d=-0 compensation=0 budget transient=0 control target=2
08-20 23:14:43.584  1690  1706 I pixel-thermal: VIRTUAL-SKIN-CPU-LIGHT-ODPM binded power rails: (S4M_VDD_CPUCL0: 229.97 mW)(S2M_VDD_CPUCL2: 346.35 mW)(S3M_VDD_CPUCL1: 155.06 mW)
08-20 23:14:43.585  1690  1706 I pixel-thermal: VIRTUAL-SKIN-GPU:36.1779 raw data: VIRTUAL-SKIN:36177.9 VIRTUAL-SKIN-GPU:36177.9 
08-20 23:14:43.743  1635  1816 W ActivityTaskManager: callingPackage for (uid=2000, pid=29011) has no WPC
08-20 23:14:43.745  1635  1816 D CompatChangeReporter: Compat change id reported: 151861875; UID 10278; state: ENABLED
08-20 23:14:43.745  1635  1816 V GrammaticalInflectionUtils: AttributionSource: android.content.AttributionSource@de5ff044 does not have READ_SYSTEM_GRAMMATICAL_GENDER permission.
08-20 23:14:43.746  1635  1816 W OptProp : Cannot read opt property android.window.PROPERTY_COMPAT_ALLOW_RESIZEABLE_ACTIVITY_OVERRIDES
08-20 23:14:43.746  1635  1816 W OptProp : Cannot read opt property android.window.PROPERTY_COMPAT_ALLOW_MIN_ASPECT_RATIO_OVERRIDE
08-20 23:14:43.751  1635  1816 W OptProp : Cannot read opt property android.window.PROPERTY_COMPAT_ALLOW_ORIENTATION_OVERRIDE
08-20 23:14:43.756  1635  1816 I ActivityTaskManager: START u0 {act=android.intent.action.MAIN cat=[android.intent.category.LAUNCHER] flg=0x10000000 cmp=com.example.minimikudancemaui/crc642b763ce9c7e2f543.MainActivity} with LAUNCH_MULTIPLE from uid 2000 (BAL_ALLOW_PERMISSION) result code=0
08-20 23:14:43.756  2026  2056 V WindowManagerShell: Transition requested (#2172): android.os.BinderProxy@4d169b8 TransitionRequestInfo { type = OPEN, triggerTask = TaskInfo{userId=0 taskId=1675 effectiveUid=10278 displayId=0 isRunning=true baseIntent=Intent { act=android.intent.action.MAIN cat=[android.intent.category.LAUNCHER] flg=0x10000000 cmp=com.example.minimikudancemaui/crc642b763ce9c7e2f543.MainActivity } baseActivity=ComponentInfo{com.example.minimikudancemaui/crc642b763ce9c7e2f543.MainActivity} topActivity=ComponentInfo{com.example.minimikudancemaui/crc642b763ce9c7e2f543.MainActivity} origActivity=null realActivity=ComponentInfo{com.example.minimikudancemaui/crc642b763ce9c7e2f543.MainActivity} numActivities=1 lastActiveTime=3125272068 supportsMultiWindow=true resizeMode=1 isResizeable=true minWidth=-1 minHeight=-1 defaultMinSize=220 token=WCT{android.window.IWindowContainerToken$Stub$Proxy@7b04391} topActivityType=1 pictureInPictureParams=null shouldDockBigOverlays=false launchIntoPipHostTaskId=-1 lastParentTaskIdBeforePip=-1 displayCutoutSafeInsets=Rect(0, 121 - 0, 0) topActivityInfo=ActivityInfo{dc922f6 crc642b763ce9c7e2f543.MainActivity} launchCookies=[] positionInParent=Point(0, 0) parentTaskId=-1 isFocused=false isVisible=false isVisibleRequested=false isSleeping=false locusId=null displayAreaFeatureId=1 isTopActivityTransparent=false isTopActivityStyleFloating=false lastNonFullscreenBounds=Rect(277, 689 - 803, 1769) capturedLink=null capturedLinkTimestamp=0 appCompatTaskInfo=AppCompatTaskInfo { topActivityInSizeCompat=false eligibleForLetterboxEducation= false isLetterboxEducationEnabled= false isLetterboxDoubleTapEnabled= false eligibleForUserAspectRatioButton= false topActivityBoundsLetterboxed= false isFromLetterboxDoubleTap= false topActivityLetterboxVerticalPosition= -1 topActivityLetterboxHorizontalPosition= -1 topActivityLetterboxWidth=1080 topActivityLetterboxHeight=2400 topActivityLetterboxAppWidth=1080 topActivityLetterboxAppHeight=2400 isUserFullscreenOverrideEnabled=false isSystemFullscreenOverrideEnabled=false hasMinAspectRatioOverride=false cameraCompatTaskInfo=CameraCompatTaskInfo { freeformCameraCompatMode=inactive}}}, pipTask = null, remoteTransition = null, displayChange = null, flags = 0, debugId = 2172 }
08-20 23:14:43.756  2026  2056 D ShellSplitScreen: logExit: no-op, mLoggerSessionId is null
08-20 23:14:43.759   541   541 I BpBinder: onLastStrongRef automatically unlinking death recipients: 
08-20 23:14:43.759  2419  2419 W SplitSelectStateCtor: Missing session instanceIds
08-20 23:14:43.759  2419  2419 D StatsLog: LAUNCHER_SPLIT_SELECTION_EXIT_INTERRUPTED
08-20 23:14:43.759  1058 22563 W IPCThreadState: Sending oneway calls to frozen process.
08-20 23:14:43.759   545   677 W hwc-libdisplaycolor: GetRrRegammaForRange: no match found (op_hz, hz, dbv, range_id)=(60,60,362,10)
08-20 23:14:43.768  1635  1719 V GrammaticalInflectionUtils: AttributionSource: android.content.AttributionSource@de5ff044 does not have READ_SYSTEM_GRAMMATICAL_GENDER permission.
08-20 23:14:43.770  2845  8643 D ForegroundUtils: Foreground UID status:
08-20 23:14:43.770  2845  8643 D ForegroundUtils: UID: 10081 is in foreground: false
08-20 23:14:43.770  2845  8643 D ForegroundUtils: UID: 10092 is in foreground: false
08-20 23:14:43.770  2845  8643 D ForegroundUtils: UID: 10121 is in foreground: true
08-20 23:14:43.770  2845  8643 D ForegroundUtils: UID: 10161 is in foreground: false
08-20 23:14:43.770  2845  8643 D ForegroundUtils: UID: 10169 is in foreground: true
08-20 23:14:43.770  2845  8643 D ForegroundUtils: UID: 10200 is in foreground: false
08-20 23:14:43.770  2845  8643 D ForegroundUtils: UID: 10243 is in foreground: true
08-20 23:14:43.770  2845  8643 D ForegroundUtils: UID: 10245 is in foreground: true
08-20 23:14:43.770  2845  8643 D ForegroundUtils: UID: 10253 is in foreground: true
08-20 23:14:43.776  1635  3269 D CoreBackPreview: Window{12c2bd3 u0 Splash Screen com.example.minimikudancemaui}: Setting back callback OnBackInvokedCallbackInfo{mCallback=android.window.IOnBackInvokedCallback$Stub$Proxy@503b22f, mPriority=0, mIsAnimationCallback=false}
08-20 23:14:43.777   840   840 D Zygote  : Forked child process 29014
08-20 23:14:43.777  1635  1730 I ActivityManager: Start proc 29014:com.example.minimikudancemaui/u0a278 for next-top-activity {com.example.minimikudancemaui/crc642b763ce9c7e2f543.MainActivity}
08-20 23:14:43.777   545   677 W hwc-libdisplaycolor: GetRrRegammaForRange: no match found (op_hz, hz, dbv, range_id)=(60,60,362,10)
08-20 23:14:43.782  1635  1716 V WindowManager: Sent Transition (#2172) createdAt=08-20 23:14:43.747 via request=TransitionRequestInfo { type = OPEN, triggerTask = TaskInfo{userId=0 taskId=1675 effectiveUid=10278 displayId=0 isRunning=true baseIntent=Intent { act=android.intent.action.MAIN cat=[android.intent.category.LAUNCHER] flg=0x10000000 cmp=com.example.minimikudancemaui/crc642b763ce9c7e2f543.MainActivity } baseActivity=ComponentInfo{com.example.minimikudancemaui/crc642b763ce9c7e2f543.MainActivity} topActivity=ComponentInfo{com.example.minimikudancemaui/crc642b763ce9c7e2f543.MainActivity} origActivity=null realActivity=ComponentInfo{com.example.minimikudancemaui/crc642b763ce9c7e2f543.MainActivity} numActivities=1 lastActiveTime=3125272068 supportsMultiWindow=true resizeMode=1 isResizeable=true minWidth=-1 minHeight=-1 defaultMinSize=220 token=WCT{RemoteToken{23424b Task{25b3836 #1675 type=standard A=10278:com.example.minimikudancemaui isResizeable=true minWidth=-1 minHeight=-1}}} topActivityType=1 pictureInPictureParams=null shouldDockBigOverlays=false launchIntoPipHostTaskId=-1 lastParentTaskIdBeforePip=-1 displayCutoutSafeInsets=Rect(0, 121 - 0, 0) topActivityInfo=ActivityInfo{e384428 crc642b763ce9c7e2f543.MainActivity} launchCookies=[] positionInParent=Point(0, 0) parentTaskId=-1 isFocused=false isVisible=false isVisibleRequested=false isSleeping=false locusId=null displayAreaFeatureId=1 isTopActivityTransparent=false isTopActivityStyleFloating=false lastNonFullscreenBounds=Rect(277, 689 - 803, 1769) capturedLink=null capturedLinkTimestamp=0 appCompatTaskInfo=AppCompatTaskInfo { topActivityInSizeCompat=false eligibleForLetterboxEducation= false isLetterboxEducationEnabled= false isLetterboxDoubleTapEnabled= false eligibleForUserAspectRatioButton= false topActivityBoundsLetterboxed= false isFromLetterboxDoubleTap= false topActivityLetterboxVerticalPosition= -1 topActivityLetterboxHorizontalPosition= -1 topActivityLetterboxWidth=1080 topActivityLetterboxHeight=2400 topActivityLetterboxAppWidth=1080 topActivityLetterboxAppHeight=2400 isUserFullscreenOverrideEnabled=false isSystemFullscreenOverrideEnabled=false hasMinAspectRatioOverride=false cameraCompatTaskInfo=CameraCompatTaskInfo { freeformCameraCompatMode=inactive}}}, pipTask = null, remoteTransition = null, displayChange = null, flags = 0, debugId = 2172 }
08-20 23:14:43.782  1635  1716 V WindowManager:     startWCT=WindowContainerTransaction { changes = {} hops = [] errorCallbackToken=null taskFragmentOrganizer=null }
08-20 23:14:43.782  2026  2042 V WindowManagerShell: onTransitionReady(transaction=7022271646049)
08-20 23:14:43.782  1635  1716 V WindowManager:     info={id=2172 t=OPEN f=0x0 trk=0 r=[0@Point(0, 0)] c=[
08-20 23:14:43.782  1635  1716 V WindowManager:         {WCT{RemoteToken{23424b Task{25b3836 #1675 type=standard A=10278:com.example.minimikudancemaui isResizeable=true minWidth=-1 minHeight=-1}}} m=OPEN f=NONE leash=Surface(name=Task=1675)/@0xb4e71c5 sb=Rect(0, 0 - 1080, 2400) eb=Rect(0, 0 - 1080, 2400) epz=Point(1080, 2400) d=0 taskParent=-1},
08-20 23:14:43.782  1635  1716 V WindowManager:         {WCT{RemoteToken{33b0691 Task{52b1fdc #1 type=home isResizeable=true minWidth=-1 minHeight=-1}}} m=TO_BACK f=SHOW_WALLPAPER leash=Surface(name=Task=1)/@0x8c195dc sb=Rect(0, 0 - 1080, 2400) eb=Rect(0, 0 - 1080, 2400) epz=Point(1080, 2400) d=0 taskParent=-1}
08-20 23:14:43.782  1635  1716 V WindowManager:     ]}
08-20 23:14:43.782  2026  2056 V WindowManagerShell: onTransitionReady (#2172) android.os.BinderProxy@4d169b8: {id=2172 t=OPEN f=0x0 trk=0 r=[0@Point(0, 0)] c=[{WCT{android.window.IWindowContainerToken$Stub$Proxy@abc95da} m=OPEN f=NONE leash=Surface(name=Task=1675)/@0x9d9ddef sb=Rect(0, 0 - 1080, 2400) eb=Rect(0, 0 - 1080, 2400) epz=Point(1080, 2400) d=0 taskParent=-1},{WCT{android.window.IWindowContainerToken$Stub$Proxy@8906a0b} m=TO_BACK f=SHOW_WALLPAPER leash=Surface(name=Task=1)/@0x93c80fc sb=Rect(0, 0 - 1080, 2400) eb=Rect(0, 0 - 1080, 2400) epz=Point(1080, 2400) d=0 taskParent=-1}]}
