08-20 23:14:37.552  1635  1716 V WindowManager: Sent Transition (#2170) createdAt=08-20 23:14:37.509 via request=TransitionRequestInfo { type = OPEN, triggerTask = TaskInfo{userId=0 taskId=1674 effectiveUid=10278 displayId=0 isRunning=true baseIntent=Intent { act=android.intent.action.MAIN cat=[android.intent.category.LAUNCHER] flg=0x10000000 cmp=com.example.minimikudancemaui/crc642b763ce9c7e2f543.MainActivity } baseActivity=ComponentInfo{com.example.minimikudancemaui/crc642b763ce9c7e2f543.MainActivity} topActivity=ComponentInfo{com.example.minimikudancemaui/crc642b763ce9c7e2f543.MainActivity} origActivity=null realActivity=ComponentInfo{com.example.minimikudancemaui/crc642b763ce9c7e2f543.MainActivity} numActivities=1 lastActiveTime=3125265834 supportsMultiWindow=true resizeMode=1 isResizeable=true minWidth=-1 minHeight=-1 defaultMinSize=220 token=WCT{RemoteToken{2780197 Task{4a370fd #1674 type=standard A=10278:com.example.minimikudancemaui isResizeable=true minWidth=-1 minHeight=-1}}} topActivityType=1 pictureInPictureParams=null shouldDockBigOverlays=false launchIntoPipHostTaskId=-1 lastParentTaskIdBeforePip=-1 displayCutoutSafeInsets=Rect(0, 121 - 0, 0) topActivityInfo=ActivityInfo{797936d crc642b763ce9c7e2f543.MainActivity} launchCookies=[] positionInParent=Point(0, 0) parentTaskId=-1 isFocused=false isVisible=false isVisibleRequested=false isSleeping=false locusId=null displayAreaFeatureId=1 isTopActivityTransparent=false isTopActivityStyleFloating=false lastNonFullscreenBounds=Rect(277, 689 - 803, 1769) capturedLink=null capturedLinkTimestamp=0 appCompatTaskInfo=AppCompatTaskInfo { topActivityInSizeCompat=false eligibleForLetterboxEducation= false isLetterboxEducationEnabled= false isLetterboxDoubleTapEnabled= false eligibleForUserAspectRatioButton= false topActivityBoundsLetterboxed= false isFromLetterboxDoubleTap= false topActivityLetterboxVerticalPosition= -1 topActivityLetterboxHorizontalPosition= -1 topActivityLetterboxWidth=1080 topActivityLetterboxHeight=2400 topActivityLetterboxAppWidth=1080 topActivityLetterboxAppHeight=2400 isUserFullscreenOverrideEnabled=false isSystemFullscreenOverrideEnabled=false hasMinAspectRatioOverride=false cameraCompatTaskInfo=CameraCompatTaskInfo { freeformCameraCompatMode=inactive}}}, pipTask = null, remoteTransition = null, displayChange = null, flags = 0, debugId = 2170 }
08-20 23:14:37.552  1635  1716 V WindowManager:     startWCT=WindowContainerTransaction { changes = {} hops = [] errorCallbackToken=null taskFragmentOrganizer=null }
08-20 23:14:37.552  1635  1716 V WindowManager:     info={id=2170 t=OPEN f=0x0 trk=0 r=[0@Point(0, 0)] c=[
08-20 23:14:37.552  1635  1716 V WindowManager:         {WCT{RemoteToken{2780197 Task{4a370fd #1674 type=standard A=10278:com.example.minimikudancemaui isResizeable=true minWidth=-1 minHeight=-1}}} m=OPEN f=NONE leash=Surface(name=Task=1674)/@0xc8bd531 sb=Rect(0, 0 - 1080, 2400) eb=Rect(0, 0 - 1080, 2400) epz=Point(1080, 2400) d=0 taskParent=-1},
08-20 23:14:37.552  1635  1716 V WindowManager:         {WCT{RemoteToken{33b0691 Task{52b1fdc #1 type=home isResizeable=true minWidth=-1 minHeight=-1}}} m=TO_BACK f=SHOW_WALLPAPER leash=Surface(name=Task=1)/@0x8c195dc sb=Rect(0, 0 - 1080, 2400) eb=Rect(0, 0 - 1080, 2400) epz=Point(1080, 2400) d=0 taskParent=-1}
08-20 23:14:37.552  1635  1716 V WindowManager:     ]}
08-20 23:14:37.552  2026 23913 V WindowManagerShell: onTransitionReady(transaction=7022271646012)
08-20 23:14:37.552  2026  2056 V WindowManagerShell: onTransitionReady (#2170) android.os.BinderProxy@434f379: {id=2170 t=OPEN f=0x0 trk=0 r=[0@Point(0, 0)] c=[{WCT{android.window.IWindowContainerToken$Stub$Proxy@442c170} m=OPEN f=NONE leash=Surface(name=Task=1674)/@0xe910eed sb=Rect(0, 0 - 1080, 2400) eb=Rect(0, 0 - 1080, 2400) epz=Point(1080, 2400) d=0 taskParent=-1},{WCT{android.window.IWindowContainerToken$Stub$Proxy@3fcace9} m=TO_BACK f=SHOW_WALLPAPER leash=Surface(name=Task=1)/@0xe9dc122 sb=Rect(0, 0 - 1080, 2400) eb=Rect(0, 0 - 1080, 2400) epz=Point(1080, 2400) d=0 taskParent=-1}]}
08-20 23:14:37.552  2026  2056 V WindowManagerShell: Playing animation for (#2170) android.os.BinderProxy@434f379@0
08-20 23:14:37.552  2026  2056 V WindowManagerShell:  try handler com.android.wm.shell.transition.DefaultMixedHandler@66856ed
08-20 23:14:37.552  2026  2056 V WindowManagerShell:  try handler com.android.wm.shell.keyguard.KeyguardTransitionHandler@d376922
08-20 23:14:37.552  2026  2056 V WindowManagerShell:  try handler com.android.wm.shell.pip.PipTransition@51d17a9
08-20 23:14:37.552  2026  2056 V WindowManagerShell:  try handler com.android.wm.shell.activityembedding.ActivityEmbeddingController@4ec12e
08-20 23:14:37.552  2026  2056 V WindowManagerShell:  try handler com.android.wm.shell.recents.RecentsTransitionHandler@7f874cf
08-20 23:14:37.552  2026  2056 V ShellRecents: RecentsTransitionHandler.startAnimation: no controller found
08-20 23:14:37.552  2026  2056 V WindowManagerShell:  try handler com.android.wm.shell.splitscreen.StageCoordinator@f7afe5c
08-20 23:14:37.552  2026  2056 V WindowManagerShell:  try handler com.android.wm.shell.back.BackAnimationController$BackTransitionHandler@8068565
08-20 23:14:37.552  2026  2056 V WindowManagerShell:  try handler com.android.wm.shell.transition.RemoteTransitionHandler@889c23a
08-20 23:14:37.552  2026  2056 V WindowManagerShell: Transition doesn't have explicit remote, search filters for match for {id=2170 t=OPEN f=0x0 trk=0 r=[0@Point(0, 0)] c=[{WCT{android.window.IWindowContainerToken$Stub$Proxy@442c170} m=OPEN f=NONE leash=Surface(name=Task=1674)/@0xe910eed sb=Rect(0, 0 - 1080, 2400) eb=Rect(0, 0 - 1080, 2400) epz=Point(1080, 2400) d=0 taskParent=-1},{WCT{android.window.IWindowContainerToken$Stub$Proxy@3fcace9} m=TO_BACK f=SHOW_WALLPAPER leash=Surface(name=Task=1)/@0xe9dc122 sb=Rect(0, 0 - 1080, 2400) eb=Rect(0, 0 - 1080, 2400) epz=Point(1080, 2400) d=0 taskParent=-1}]}
08-20 23:14:37.552  2026  2056 V WindowManagerShell:  Checking filter Pair{{types=[] flags=0x0] notFlags=0x0 checks=[{atype=undefined independent=true modes=[CLOSE,TO_BACK] flags=IN_TASK_WITH_EMBEDDED_ACTIVITY mustBeTask=false order=ANY topActivity=null launchCookie=null taskFragmentToken=android.os.BinderProxy@eb18eeb}]} RemoteTransition { remoteTransition = android.window.IRemoteTransition$Stub$Proxy@fe7a448, appThread = android.app.IApplicationThread$Stub$Proxy@15f12e1, debugName = overlayBackTransition }}
08-20 23:14:37.552  2026  2056 V WindowManagerShell:  Checking filter Pair{{types=[] flags=0x0] notFlags=0x0 checks=[{atype=dream independent=true modes=[OPEN,TO_FRONT] flags=NONE mustBeTask=false order=ANY topActivity=null launchCookie=null},{atype=home independent=true modes=[CLOSE,TO_BACK] flags=NONE mustBeTask=false order=ANY topActivity=null launchCookie=null}]} RemoteTransition { remoteTransition = android.window.IRemoteTransition$Stub$Proxy@841c806, appThread = android.app.IApplicationThread$Stub$Proxy@9982ec7, debugName = LauncherToDream }}
08-20 23:14:37.552  2026  2056 V WindowManagerShell:  Checking filter Pair{{types=[] flags=0x0] notFlags=0x100 checks=[{atype=home independent=true modes=[OPEN,TO_FRONT] flags=NONE mustBeTask=false order=TOP topActivity=ComponentInfo{com.google.android.apps.nexuslauncher/com.google.android.apps.nexuslauncher.NexusLauncherActivity} launchCookie=null},{atype=standard independent=true modes=[CLOSE,TO_BACK] flags=NONE mustBeTask=false order=ANY topActivity=null launchCookie=null},{NOT atype=undefined independent=true modes=[] flags=NONE mustBeTask=true order=ANY topActivity=null launchCookie=null customAnim=true}]} RemoteTransition { remoteTransition = android.window.IRemoteTransition$Stub$Proxy@8f6bcf4, appThread = android.app.IApplicationThread$Stub$Proxy@758fc1d, debugName = QuickstepLaunchHome }}
08-20 23:14:37.552  2026  2056 V WindowManagerShell:  Delegate animation for (#2170) to null
08-20 23:14:37.552  2026  2056 V WindowManagerShell:  try handler com.android.wm.shell.transition.DefaultTransitionHandler@9225e92
08-20 23:14:37.552  2026  2056 V WindowManagerShell: start default transition animation, info = {id=2170 t=OPEN f=0x0 trk=0 r=[0@Point(0, 0)] c=[{WCT{android.window.IWindowContainerToken$Stub$Proxy@442c170} m=OPEN f=NONE leash=Surface(name=Task=1674)/@0xe910eed sb=Rect(0, 0 - 1080, 2400) eb=Rect(0, 0 - 1080, 2400) epz=Point(1080, 2400) d=0 taskParent=-1},{WCT{android.window.IWindowContainerToken$Stub$Proxy@3fcace9} m=TO_BACK f=SHOW_WALLPAPER leash=Surface(name=Task=1)/@0xe9dc122 sb=Rect(0, 0 - 1080, 2400) eb=Rect(0, 0 - 1080, 2400) epz=Point(1080, 2400) d=0 taskParent=-1}]}
08-20 23:14:37.552  2026  2056 V WindowManagerShell: loadAnimation: anim=android.view.animation.AnimationSet@3f52c0f animAttr=0x13 type=OPEN isEntrance=false
08-20 23:14:37.553  2026  2056 V WindowManagerShell: loadAnimation: anim=android.view.animation.AnimationSet@56a849c animAttr=0x12 type=OPEN isEntrance=true
08-20 23:14:37.553  2026  2056 V WindowManagerShell:  animated by com.android.wm.shell.transition.DefaultTransitionHandler@9225e92
08-20 23:14:37.553  1635 17683 W UserManagerService: Requested status bar icon for non-badged user 0
08-20 23:14:37.553 28956 28956 I nimikudancemaui: Late-enabling -Xcheck:jni
08-20 23:14:37.570 28956 28956 I nimikudancemaui: Using CollectorTypeCMC GC.
08-20 23:14:37.574  1135  1212 I adbd    : jdwp connection from 28956
08-20 23:14:37.575 28956 28956 D nativeloader: Load libframework-connectivity-tiramisu-jni.so using APEX ns com_android_tethering for caller /apex/com.android.tethering/javalib/framework-connectivity-t.jar: ok
08-20 23:14:37.578   541   541 E SurfaceFlinger: Out of order buffers detected for RequestedLayerState{com.google.android.apps.nexuslauncher/com.google.android.apps.nexuslauncher.NexusLauncherActivity#32170 parentId=102} producedId=1030 frameNumber=86 -> producedId=1030 frameNumber=30
08-20 23:14:37.580   545   677 W hwc-libdisplaycolor: GetRrRegammaForRange: no match found (op_hz, hz, dbv, range_id)=(60,60,362,10)
08-20 23:14:37.581  1635  2192 W com.android.internal.protolog.LogcatOnlyProtoLogImpl: ProtoLog message not processed. Failed to log it to proto. Logging it below to logcat instead.
08-20 23:14:37.581  1635  2192 V WindowManager: Binding proc com.example.minimikudancemaui with config {1.0 ?mcc0mnc [ja_JP,en_US] ldltr sw411dp w411dp h914dp 420dpi nrml long hdr widecg port night finger -keyb/v/h -nav/h winConfig={ mBounds=Rect(0, 0 - 1080, 2400) mAppBounds=Rect(0, 0 - 1080, 2400) mMaxBounds=Rect(0, 0 - 1080, 2400) mDisplayRotation=ROTATION_0 mWindowingMode=fullscreen mActivityType=undefined mAlwaysOnTop=undefined mRotation=ROTATION_0} s.147 fontWeightAdjustment=0}
08-20 23:14:37.582  2845  8643 D ForegroundUtils: Foreground UID status:
08-20 23:14:37.582  2845  8643 D ForegroundUtils: UID: 10081 is in foreground: false
08-20 23:14:37.582  2845  8643 D ForegroundUtils: UID: 10092 is in foreground: false
08-20 23:14:37.582  2845  8643 D ForegroundUtils: UID: 10121 is in foreground: true
08-20 23:14:37.582  2845  8643 D ForegroundUtils: UID: 10161 is in foreground: false
08-20 23:14:37.582  2845  8643 D ForegroundUtils: UID: 10169 is in foreground: true
08-20 23:14:37.582  2845  8643 D ForegroundUtils: UID: 10200 is in foreground: false
08-20 23:14:37.582  2845  8643 D ForegroundUtils: UID: 10243 is in foreground: true
08-20 23:14:37.582  2845  8643 D ForegroundUtils: UID: 10245 is in foreground: true
08-20 23:14:37.582  2845  8643 D ForegroundUtils: UID: 10253 is in foreground: true
08-20 23:14:37.582  2845  8643 D ForegroundUtils: UID: 10278 is in foreground: true
08-20 23:14:37.595   541   541 E SurfaceFlinger: Out of order buffers detected for RequestedLayerState{com.google.android.apps.nexuslauncher/com.google.android.apps.nexuslauncher.NexusLauncherActivity#32170 parentId=102} producedId=1030 frameNumber=86 -> producedId=1030 frameNumber=31
08-20 23:14:37.597   545   677 W hwc-libdisplaycolor: GetRrRegammaForRange: no match found (op_hz, hz, dbv, range_id)=(60,60,362,10)
08-20 23:14:37.605 28956 28956 D ApplicationLoaders: Returning zygote-cached class loader: /system_ext/framework/androidx.window.extensions.jar
08-20 23:14:37.606 28956 28956 D ApplicationLoaders: Returning zygote-cached class loader: /system_ext/framework/androidx.window.sidecar.jar
08-20 23:14:37.607 28956 28956 W ziparchive: Unable to open '/data/app/~~RlGiyNi17UBih94U1ezgMw==/com.example.minimikudancemaui-v1R0tgUjYYQ10ekZwboCWg==/base.dm': No such file or directory
08-20 23:14:37.607 28956 28956 W ziparchive: Unable to open '/data/app/~~RlGiyNi17UBih94U1ezgMw==/com.example.minimikudancemaui-v1R0tgUjYYQ10ekZwboCWg==/base.dm': No such file or directory
08-20 23:14:37.611   541   541 E SurfaceFlinger: Out of order buffers detected for RequestedLayerState{com.google.android.apps.nexuslauncher/com.google.android.apps.nexuslauncher.NexusLauncherActivity#32170 parentId=102} producedId=1030 frameNumber=86 -> producedId=1030 frameNumber=32
08-20 23:14:37.628   541   541 E SurfaceFlinger: Out of order buffers detected for RequestedLayerState{com.google.android.apps.nexuslauncher/com.google.android.apps.nexuslauncher.NexusLauncherActivity#32170 parentId=102} producedId=1030 frameNumber=86 -> producedId=1030 frameNumber=33
08-20 23:14:37.645   541   541 E SurfaceFlinger: Out of order buffers detected for RequestedLayerState{com.google.android.apps.nexuslauncher/com.google.android.apps.nexuslauncher.NexusLauncherActivity#32170 parentId=102} producedId=1030 frameNumber=86 -> producedId=1030 frameNumber=34
08-20 23:14:37.662   541   541 E SurfaceFlinger: Out of order buffers detected for RequestedLayerState{com.google.android.apps.nexuslauncher/com.google.android.apps.nexuslauncher.NexusLauncherActivity#32170 parentId=102} producedId=1030 frameNumber=86 -> producedId=1030 frameNumber=35
08-20 23:14:37.679   541   541 E SurfaceFlinger: Out of order buffers detected for RequestedLayerState{com.google.android.apps.nexuslauncher/com.google.android.apps.nexuslauncher.NexusLauncherActivity#32170 parentId=102} producedId=1030 frameNumber=86 -> producedId=1030 frameNumber=36
08-20 23:14:37.722 28956 28956 D nativeloader: Configuring clns-7 for other apk /data/app/~~RlGiyNi17UBih94U1ezgMw==/com.example.minimikudancemaui-v1R0tgUjYYQ10ekZwboCWg==/base.apk. target_sdk_version=35, uses_libraries=, library_path=/data/app/~~RlGiyNi17UBih94U1ezgMw==/com.example.minimikudancemaui-v1R0tgUjYYQ10ekZwboCWg==/lib/arm64:/data/app/~~RlGiyNi17UBih94U1ezgMw==/com.example.minimikudancemaui-v1R0tgUjYYQ10ekZwboCWg==/base.apk!/lib/arm64-v8a, permitted_path=/data:/mnt/expand:/data/user/0/com.example.minimikudancemaui
08-20 23:14:37.723 28956 28956 D CompatChangeReporter: Compat change id reported: 202956589; UID 10278; state: ENABLED
08-20 23:14:37.731 28956 28956 V GraphicsEnvironment: Currently set values for:
08-20 23:14:37.731 28956 28956 V GraphicsEnvironment:   angle_gl_driver_selection_pkgs=[com.android.angle, com.linecorp.b612.android, com.campmobile.snow, com.google.android.apps.tachyon]
08-20 23:14:37.731 28956 28956 V GraphicsEnvironment:   angle_gl_driver_selection_values=[angle, native, native, native]
08-20 23:14:37.731 28956 28956 V GraphicsEnvironment: com.example.minimikudancemaui is not listed in per-application setting
08-20 23:14:37.731 28956 28956 V GraphicsEnvironment: Neither updatable production driver nor prerelease driver is supported.
08-20 23:14:37.740 28956 28956 D nativeloader: Load /data/app/~~RlGiyNi17UBih94U1ezgMw==/com.example.minimikudancemaui-v1R0tgUjYYQ10ekZwboCWg==/lib/arm64/libmonosgen-2.0.so using ns clns-7 from class loader (caller=/data/app/~~RlGiyNi17UBih94U1ezgMw==/com.example.minimikudancemaui-v1R0tgUjYYQ10ekZwboCWg==/base.apk!classes2.dex): ok
08-20 23:14:37.740 28956 28956 D nativeloader: Load /data/app/~~RlGiyNi17UBih94U1ezgMw==/com.example.minimikudancemaui-v1R0tgUjYYQ10ekZwboCWg==/lib/arm64/libxamarin-app.so using ns clns-7 from class loader (caller=/data/app/~~RlGiyNi17UBih94U1ezgMw==/com.example.minimikudancemaui-v1R0tgUjYYQ10ekZwboCWg==/base.apk!classes2.dex): ok
08-20 23:14:37.741 28956 28956 D nativeloader: Load /data/app/~~RlGiyNi17UBih94U1ezgMw==/com.example.minimikudancemaui-v1R0tgUjYYQ10ekZwboCWg==/lib/arm64/libSystem.Security.Cryptography.Native.Android.so using ns clns-7 from class loader (caller=/data/app/~~RlGiyNi17UBih94U1ezgMw==/com.example.minimikudancemaui-v1R0tgUjYYQ10ekZwboCWg==/base.apk!classes2.dex): ok
08-20 23:14:37.741 28956 28956 D DOTNET  : AndroidCryptoNative_InitLibraryOnLoad: jint AndroidCryptoNative_InitLibraryOnLoad(JavaVM *, void *) in /__w/1/s/src/native/libs/System.Security.Cryptography.Native.Android/pal_jni.c
08-20 23:14:37.741 28956 28956 D DOTNET  : GetOptionalClassGRef: optional class com/android/org/conscrypt/OpenSSLEngineImpl was not found
08-20 23:14:37.742 28956 28956 D nativeloader: Load /data/app/~~RlGiyNi17UBih94U1ezgMw==/com.example.minimikudancemaui-v1R0tgUjYYQ10ekZwboCWg==/lib/arm64/libmonodroid.so using ns clns-7 from class loader (caller=/data/app/~~RlGiyNi17UBih94U1ezgMw==/com.example.minimikudancemaui-v1R0tgUjYYQ10ekZwboCWg==/base.apk!classes2.dex): ok
08-20 23:14:37.743 28956 28956 W monodroid: Failed to create directory '/data/user/0/com.example.minimikudancemaui/files/.__override__/arm64-v8a'. File exists
08-20 23:14:37.743 28956 28956 W monodroid: Creating public update directory: `/data/user/0/com.example.minimikudancemaui/files/.__override__/arm64-v8a`
08-20 23:14:37.743 28956 28956 W nimikudancemaui: Attempt to remove non-JNI local reference
08-20 23:14:37.743 28956 28956 W monodroid: runtime args empty
08-20 23:14:37.767 28956 28956 W monodroid-assembly: open_from_bundles: failed to load bundled assembly MiniMikuDanceMaui.dll
08-20 23:14:37.767 28956 28956 W monodroid-assembly: open_from_bundles: the assembly might have been uploaded to the device with FastDev instead
08-20 23:14:37.768 28956 28956 W monodroid-assembly: open_from_bundles: failed to load bundled assembly Mono.Android.dll
08-20 23:14:37.768 28956 28956 W monodroid-assembly: open_from_bundles: the assembly might have been uploaded to the device with FastDev instead
08-20 23:14:37.769 28956 28956 W monodroid-assembly: open_from_bundles: failed to load bundled assembly System.Runtime.dll
08-20 23:14:37.769 28956 28956 W monodroid-assembly: open_from_bundles: the assembly might have been uploaded to the device with FastDev instead
08-20 23:14:37.769 28956 28956 W monodroid-assembly: open_from_bundles: failed to load bundled assembly Java.Interop.dll
08-20 23:14:37.769 28956 28956 W monodroid-assembly: open_from_bundles: the assembly might have been uploaded to the device with FastDev instead
08-20 23:14:37.770 28956 28956 W monodroid-assembly: open_from_bundles: failed to load bundled assembly System.Runtime.InteropServices.dll
08-20 23:14:37.770 28956 28956 W monodroid-assembly: open_from_bundles: the assembly might have been uploaded to the device with FastDev instead
08-20 23:14:37.770 28956 28956 W monodroid-assembly: open_from_bundles: failed to load bundled assembly System.Collections.dll
08-20 23:14:37.770 28956 28956 W monodroid-assembly: open_from_bundles: the assembly might have been uploaded to the device with FastDev instead
08-20 23:14:37.771 28956 28956 W monodroid-assembly: open_from_bundles: failed to load bundled assembly Mono.Android.Runtime.dll
08-20 23:14:37.771 28956 28956 W monodroid-assembly: open_from_bundles: the assembly might have been uploaded to the device with FastDev instead
08-20 23:14:37.775 28956 28956 W monodroid-assembly: open_from_bundles: failed to load bundled assembly System.Threading.dll
08-20 23:14:37.775 28956 28956 W monodroid-assembly: open_from_bundles: the assembly might have been uploaded to the device with FastDev instead
08-20 23:14:37.784 28956 28956 W monodroid-assembly: open_from_bundles: failed to load bundled assembly System.Threading.Thread.dll
08-20 23:14:37.784 28956 28956 W monodroid-assembly: open_from_bundles: the assembly might have been uploaded to the device with FastDev instead
08-20 23:14:37.784 28956 28956 W monodroid-assembly: open_from_bundles: failed to load bundled assembly System.Diagnostics.StackTrace.dll
08-20 23:14:37.784 28956 28956 W monodroid-assembly: open_from_bundles: the assembly might have been uploaded to the device with FastDev instead
08-20 23:14:37.789 28956 28956 W nimikudancemaui: Attempt to remove non-JNI local reference
08-20 23:14:37.790 28956 28956 W monodroid-assembly: open_from_bundles: failed to load bundled assembly Microsoft.Maui.dll
08-20 23:14:37.790 28956 28956 W monodroid-assembly: open_from_bundles: the assembly might have been uploaded to the device with FastDev instead
08-20 23:14:37.795 28956 28956 W monodroid-assembly: open_from_bundles: failed to load bundled assembly System.Memory.dll
08-20 23:14:37.795 28956 28956 W monodroid-assembly: open_from_bundles: the assembly might have been uploaded to the device with FastDev instead
08-20 23:14:37.797 28956 28956 W monodroid-assembly: open_from_bundles: failed to load bundled assembly System.Reflection.Emit.Lightweight.dll
08-20 23:14:37.797 28956 28956 W monodroid-assembly: open_from_bundles: the assembly might have been uploaded to the device with FastDev instead
08-20 23:14:37.797 28956 28956 W monodroid-assembly: open_from_bundles: failed to load bundled assembly System.Reflection.Emit.ILGeneration.dll
08-20 23:14:37.797 28956 28956 W monodroid-assembly: open_from_bundles: the assembly might have been uploaded to the device with FastDev instead
08-20 23:14:37.797 28956 28956 W monodroid-assembly: open_from_bundles: failed to load bundled assembly System.Reflection.Primitives.dll
08-20 23:14:37.797 28956 28956 W monodroid-assembly: open_from_bundles: the assembly might have been uploaded to the device with FastDev instead
08-20 23:14:37.800 28956 28956 W monodroid-assembly: open_from_bundles: failed to load bundled assembly Microsoft.Maui.Essentials.dll
08-20 23:14:37.800 28956 28956 W monodroid-assembly: open_from_bundles: the assembly might have been uploaded to the device with FastDev instead
08-20 23:14:37.800 28956 28956 W monodroid-assembly: open_from_bundles: failed to load bundled assembly Xamarin.AndroidX.Core.dll
08-20 23:14:37.800 28956 28956 W monodroid-assembly: open_from_bundles: the assembly might have been uploaded to the device with FastDev instead
08-20 23:14:37.813 28956 28956 D CompatChangeReporter: Compat change id reported: 279646685; UID 10278; state: ENABLED
08-20 23:14:37.821 28956 28956 W monodroid-assembly: open_from_bundles: failed to load bundled assembly System.ComponentModel.dll
08-20 23:14:37.821 28956 28956 W monodroid-assembly: open_from_bundles: the assembly might have been uploaded to the device with FastDev instead
08-20 23:14:37.827 28956 28956 W monodroid-assembly: open_from_bundles: failed to load bundled assembly Microsoft.VisualStudio.DesignTools.MobileTapContracts.dll
08-20 23:14:37.827 28956 28956 W monodroid-assembly: open_from_bundles: the assembly might have been uploaded to the device with FastDev instead
08-20 23:14:37.828 28956 28956 W monodroid-assembly: open_from_bundles: failed to load bundled assembly netstandard.dll
08-20 23:14:37.828 28956 28956 W monodroid-assembly: open_from_bundles: the assembly might have been uploaded to the device with FastDev instead
08-20 23:14:37.838 28956 28956 W monodroid-assembly: open_from_bundles: failed to load bundled assembly Microsoft.Extensions.DependencyInjection.Abstractions.dll
08-20 23:14:37.838 28956 28956 W monodroid-assembly: open_from_bundles: the assembly might have been uploaded to the device with FastDev instead
08-20 23:14:37.840 28956 28973 W monodroid-assembly: open_from_bundles: failed to load bundled assembly Microsoft.VisualStudio.DesignTools.TapContract.dll
08-20 23:14:37.840 28956 28973 W monodroid-assembly: open_from_bundles: the assembly might have been uploaded to the device with FastDev instead
08-20 23:14:37.849  2026  2056 V WindowManagerShell: Transition animation finished (aborted=false), notifying core (#2170) android.os.BinderProxy@434f379@0
08-20 23:14:37.849  1635  1716 V WindowManager: Finish Transition (#2170): created at 08-20 23:14:37.509 collect-started=0.099ms request-sent=12.219ms started=14.734ms ready=40.838ms sent=41.732ms finished=339.744ms
08-20 23:14:37.850  2419  2419 D VRI[NexusLauncherActivity]: visibilityChanged oldVisibility=true newVisibility=false
08-20 23:14:37.850  2026  2056 V WindowManagerShell: Track 0 became idle
08-20 23:14:37.850  2026  2056 V WindowManagerShell: All active transition animations finished
08-20 23:14:37.850  1635 17683 W UserManagerService: Requested status bar icon for non-badged user 0
08-20 23:14:37.851  1635 17683 W UserManagerService: Requested status bar icon for non-badged user 0
08-20 23:14:37.853 28956 28956 W monodroid-assembly: open_from_bundles: failed to load bundled assembly System.Console.dll
08-20 23:14:37.853 28956 28956 W monodroid-assembly: open_from_bundles: the assembly might have been uploaded to the device with FastDev instead
08-20 23:14:37.855 28956 28956 W monodroid-assembly: open_from_bundles: failed to load bundled assembly AppCore.dll
08-20 23:14:37.855 28956 28956 W monodroid-assembly: open_from_bundles: the assembly might have been uploaded to the device with FastDev instead
08-20 23:14:37.855 28956 28956 W monodroid-assembly: open_from_bundles: failed to load bundled assembly Microsoft.Maui.Controls.dll
08-20 23:14:37.855 28956 28956 W monodroid-assembly: open_from_bundles: the assembly might have been uploaded to the device with FastDev instead
08-20 23:14:37.855 28956 28956 W monodroid-assembly: open_from_bundles: failed to load bundled assembly System.ObjectModel.dll
08-20 23:14:37.855 28956 28956 W monodroid-assembly: open_from_bundles: the assembly might have been uploaded to the device with FastDev instead
08-20 23:14:37.856 28956 28956 W monodroid-assembly: open_from_bundles: failed to load bundled assembly Microsoft.Maui.Controls.Xaml.dll
08-20 23:14:37.856 28956 28956 W monodroid-assembly: open_from_bundles: the assembly might have been uploaded to the device with FastDev instead
08-20 23:14:37.856 28956 28956 W monodroid-assembly: open_from_bundles: failed to load bundled assembly MauiIcons.Material.Outlined.dll
08-20 23:14:37.856 28956 28956 W monodroid-assembly: open_from_bundles: the assembly might have been uploaded to the device with FastDev instead
08-20 23:14:37.856 28956 28956 W monodroid-assembly: open_from_bundles: failed to load bundled assembly MauiIcons.Material.dll
08-20 23:14:37.856 28956 28956 W monodroid-assembly: open_from_bundles: the assembly might have been uploaded to the device with FastDev instead
08-20 23:14:37.856 28956 28956 W monodroid-assembly: open_from_bundles: failed to load bundled assembly SkiaSharp.Views.Maui.Controls.dll
08-20 23:14:37.856 28956 28956 W monodroid-assembly: open_from_bundles: the assembly might have been uploaded to the device with FastDev instead
08-20 23:14:37.856 28956 28956 W monodroid-assembly: open_from_bundles: failed to load bundled assembly Microsoft.Extensions.Configuration.dll
08-20 23:14:37.856 28956 28956 W monodroid-assembly: open_from_bundles: the assembly might have been uploaded to the device with FastDev instead
08-20 23:14:37.857 28956 28956 W monodroid-assembly: open_from_bundles: failed to load bundled assembly Microsoft.Extensions.Configuration.Abstractions.dll
08-20 23:14:37.857 28956 28956 W monodroid-assembly: open_from_bundles: the assembly might have been uploaded to the device with FastDev instead
08-20 23:14:37.857 28956 28956 W monodroid-assembly: open_from_bundles: failed to load bundled assembly Microsoft.Extensions.Logging.Abstractions.dll
08-20 23:14:37.857 28956 28956 W monodroid-assembly: open_from_bundles: the assembly might have been uploaded to the device with FastDev instead
08-20 23:14:37.864 28956 28956 W monodroid-assembly: open_from_bundles: failed to load bundled assembly System.Private.Uri.dll
08-20 23:14:37.864 28956 28956 W monodroid-assembly: open_from_bundles: the assembly might have been uploaded to the device with FastDev instead
08-20 23:14:37.864 28956 28956 W monodroid-assembly: open_from_bundles: failed to load bundled assembly System.Xml.ReaderWriter.dll
08-20 23:14:37.864 28956 28956 W monodroid-assembly: open_from_bundles: the assembly might have been uploaded to the device with FastDev instead
08-20 23:14:37.864 28956 28956 W monodroid-assembly: open_from_bundles: failed to load bundled assembly System.Private.Xml.dll
08-20 23:14:37.864 28956 28956 W monodroid-assembly: open_from_bundles: the assembly might have been uploaded to the device with FastDev instead
08-20 23:14:37.864  2419  2419 D NexusLauncherModelDelegate: notifySmartspaceEvent: SmartspaceTargetEvent{mSmartspaceTarget=null, mSmartspaceActionId='null', mEventType=7}
08-20 23:14:37.868 28956 28956 W monodroid-assembly: open_from_bundles: failed to load bundled assembly System.Runtime.Loader.dll
08-20 23:14:37.868 28956 28956 W monodroid-assembly: open_from_bundles: the assembly might have been uploaded to the device with FastDev instead
08-20 23:14:37.870 28956 28956 W monodroid-assembly: open_from_bundles: failed to load bundled assembly Microsoft.Maui.Graphics.dll
08-20 23:14:37.870 28956 28956 W monodroid-assembly: open_from_bundles: the assembly might have been uploaded to the device with FastDev instead
08-20 23:14:37.872 28956 28956 W monodroid-assembly: open_from_bundles: failed to load bundled assembly System.Linq.dll
08-20 23:14:37.872 28956 28956 W monodroid-assembly: open_from_bundles: the assembly might have been uploaded to the device with FastDev instead
08-20 23:14:37.877 28956 28956 W monodroid-assembly: open_from_bundles: failed to load bundled assembly Xamarin.AndroidX.AppCompat.dll
08-20 23:14:37.877 28956 28956 W monodroid-assembly: open_from_bundles: the assembly might have been uploaded to the device with FastDev instead
08-20 23:14:37.882 28956 28956 W monodroid-assembly: open_from_bundles: failed to load bundled assembly System.ComponentModel.TypeConverter.dll
08-20 23:14:37.882 28956 28956 W monodroid-assembly: open_from_bundles: the assembly might have been uploaded to the device with FastDev instead
08-20 23:14:37.900   545   677 W hwc-libdisplaycolor: GetRrRegammaForRange: no match found (op_hz, hz, dbv, range_id)=(60,60,362,10)
08-20 23:14:37.901 28956 28956 W monodroid-assembly: open_from_bundles: failed to load bundled assembly Xamarin.Google.Android.Material.dll
08-20 23:14:37.901 28956 28956 W monodroid-assembly: open_from_bundles: the assembly might have been uploaded to the device with FastDev instead
08-20 23:14:37.909 28956 28956 W monodroid-assembly: open_from_bundles: failed to load bundled assembly Xamarin.AndroidX.Fragment.dll
08-20 23:14:37.909 28956 28956 W monodroid-assembly: open_from_bundles: the assembly might have been uploaded to the device with FastDev instead
08-20 23:14:37.909 28956 28956 W monodroid-assembly: open_from_bundles: failed to load bundled assembly Xamarin.AndroidX.Activity.dll
08-20 23:14:37.909 28956 28956 W monodroid-assembly: open_from_bundles: the assembly might have been uploaded to the device with FastDev instead
08-20 23:14:37.909 28956 28956 W monodroid-assembly: open_from_bundles: failed to load bundled assembly Xamarin.AndroidX.Lifecycle.ViewModel.Android.dll
08-20 23:14:37.909 28956 28956 W monodroid-assembly: open_from_bundles: the assembly might have been uploaded to the device with FastDev instead
08-20 23:14:37.909 28956 28956 W monodroid-assembly: open_from_bundles: failed to load bundled assembly Xamarin.AndroidX.Lifecycle.Common.Jvm.dll
08-20 23:14:37.909 28956 28956 W monodroid-assembly: open_from_bundles: the assembly might have been uploaded to the device with FastDev instead
08-20 23:14:37.909 28956 28956 W monodroid-assembly: open_from_bundles: failed to load bundled assembly Xamarin.AndroidX.SavedState.dll
08-20 23:14:37.909 28956 28956 W monodroid-assembly: open_from_bundles: the assembly might have been uploaded to the device with FastDev instead
08-20 23:14:37.910 28956 28956 W monodroid-assembly: open_from_bundles: failed to load bundled assembly Xamarin.AndroidX.DrawerLayout.dll
08-20 23:14:37.910 28956 28956 W monodroid-assembly: open_from_bundles: the assembly might have been uploaded to the device with FastDev instead
08-20 23:14:37.910 28956 28956 W monodroid-assembly: open_from_bundles: failed to load bundled assembly Xamarin.AndroidX.CustomView.dll
08-20 23:14:37.910 28956 28956 W monodroid-assembly: open_from_bundles: the assembly might have been uploaded to the device with FastDev instead
08-20 23:14:37.910 28956 28956 W monodroid-assembly: open_from_bundles: failed to load bundled assembly Xamarin.AndroidX.Navigation.Runtime.dll
08-20 23:14:37.910 28956 28956 W monodroid-assembly: open_from_bundles: the assembly might have been uploaded to the device with FastDev instead
08-20 23:14:37.923 28956 28973 W monodroid-assembly: open_from_bundles: failed to load bundled assembly System.Net.Primitives.dll
08-20 23:14:37.923 28956 28973 W monodroid-assembly: open_from_bundles: the assembly might have been uploaded to the device with FastDev instead
08-20 23:14:37.924 28956 28973 W monodroid-assembly: open_from_bundles: failed to load bundled assembly System.Diagnostics.TraceSource.dll
08-20 23:14:37.924 28956 28973 W monodroid-assembly: open_from_bundles: the assembly might have been uploaded to the device with FastDev instead
08-20 23:14:37.926 28956 28973 W monodroid-assembly: open_from_bundles: failed to load bundled assembly System.Collections.Specialized.dll
08-20 23:14:37.926 28956 28973 W monodroid-assembly: open_from_bundles: the assembly might have been uploaded to the device with FastDev instead
08-20 23:14:37.927 28956 28956 W monodroid-assembly: open_from_bundles: failed to load bundled assembly Microsoft.Extensions.DependencyInjection.dll
08-20 23:14:37.927 28956 28956 W monodroid-assembly: open_from_bundles: the assembly might have been uploaded to the device with FastDev instead
08-20 23:14:37.928 28956 28956 W monodroid-assembly: open_from_bundles: failed to load bundled assembly System.Collections.Concurrent.dll
08-20 23:14:37.928 28956 28956 W monodroid-assembly: open_from_bundles: the assembly might have been uploaded to the device with FastDev instead
08-20 23:14:37.928 28956 28956 W monodroid-assembly: open_from_bundles: failed to load bundled assembly System.Diagnostics.Tracing.dll
08-20 23:14:37.928 28956 28956 W monodroid-assembly: open_from_bundles: the assembly might have been uploaded to the device with FastDev instead
08-20 23:14:37.929 28956 28973 D app_process64: Hot Reload initialization error: No HotReload connection specified
08-20 23:14:37.951 28956 28956 W monodroid-assembly: open_from_bundles: failed to load bundled assembly System.Text.Encoding.Extensions.dll
08-20 23:14:37.951 28956 28956 W monodroid-assembly: open_from_bundles: the assembly might have been uploaded to the device with FastDev instead
08-20 23:14:37.959 28956 28956 W monodroid-assembly: open_from_bundles: failed to load bundled assembly ja-JP/System.Private.CoreLib.resources.dll
08-20 23:14:37.959 28956 28956 W monodroid-assembly: open_from_bundles: the assembly might have been uploaded to the device with FastDev instead
08-20 23:14:37.959 28956 28956 W monodroid-assembly: open_from_update_dir: assembly file DOES NOT EXIST
08-20 23:14:37.959 28956 28956 W monodroid-assembly: open_from_bundles: failed to load bundled assembly ja-JP/System.Private.CoreLib.resources.dll
08-20 23:14:37.959 28956 28956 W monodroid-assembly: open_from_bundles: the assembly might have been uploaded to the device with FastDev instead
08-20 23:14:37.963 28956 28956 W monodroid-assembly: open_from_bundles: failed to load bundled assembly ja/System.Private.CoreLib.resources.dll
08-20 23:14:37.963 28956 28956 W monodroid-assembly: open_from_bundles: the assembly might have been uploaded to the device with FastDev instead
08-20 23:14:37.963 28956 28956 W monodroid-assembly: open_from_update_dir: assembly file DOES NOT EXIST
08-20 23:14:37.963 28956 28956 W monodroid-assembly: open_from_bundles: failed to load bundled assembly ja/System.Private.CoreLib.resources.dll
08-20 23:14:37.963 28956 28956 W monodroid-assembly: open_from_bundles: the assembly might have been uploaded to the device with FastDev instead
08-20 23:14:37.982 28956 28956 W monodroid-assembly: open_from_bundles: failed to load bundled assembly mscorlib.dll
08-20 23:14:37.982 28956 28956 W monodroid-assembly: open_from_bundles: the assembly might have been uploaded to the device with FastDev instead
08-20 23:14:37.982 28956 28956 W monodroid-assembly: open_from_bundles: failed to load bundled assembly System.dll
08-20 23:14:37.982 28956 28956 W monodroid-assembly: open_from_bundles: the assembly might have been uploaded to the device with FastDev instead
08-20 23:14:38.000 28956 28956 W monodroid-assembly: open_from_bundles: failed to load bundled assembly System.Numerics.Vectors.dll
08-20 23:14:38.000 28956 28956 W monodroid-assembly: open_from_bundles: the assembly might have been uploaded to the device with FastDev instead
08-20 23:14:38.030 28956 28956 W monodroid-assembly: open_from_bundles: failed to load bundled assembly System.Text.Json.dll
08-20 23:14:38.030 28956 28956 W monodroid-assembly: open_from_bundles: the assembly might have been uploaded to the device with FastDev instead
08-20 23:14:38.032 28956 28956 W monodroid-assembly: open_from_bundles: failed to load bundled assembly System.Text.Encodings.Web.dll
08-20 23:14:38.032 28956 28956 W monodroid-assembly: open_from_bundles: the assembly might have been uploaded to the device with FastDev instead
08-20 23:14:38.037 28956 28956 W monodroid-assembly: open_from_bundles: failed to load bundled assembly System.Text.RegularExpressions.dll
08-20 23:14:38.037 28956 28956 W monodroid-assembly: open_from_bundles: the assembly might have been uploaded to the device with FastDev instead
08-20 23:14:38.038 28956 28956 W monodroid-assembly: open_from_bundles: failed to load bundled assembly System.Runtime.Intrinsics.dll
08-20 23:14:38.038 28956 28956 W monodroid-assembly: open_from_bundles: the assembly might have been uploaded to the device with FastDev instead
08-20 23:14:38.041 28956 28956 W monodroid-assembly: open_from_bundles: failed to load bundled assembly System.IO.Pipelines.dll
08-20 23:14:38.041 28956 28956 W monodroid-assembly: open_from_bundles: the assembly might have been uploaded to the device with FastDev instead
08-20 23:14:38.085   545   605 W hwc-libdisplaycolor: GetRrRegammaForRange: no match found (op_hz, hz, dbv, range_id)=(60,60,362,10)
08-20 23:14:38.098 28956 28956 W monodroid-assembly: open_from_bundles: failed to load bundled assembly SixLabors.ImageSharp.dll
08-20 23:14:38.098 28956 28956 W monodroid-assembly: open_from_bundles: the assembly might have been uploaded to the device with FastDev instead
08-20 23:14:38.098 28956 28956 W monodroid-assembly: open_from_bundles: failed to load bundled assembly System.Threading.Channels.dll
08-20 23:14:38.098 28956 28956 W monodroid-assembly: open_from_bundles: the assembly might have been uploaded to the device with FastDev instead
08-20 23:14:38.101 28956 28956 W monodroid-assembly: open_from_bundles: failed to load bundled assembly Xamarin.AndroidX.RecyclerView.dll
08-20 23:14:38.101 28956 28956 W monodroid-assembly: open_from_bundles: the assembly might have been uploaded to the device with FastDev instead
08-20 23:14:38.102 28956 28956 W monodroid-assembly: open_from_bundles: failed to load bundled assembly Xamarin.AndroidX.SwipeRefreshLayout.dll
08-20 23:14:38.102 28956 28956 W monodroid-assembly: open_from_bundles: the assembly might have been uploaded to the device with FastDev instead
08-20 23:14:38.105 28956 28956 W monodroid-assembly: open_from_bundles: failed to load bundled assembly Xamarin.AndroidX.CardView.dll
08-20 23:14:38.105 28956 28956 W monodroid-assembly: open_from_bundles: the assembly might have been uploaded to the device with FastDev instead
08-20 23:14:38.111 28956 28956 W monodroid-assembly: open_from_bundles: failed to load bundled assembly SkiaSharp.Views.Maui.Core.dll
08-20 23:14:38.111 28956 28956 W monodroid-assembly: open_from_bundles: the assembly might have been uploaded to the device with FastDev instead
08-20 23:14:38.111 28956 28956 W monodroid-assembly: open_from_bundles: failed to load bundled assembly SkiaSharp.Views.Android.dll
08-20 23:14:38.111 28956 28956 W monodroid-assembly: open_from_bundles: the assembly might have been uploaded to the device with FastDev instead
08-20 23:14:38.111 28956 28956 W monodroid-assembly: open_from_bundles: failed to load bundled assembly SkiaSharp.dll
08-20 23:14:38.111 28956 28956 W monodroid-assembly: open_from_bundles: the assembly might have been uploaded to the device with FastDev instead
08-20 23:14:38.122 28956 28975 D vulkan  : searching for layers in '/data/app/~~RlGiyNi17UBih94U1ezgMw==/com.example.minimikudancemaui-v1R0tgUjYYQ10ekZwboCWg==/lib/arm64'
08-20 23:14:38.123 28956 28975 D vulkan  : searching for layers in '/data/app/~~RlGiyNi17UBih94U1ezgMw==/com.example.minimikudancemaui-v1R0tgUjYYQ10ekZwboCWg==/base.apk!/lib/arm64-v8a'
08-20 23:14:38.130 28956 28956 W monodroid-assembly: open_from_bundles: failed to load bundled assembly Xamarin.AndroidX.Loader.dll
08-20 23:14:38.130 28956 28956 W monodroid-assembly: open_from_bundles: the assembly might have been uploaded to the device with FastDev instead
08-20 23:14:38.142 28956 28956 D AppCompatDelegate: Checking for metadata for AppLocalesMetadataHolderService : Service not found
08-20 23:14:38.150 28956 28956 W monodroid-assembly: open_from_bundles: failed to load bundled assembly _Microsoft.Android.Resource.Designer.dll
08-20 23:14:38.150 28956 28956 W monodroid-assembly: open_from_bundles: the assembly might have been uploaded to the device with FastDev instead
08-20 23:14:38.175 28956 28956 W monodroid-assembly: open_from_bundles: failed to load bundled assembly MauiIcons.Core.dll
08-20 23:14:38.175 28956 28956 W monodroid-assembly: open_from_bundles: the assembly might have been uploaded to the device with FastDev instead
08-20 23:14:38.176 28956 28956 W monodroid-assembly: open_from_bundles: failed to load bundled assembly OpenTK.Mathematics.dll
08-20 23:14:38.176 28956 28956 W monodroid-assembly: open_from_bundles: the assembly might have been uploaded to the device with FastDev instead
08-20 23:14:38.176 28956 28956 W monodroid-assembly: open_from_bundles: failed to load bundled assembly BepuUtilities.dll
08-20 23:14:38.176 28956 28956 W monodroid-assembly: open_from_bundles: the assembly might have been uploaded to the device with FastDev instead
08-20 23:14:38.177 28956 28956 W monodroid-assembly: open_from_bundles: failed to load bundled assembly BepuPhysics.dll
08-20 23:14:38.177 28956 28956 W monodroid-assembly: open_from_bundles: the assembly might have been uploaded to the device with FastDev instead
08-20 23:14:38.202 28956 28956 W monodroid-assembly: open_from_bundles: failed to load bundled assembly System.Runtime.CompilerServices.Unsafe.dll
08-20 23:14:38.202 28956 28956 W monodroid-assembly: open_from_bundles: the assembly might have been uploaded to the device with FastDev instead
08-20 23:14:38.321 28956 28956 I nimikudancemaui: Explicit concurrent mark compact GC freed 1677KB AllocSpace bytes, 3(60KB) LOS objects, 91% free, 2429KB/26MB, paused 28us,641us total 8.726ms
08-20 23:14:38.407 28956 28956 W monodroid-assembly: open_from_bundles: failed to load bundled assembly System.ComponentModel.Primitives.dll
08-20 23:14:38.407 28956 28956 W monodroid-assembly: open_from_bundles: the assembly might have been uploaded to the device with FastDev instead
08-20 23:14:38.485 28956 28956 I nimikudancemaui: Explicit concurrent mark compact GC freed 72KB AllocSpace bytes, 0(0B) LOS objects, 91% free, 2421KB/26MB, paused 35us,689us total 4.640ms
08-20 23:14:38.513 28956 28956 D AndroidRuntime: Shutting down VM
08-20 23:14:38.514 28956 28956 E AndroidRuntime: FATAL EXCEPTION: main
08-20 23:14:38.514 28956 28956 E AndroidRuntime: Process: com.example.minimikudancemaui, PID: 28956
08-20 23:14:38.514 28956 28956 E AndroidRuntime: android.runtime.JavaProxyThrowable: [System.ArgumentException]: Substep count must be positive.
08-20 23:14:38.514 28956 28956 E AndroidRuntime: 	at BepuPhysics.SolveDescription.ValidateDescription + 0x9(Unknown Source)
08-20 23:14:38.514 28956 28956 E AndroidRuntime: 	at BepuPhysics.SolveDescription..ctor + 0x1c(Unknown Source)
08-20 23:14:38.514 28956 28956 E AndroidRuntime: 	at MiniMikuDance.Physics.BepuPhysicsWorld.Initialize + 0x50(Unknown Source)
08-20 23:14:38.514 28956 28956 E AndroidRuntime: 	at MiniMikuDanceMaui.MainPage..ctor + 0x22a(Unknown Source)
08-20 23:14:38.514 28956 28956 E AndroidRuntime: 	at MiniMikuDanceMaui.App.CreateWindow + 0x1(Unknown Source)
08-20 23:14:38.514 28956 28956 E AndroidRuntime: 	at Microsoft.Maui.Controls.Application.Microsoft.Maui.IApplication.CreateWindow + 0x70(Unknown Source)
08-20 23:14:38.514 28956 28956 E AndroidRuntime: 	at Microsoft.Maui.Platform.ApplicationExtensions.CreatePlatformWindow + 0x67(Unknown Source)
08-20 23:14:38.514 28956 28956 E AndroidRuntime: 	at Microsoft.Maui.MauiAppCompatActivity.OnCreate + 0x31(Unknown Source)
08-20 23:14:38.514 28956 28956 E AndroidRuntime: 	at Android.App.Activity.n_OnCreate_Landroid_os_Bundle_ + 0x0(Unknown Source)
08-20 23:14:38.514 28956 28956 E AndroidRuntime: 	at Android.Runtime.JNINativeWrapper.Wrap_JniMarshal_PPL_V + 0x5(Unknown Source)
08-20 23:14:38.514 28956 28956 E AndroidRuntime: 	at crc6488302ad6e9e4df1a.MauiAppCompatActivity.n_onCreate(Native Method)
08-20 23:14:38.514 28956 28956 E AndroidRuntime: 	at crc6488302ad6e9e4df1a.MauiAppCompatActivity.onCreate(MauiAppCompatActivity.java:46)
08-20 23:14:38.514 28956 28956 E AndroidRuntime: 	at android.app.Activity.performCreate(Activity.java:9019)
08-20 23:14:38.514 28956 28956 E AndroidRuntime: 	at android.app.Activity.performCreate(Activity.java:8997)
08-20 23:14:38.514 28956 28956 E AndroidRuntime: 	at android.app.Instrumentation.callActivityOnCreate(Instrumentation.java:1528)
08-20 23:14:38.514 28956 28956 E AndroidRuntime: 	at android.app.ActivityThread.performLaunchActivity(ActivityThread.java:4111)
08-20 23:14:38.514 28956 28956 E AndroidRuntime: 	at android.app.ActivityThread.handleLaunchActivity(ActivityThread.java:4316)
08-20 23:14:38.514 28956 28956 E AndroidRuntime: 	at android.app.servertransaction.LaunchActivityItem.execute(LaunchActivityItem.java:222)
08-20 23:14:38.514 28956 28956 E AndroidRuntime: 	at android.app.servertransaction.TransactionExecutor.executeNonLifecycleItem(TransactionExecutor.java:133)
08-20 23:14:38.514 28956 28956 E AndroidRuntime: 	at android.app.servertransaction.TransactionExecutor.executeTransactionItems(TransactionExecutor.java:103)
08-20 23:14:38.514 28956 28956 E AndroidRuntime: 	at android.app.servertransaction.TransactionExecutor.execute(TransactionExecutor.java:80)
08-20 23:14:38.514 28956 28956 E AndroidRuntime: 	at android.app.ActivityThread$H.handleMessage(ActivityThread.java:2719)
08-20 23:14:38.514 28956 28956 E AndroidRuntime: 	at android.os.Handler.dispatchMessage(Handler.java:109)
08-20 23:14:38.514 28956 28956 E AndroidRuntime: 	at android.os.Looper.loopOnce(Looper.java:232)
08-20 23:14:38.514 28956 28956 E AndroidRuntime: 	at android.os.Looper.loop(Looper.java:317)
08-20 23:14:38.514 28956 28956 E AndroidRuntime: 	at android.app.ActivityThread.main(ActivityThread.java:8787)
08-20 23:14:38.514 28956 28956 E AndroidRuntime: 	at java.lang.reflect.Method.invoke(Native Method)
08-20 23:14:38.514 28956 28956 E AndroidRuntime: 	at com.android.internal.os.RuntimeInit$MethodAndArgsCaller.run(RuntimeInit.java:591)
08-20 23:14:38.514 28956 28956 E AndroidRuntime: 	at com.android.internal.os.ZygoteInit.main(ZygoteInit.java:871)
08-20 23:14:38.515 28956 28956 W monodroid-assembly: Shared library 'liblog' not loaded, p/invoke '__android_log_print' may fail
08-20 23:14:38.516 28956 28956 I MonoDroid: UNHANDLED EXCEPTION:
08-20 23:14:38.522 28956 28956 I MonoDroid: Android.Runtime.JavaProxyThrowable: Exception of type 'Android.Runtime.JavaProxyThrowable' was thrown.
08-20 23:14:38.522 28956 28956 I MonoDroid: 
08-20 23:14:38.522 28956 28956 I MonoDroid:   --- End of managed Android.Runtime.JavaProxyThrowable stack trace ---
08-20 23:14:38.522 28956 28956 I MonoDroid: android.runtime.JavaProxyThrowable: [System.ArgumentException]: Substep count must be positive.
08-20 23:14:38.522 28956 28956 I MonoDroid: 	at BepuPhysics.SolveDescription.ValidateDescription + 0x9(Unknown Source)
08-20 23:14:38.522 28956 28956 I MonoDroid: 	at BepuPhysics.SolveDescription..ctor + 0x1c(Unknown Source)
08-20 23:14:38.522 28956 28956 I MonoDroid: 	at MiniMikuDance.Physics.BepuPhysicsWorld.Initialize + 0x50(Unknown Source)
08-20 23:14:38.522 28956 28956 I MonoDroid: 	at MiniMikuDanceMaui.MainPage..ctor + 0x22a(Unknown Source)
08-20 23:14:38.522 28956 28956 I MonoDroid: 	at MiniMikuDanceMaui.App.CreateWindow + 0x1(Unknown Source)
08-20 23:14:38.522 28956 28956 I MonoDroid: 	at Microsoft.Maui.Controls.Application.Microsoft.Maui.IApplication.CreateWindow + 0x70(Unknown Source)
08-20 23:14:38.522 28956 28956 I MonoDroid: 	at Microsoft.Maui.Platform.ApplicationExtensions.CreatePlatformWindow + 0x67(Unknown Source)
08-20 23:14:38.522 28956 28956 I MonoDroid: 	at Microsoft.Maui.MauiAppCompatActivity.OnCreate + 0x31(Unknown Source)
08-20 23:14:38.522 28956 28956 I MonoDroid: 	at Android.App.Activity.n_OnCreate_Landroid_os_Bundle_ + 0x0(Unknown Source)
08-20 23:14:38.522 28956 28956 I MonoDroid: 	at Android.Runtime.JNINativeWrapper.Wrap_JniMarshal_PPL_V + 0x5(Unknown Source)
08-20 23:14:38.522 28956 28956 I MonoDroid: 	at crc6488302ad6e9e4df1a.MauiAppCompatActivity.n_onCreate(Native Method)
