08-18 01:33:13.002   545   677 W hwc-libdisplaycolor: GetRrRegammaForRange: no match found (op_hz, hz, dbv, range_id)=(60,60,362,10)
08-18 01:33:13.016 10186 10186 W monodroid-assembly: open_from_bundles: failed to load bundled assembly System.Net.Primitives.dll
08-18 01:33:13.016 10186 10186 W monodroid-assembly: open_from_bundles: the assembly might have been uploaded to the device with FastDev instead
08-18 01:33:13.019 10186 10186 W monodroid-assembly: open_from_bundles: failed to load bundled assembly Microsoft.Extensions.DependencyInjection.dll
08-18 01:33:13.019 10186 10186 W monodroid-assembly: open_from_bundles: the assembly might have been uploaded to the device with FastDev instead
08-18 01:33:13.019 10186 10186 W monodroid-assembly: open_from_bundles: failed to load bundled assembly System.Collections.Concurrent.dll
08-18 01:33:13.019 10186 10186 W monodroid-assembly: open_from_bundles: the assembly might have been uploaded to the device with FastDev instead
08-18 01:33:13.020 10186 10186 W monodroid-assembly: open_from_bundles: failed to load bundled assembly System.Diagnostics.Tracing.dll
08-18 01:33:13.020 10186 10186 W monodroid-assembly: open_from_bundles: the assembly might have been uploaded to the device with FastDev instead
08-18 01:33:13.050 10186 10186 W monodroid-assembly: open_from_bundles: failed to load bundled assembly System.Text.Encoding.Extensions.dll
08-18 01:33:13.050 10186 10186 W monodroid-assembly: open_from_bundles: the assembly might have been uploaded to the device with FastDev instead
08-18 01:33:13.058 10186 10207 W monodroid-assembly: open_from_bundles: failed to load bundled assembly System.Diagnostics.TraceSource.dll
08-18 01:33:13.058 10186 10207 W monodroid-assembly: open_from_bundles: the assembly might have been uploaded to the device with FastDev instead
08-18 01:33:13.059 10186 10207 W monodroid-assembly: open_from_bundles: failed to load bundled assembly System.Collections.Specialized.dll
08-18 01:33:13.059 10186 10207 W monodroid-assembly: open_from_bundles: the assembly might have been uploaded to the device with FastDev instead
08-18 01:33:13.060 10186 10207 D app_process64: Hot Reload initialization error: No HotReload connection specified
08-18 01:33:13.064 10186 10186 W monodroid-assembly: open_from_bundles: failed to load bundled assembly ja-JP/System.Private.CoreLib.resources.dll
08-18 01:33:13.064 10186 10186 W monodroid-assembly: open_from_bundles: the assembly might have been uploaded to the device with FastDev instead
08-18 01:33:13.064 10186 10186 W monodroid-assembly: open_from_update_dir: assembly file DOES NOT EXIST
08-18 01:33:13.064 10186 10186 W monodroid-assembly: open_from_bundles: failed to load bundled assembly ja-JP/System.Private.CoreLib.resources.dll
08-18 01:33:13.064 10186 10186 W monodroid-assembly: open_from_bundles: the assembly might have been uploaded to the device with FastDev instead
08-18 01:33:13.068 10186 10186 W monodroid-assembly: open_from_bundles: failed to load bundled assembly ja/System.Private.CoreLib.resources.dll
08-18 01:33:13.068 10186 10186 W monodroid-assembly: open_from_bundles: the assembly might have been uploaded to the device with FastDev instead
08-18 01:33:13.068 10186 10186 W monodroid-assembly: open_from_update_dir: assembly file DOES NOT EXIST
08-18 01:33:13.068 10186 10186 W monodroid-assembly: open_from_bundles: failed to load bundled assembly ja/System.Private.CoreLib.resources.dll
08-18 01:33:13.068 10186 10186 W monodroid-assembly: open_from_bundles: the assembly might have been uploaded to the device with FastDev instead
08-18 01:33:13.086 10186 10186 W monodroid-assembly: open_from_bundles: failed to load bundled assembly mscorlib.dll
08-18 01:33:13.086 10186 10186 W monodroid-assembly: open_from_bundles: the assembly might have been uploaded to the device with FastDev instead
08-18 01:33:13.086 10186 10186 W monodroid-assembly: open_from_bundles: failed to load bundled assembly System.dll
08-18 01:33:13.086 10186 10186 W monodroid-assembly: open_from_bundles: the assembly might have been uploaded to the device with FastDev instead
08-18 01:33:13.103 10186 10186 W monodroid-assembly: open_from_bundles: failed to load bundled assembly System.Numerics.Vectors.dll
08-18 01:33:13.103 10186 10186 W monodroid-assembly: open_from_bundles: the assembly might have been uploaded to the device with FastDev instead
08-18 01:33:13.133 10186 10186 W monodroid-assembly: open_from_bundles: failed to load bundled assembly System.Text.Json.dll
08-18 01:33:13.133 10186 10186 W monodroid-assembly: open_from_bundles: the assembly might have been uploaded to the device with FastDev instead
08-18 01:33:13.135 10186 10186 W monodroid-assembly: open_from_bundles: failed to load bundled assembly System.Text.Encodings.Web.dll
08-18 01:33:13.135 10186 10186 W monodroid-assembly: open_from_bundles: the assembly might have been uploaded to the device with FastDev instead
08-18 01:33:13.140 10186 10186 W monodroid-assembly: open_from_bundles: failed to load bundled assembly System.Text.RegularExpressions.dll
08-18 01:33:13.140 10186 10186 W monodroid-assembly: open_from_bundles: the assembly might have been uploaded to the device with FastDev instead
08-18 01:33:13.140 10186 10186 W monodroid-assembly: open_from_bundles: failed to load bundled assembly System.Runtime.Intrinsics.dll
08-18 01:33:13.140 10186 10186 W monodroid-assembly: open_from_bundles: the assembly might have been uploaded to the device with FastDev instead
08-18 01:33:13.143 10186 10186 W monodroid-assembly: open_from_bundles: failed to load bundled assembly System.IO.Pipelines.dll
08-18 01:33:13.143 10186 10186 W monodroid-assembly: open_from_bundles: the assembly might have been uploaded to the device with FastDev instead
08-18 01:33:13.197 10186 10186 W monodroid-assembly: open_from_bundles: failed to load bundled assembly SixLabors.ImageSharp.dll
08-18 01:33:13.197 10186 10186 W monodroid-assembly: open_from_bundles: the assembly might have been uploaded to the device with FastDev instead
08-18 01:33:13.198 10186 10186 W monodroid-assembly: open_from_bundles: failed to load bundled assembly System.Threading.Channels.dll
08-18 01:33:13.198 10186 10186 W monodroid-assembly: open_from_bundles: the assembly might have been uploaded to the device with FastDev instead
08-18 01:33:13.200 10186 10186 W monodroid-assembly: open_from_bundles: failed to load bundled assembly Xamarin.AndroidX.RecyclerView.dll
08-18 01:33:13.200 10186 10186 W monodroid-assembly: open_from_bundles: the assembly might have been uploaded to the device with FastDev instead
08-18 01:33:13.201 10186 10186 W monodroid-assembly: open_from_bundles: failed to load bundled assembly Xamarin.AndroidX.SwipeRefreshLayout.dll
08-18 01:33:13.201 10186 10186 W monodroid-assembly: open_from_bundles: the assembly might have been uploaded to the device with FastDev instead
08-18 01:33:13.204 10186 10186 W monodroid-assembly: open_from_bundles: failed to load bundled assembly Xamarin.AndroidX.CardView.dll
08-18 01:33:13.204 10186 10186 W monodroid-assembly: open_from_bundles: the assembly might have been uploaded to the device with FastDev instead
08-18 01:33:13.221 10186 10209 D vulkan  : searching for layers in '/data/app/~~MN5CadSUbRNh9nVeSkczew==/com.example.minimikudancemaui-qjAXAgLCSN2Ehf8QFH6Vww==/lib/arm64'
08-18 01:33:13.221 10186 10209 D vulkan  : searching for layers in '/data/app/~~MN5CadSUbRNh9nVeSkczew==/com.example.minimikudancemaui-qjAXAgLCSN2Ehf8QFH6Vww==/base.apk!/lib/arm64-v8a'
08-18 01:33:13.229 10186 10186 W monodroid-assembly: open_from_bundles: failed to load bundled assembly Xamarin.AndroidX.Loader.dll
08-18 01:33:13.229 10186 10186 W monodroid-assembly: open_from_bundles: the assembly might have been uploaded to the device with FastDev instead
08-18 01:33:13.241 10186 10186 D AppCompatDelegate: Checking for metadata for AppLocalesMetadataHolderService : Service not found
08-18 01:33:13.251 10186 10186 W monodroid-assembly: open_from_bundles: failed to load bundled assembly _Microsoft.Android.Resource.Designer.dll
08-18 01:33:13.251 10186 10186 W monodroid-assembly: open_from_bundles: the assembly might have been uploaded to the device with FastDev instead
08-18 01:33:13.283 10186 10186 W monodroid-assembly: open_from_bundles: failed to load bundled assembly MauiIcons.Core.dll
08-18 01:33:13.283 10186 10186 W monodroid-assembly: open_from_bundles: the assembly might have been uploaded to the device with FastDev instead
08-18 01:33:13.406 10186 10186 I nimikudancemaui: Explicit concurrent mark compact GC freed 1681KB AllocSpace bytes, 3(60KB) LOS objects, 91% free, 2425KB/26MB, paused 28us,607us total 4.834ms
08-18 01:33:13.471 10186 10186 W monodroid-assembly: open_from_bundles: failed to load bundled assembly System.ComponentModel.Primitives.dll
08-18 01:33:13.471 10186 10186 W monodroid-assembly: open_from_bundles: the assembly might have been uploaded to the device with FastDev instead
08-18 01:33:13.551 10186 10186 I nimikudancemaui: Explicit concurrent mark compact GC freed 68KB AllocSpace bytes, 0(0B) LOS objects, 91% free, 2421KB/26MB, paused 33us,633us total 4.203ms
08-18 01:33:13.561 10186 10186 W monodroid-assembly: open_from_bundles: failed to load bundled assembly Xamarin.AndroidX.Lifecycle.LiveData.Core.dll
08-18 01:33:13.561 10186 10186 W monodroid-assembly: open_from_bundles: the assembly might have been uploaded to the device with FastDev instead
08-18 01:33:13.590 10186 10186 D DesktopModeFlagsUtil: Toggle override initialized to: OVERRIDE_UNSET
08-18 01:33:13.596 10186 10186 W monodroid-assembly: open_from_bundles: failed to load bundled assembly Xamarin.AndroidX.CoordinatorLayout.dll
08-18 01:33:13.596 10186 10186 W monodroid-assembly: open_from_bundles: the assembly might have been uploaded to the device with FastDev instead
08-18 01:33:13.615 10186 10186 W monodroid-assembly: open_from_bundles: failed to load bundled assembly Xamarin.AndroidX.Lifecycle.Runtime.Android.dll
08-18 01:33:13.615 10186 10186 W monodroid-assembly: open_from_bundles: the assembly might have been uploaded to the device with FastDev instead
08-18 01:33:13.615 10186 10186 W monodroid-assembly: open_from_bundles: failed to load bundled assembly Xamarin.Kotlin.StdLib.dll
08-18 01:33:13.615 10186 10186 W monodroid-assembly: open_from_bundles: the assembly might have been uploaded to the device with FastDev instead
08-18 01:33:13.615 10186 10186 W monodroid-assembly: open_from_bundles: failed to load bundled assembly Xamarin.KotlinX.Coroutines.Core.Jvm.dll
08-18 01:33:13.616 10186 10186 W monodroid-assembly: open_from_bundles: the assembly might have been uploaded to the device with FastDev instead
08-18 01:33:13.627 10186 10186 W nimikudancemaui: Accessing hidden method Landroid/view/ViewGroup;->makeOptionalFitsSystemWindows()V (unsupported, reflection, allowed)
08-18 01:33:13.669 10186 10186 W monodroid-assembly: open_from_bundles: failed to load bundled assembly Xamarin.AndroidX.Navigation.Fragment.dll
08-18 01:33:13.669 10186 10186 W monodroid-assembly: open_from_bundles: the assembly might have been uploaded to the device with FastDev instead
08-18 01:33:13.669 10186 10186 W monodroid-assembly: open_from_bundles: failed to load bundled assembly Xamarin.AndroidX.Navigation.Common.dll
08-18 01:33:13.670 10186 10186 W monodroid-assembly: open_from_bundles: the assembly might have been uploaded to the device with FastDev instead
08-18 01:33:13.768 10186 10186 D CompatChangeReporter: Compat change id reported: 63938206; UID 10278; state: ENABLED
08-18 01:33:13.783 10186 10190 I nimikudancemaui: Compiler allocated 4194KB to compile void android.widget.TextView.<init>(android.content.Context, android.util.AttributeSet, int, int)
08-18 01:33:13.873 10186 10186 D CompatChangeReporter: Compat change id reported: 303326708; UID 10278; state: ENABLED
08-18 01:33:13.885 10186 10186 W monodroid-assembly: open_from_bundles: failed to load bundled assembly Xamarin.AndroidX.Emoji2.dll
08-18 01:33:13.885 10186 10186 W monodroid-assembly: open_from_bundles: the assembly might have been uploaded to the device with FastDev instead
08-18 01:33:13.960 10186 10186 W monodroid-assembly: open_from_bundles: failed to load bundled assembly Xamarin.AndroidX.Navigation.UI.dll
08-18 01:33:13.960 10186 10186 W monodroid-assembly: open_from_bundles: the assembly might have been uploaded to the device with FastDev instead
08-18 01:33:13.971 10186 10186 D CompatChangeReporter: Compat change id reported: 349153669; UID 10278; state: ENABLED
08-18 01:33:13.979 10186 10186 W monodroid-assembly: open_from_bundles: failed to load bundled assembly AssimpNet.dll
08-18 01:33:13.979 10186 10186 W monodroid-assembly: open_from_bundles: the assembly might have been uploaded to the device with FastDev instead
08-18 01:33:13.994  1635  1831 D ActivityManager: freezing 2924 com.google.android.euicc
08-18 01:33:13.997  1635  1911 D InetDiagMessage: Destroyed 0 sockets, proto=IPPROTO_TCP, family=AF_INET, states=14
08-18 01:33:13.998  1635  1911 D InetDiagMessage: Destroyed 0 sockets, proto=IPPROTO_TCP, family=AF_INET6, states=14
08-18 01:33:13.998  1635  1911 D InetDiagMessage: Destroyed live tcp sockets for uids={10119} in 3ms
08-18 01:33:14.002  1635  3006 D CoreBackPreview: Window{3dfb06a u0 com.example.minimikudancemaui/crc642b763ce9c7e2f543.MainActivity}: Setting back callback OnBackInvokedCallbackInfo{mCallback=android.window.IOnBackInvokedCallback$Stub$Proxy@f406936, mPriority=0, mIsAnimationCallback=false}
08-18 01:33:14.026 10186 10186 W monodroid-assembly: Shared library 'bgfx.dll' not loaded, p/invoke 'bgfx_init_ctor' may fail
08-18 01:33:14.028 10186 10186 D app_process64: [Resolver] SharpBgfx requests 'bgfx.dll'
08-18 01:33:14.030 10186 10186 W monodroid-assembly: Shared library 'bgfx.dll' not loaded, p/invoke 'bgfx_init' may fail
08-18 01:33:14.031 10186 10186 D app_process64: [Resolver] SharpBgfx requests 'bgfx.dll'
08-18 01:33:14.032 10186 10186 F libc    : Fatal signal 11 (SIGSEGV), code 1 (SEGV_MAPERR), fault addr 0x4726 in tid 10186 (nimikudancemaui), pid 10186 (nimikudancemaui)
08-18 01:33:14.050 10223 10223 E crash_dump64: failed to get the guest state header for thread 10186: Bad address
08-18 01:33:14.050 10223 10223 E crash_dump64: failed to get the guest state header for thread 10187: Bad address
08-18 01:33:14.050 10223 10223 E crash_dump64: failed to get the guest state header for thread 10188: Bad address
08-18 01:33:14.050 10223 10223 E crash_dump64: failed to get the guest state header for thread 10189: Bad address
08-18 01:33:14.051 10223 10223 E crash_dump64: failed to get the guest state header for thread 10190: Bad address
08-18 01:33:14.051 10223 10223 E crash_dump64: failed to get the guest state header for thread 10192: Bad address
08-18 01:33:14.051 10223 10223 E crash_dump64: failed to get the guest state header for thread 10193: Bad address
08-18 01:33:14.051 10223 10223 E crash_dump64: failed to get the guest state header for thread 10195: Bad address
08-18 01:33:14.051 10223 10223 E crash_dump64: failed to get the guest state header for thread 10196: Bad address
08-18 01:33:14.051 10223 10223 E crash_dump64: failed to get the guest state header for thread 10200: Bad address
08-18 01:33:14.051 10223 10223 E crash_dump64: failed to get the guest state header for thread 10202: Bad address
08-18 01:33:14.051 10223 10223 E crash_dump64: failed to get the guest state header for thread 10203: Bad address
08-18 01:33:14.051 10223 10223 E crash_dump64: failed to get the guest state header for thread 10204: Bad address
08-18 01:33:14.051 10223 10223 E crash_dump64: failed to get the guest state header for thread 10205: Bad address
08-18 01:33:14.051 10223 10223 E crash_dump64: failed to get the guest state header for thread 10206: Bad address
08-18 01:33:14.051 10223 10223 E crash_dump64: failed to get the guest state header for thread 10207: Bad address
08-18 01:33:14.051 10223 10223 E crash_dump64: failed to get the guest state header for thread 10208: Bad address
08-18 01:33:14.051 10223 10223 E crash_dump64: failed to get the guest state header for thread 10209: Bad address
08-18 01:33:14.051 10223 10223 E crash_dump64: failed to get the guest state header for thread 10214: Bad address
08-18 01:33:14.051 10223 10223 E crash_dump64: failed to get the guest state header for thread 10216: Bad address
08-18 01:33:14.052 10223 10223 E crash_dump64: failed to get the guest state header for thread 10217: Bad address
08-18 01:33:14.052 10223 10223 E crash_dump64: failed to get the guest state header for thread 10218: Bad address
08-18 01:33:14.052 10223 10223 E crash_dump64: failed to get the guest state header for thread 10221: Bad address
08-18 01:33:14.065 10223 10223 I crash_dump64: obtaining output fd from tombstoned, type: kDebuggerdTombstoneProto
08-18 01:33:14.065   657   657 I tombstoned: received crash request for pid 10186
08-18 01:33:14.066 10223 10223 I crash_dump64: performing dump of process 10186 (target tid = 10186)
08-18 01:33:14.077 10186 10190 I nimikudancemaui: Compiler allocated 5281KB to compile void android.view.ViewRootImpl.performTraversals()
08-18 01:33:14.079 10223 10223 W crash_dump64: type=1400 audit(0.0:272802): avc:  denied  { search } for  name="data" dev="fuse" ino=10766 scontext=u:r:crash_dump:s0:c22,c257,c512,c768 tcontext=u:object_r:fuse:s0 tclass=dir permissive=0 app=com.example.minimikudancemaui
08-18 01:33:14.087 10223 10223 W crash_dump64: type=1400 audit(0.0:272803): avc:  denied  { search } for  name="data" dev="fuse" ino=10766 scontext=u:r:crash_dump:s0:c22,c257,c512,c768 tcontext=u:object_r:fuse:s0 tclass=dir permissive=0 app=com.example.minimikudancemaui
08-18 01:33:14.107 10223 10223 W crash_dump64: type=1400 audit(0.0:272804): avc:  denied  { search } for  name="data" dev="fuse" ino=10766 scontext=u:r:crash_dump:s0:c22,c257,c512,c768 tcontext=u:object_r:fuse:s0 tclass=dir permissive=0 app=com.example.minimikudancemaui
08-18 01:33:14.107 10223 10223 W crash_dump64: type=1400 audit(0.0:272805): avc:  denied  { search } for  name="data" dev="fuse" ino=10766 scontext=u:r:crash_dump:s0:c22,c257,c512,c768 tcontext=u:object_r:fuse:s0 tclass=dir permissive=0 app=com.example.minimikudancemaui
08-18 01:33:14.107 10223 10223 W crash_dump64: type=1400 audit(0.0:272806): avc:  denied  { search } for  name="data" dev="fuse" ino=10766 scontext=u:r:crash_dump:s0:c22,c257,c512,c768 tcontext=u:object_r:fuse:s0 tclass=dir permissive=0 app=com.example.minimikudancemaui
08-18 01:33:14.107 10223 10223 W crash_dump64: type=1400 audit(0.0:272807): avc:  denied  { search } for  name="data" dev="fuse" ino=10766 scontext=u:r:crash_dump:s0:c22,c257,c512,c768 tcontext=u:object_r:fuse:s0 tclass=dir permissive=0 app=com.example.minimikudancemaui
08-18 01:33:14.107 10223 10223 W crash_dump64: type=1400 audit(0.0:272808): avc:  denied  { search } for  name="data" dev="fuse" ino=10766 scontext=u:r:crash_dump:s0:c22,c257,c512,c768 tcontext=u:object_r:fuse:s0 tclass=dir permissive=0 app=com.example.minimikudancemaui
08-18 01:33:14.107 10223 10223 W crash_dump64: type=1400 audit(0.0:272809): avc:  denied  { search } for  name="data" dev="fuse" ino=10766 scontext=u:r:crash_dump:s0:c22,c257,c512,c768 tcontext=u:object_r:fuse:s0 tclass=dir permissive=0 app=com.example.minimikudancemaui
08-18 01:33:14.107 10223 10223 W crash_dump64: type=1400 audit(0.0:272810): avc:  denied  { search } for  name="data" dev="fuse" ino=10766 scontext=u:r:crash_dump:s0:c22,c257,c512,c768 tcontext=u:object_r:fuse:s0 tclass=dir permissive=0 app=com.example.minimikudancemaui
08-18 01:33:14.158 10223 10223 F DEBUG   : *** *** *** *** *** *** *** *** *** *** *** *** *** *** *** ***
08-18 01:33:14.158 10223 10223 F DEBUG   : Build fingerprint: 'google/akita/akita:15/AP4A.250205.002/12821496:user/release-keys'
08-18 01:33:14.158 10223 10223 F DEBUG   : Revision: 'MP1.0'
08-18 01:33:14.158 10223 10223 F DEBUG   : ABI: 'arm64'
08-18 01:33:14.158 10223 10223 F DEBUG   : Timestamp: 2025-08-18 01:33:14.072117079+0900
08-18 01:33:14.158 10223 10223 F DEBUG   : Process uptime: 3s
08-18 01:33:14.158 10223 10223 F DEBUG   : Cmdline: com.example.minimikudancemaui
08-18 01:33:14.158 10223 10223 F DEBUG   : pid: 10186, tid: 10186, name: nimikudancemaui  >>> com.example.minimikudancemaui <<<
08-18 01:33:14.158 10223 10223 F DEBUG   : uid: 10278
08-18 01:33:14.158 10223 10223 F DEBUG   : tagged_addr_ctrl: 0000000000000001 (PR_TAGGED_ADDR_ENABLE)
08-18 01:33:14.158 10223 10223 F DEBUG   : pac_enabled_keys: 000000000000000f (PR_PAC_APIAKEY, PR_PAC_APIBKEY, PR_PAC_APDAKEY, PR_PAC_APDBKEY)
08-18 01:33:14.158 10223 10223 F DEBUG   : signal 11 (SIGSEGV), code 1 (SEGV_MAPERR), fault addr 0x0000000000004726
08-18 01:33:14.158 10223 10223 F DEBUG   :     x0  0000000000004726  x1  0000000000000000  x2  000000000334d840  x3  0000000000000040
08-18 01:33:14.158 10223 10223 F DEBUG   :     x4  0000007ba60c3a61  x5  0000000000000dff  x6  0000000000000000  x7  0000007fea313c8c
08-18 01:33:14.158 10223 10223 F DEBUG   :     x8  0000007ba611659c  x9  0000000000010000  x10 0000000000010000  x11 000000000000001e
08-18 01:33:14.158 10223 10223 F DEBUG   :     x12 0000000000000475  x13 000000007fffffff  x14 0000000000000008  x15 0000403f5c237e99
08-18 01:33:14.158 10223 10223 F DEBUG   :     x16 0000007ba61afec8  x17 0000007ba6196d54  x18 0000007e7b748000  x19 0000007ba61b8820
08-18 01:33:14.158 10223 10223 F DEBUG   :     x20 0000007ba61b89f0  x21 0000007ba61b8000  x22 0000000000010000  x23 0000007baaad7a00
08-18 01:33:14.158 10223 10223 F DEBUG   :     x24 0000007e7a6d3a80  x25 0000007ba61b8810  x26 0000007ba61b8818  x27 b400007d44c86948
08-18 01:33:14.158 10223 10223 F DEBUG   :     x28 0000000000000080  x29 0000007fea313350
08-18 01:33:14.158 10223 10223 F DEBUG   :     lr  0000007ba60fe764  sp  0000007fea3131b0  pc  0000007ba61165a0  pst 0000000080001000
08-18 01:33:14.158 10223 10223 F DEBUG   : 9 total frames
08-18 01:33:14.158 10223 10223 F DEBUG   : backtrace:
08-18 01:33:14.158 10223 10223 F DEBUG   :       #00 pc 00000000000905a0  /data/app/~~MN5CadSUbRNh9nVeSkczew==/com.example.minimikudancemaui-qjAXAgLCSN2Ehf8QFH6Vww==/lib/arm64/libbgfx.so (bgfx::AllocatorC99::realloc(void*, unsigned long, unsigned long, char const*, unsigned int)+4)
08-18 01:33:14.158 10223 10223 F DEBUG   :       #01 pc 0000000000078760  /data/app/~~MN5CadSUbRNh9nVeSkczew==/com.example.minimikudancemaui-qjAXAgLCSN2Ehf8QFH6Vww==/lib/arm64/libbgfx.so (bgfx::init(bgfx::Init const&)+416)
08-18 01:33:14.158 10223 10223 F DEBUG   :       #02 pc 000000000008bf80  /data/app/~~MN5CadSUbRNh9nVeSkczew==/com.example.minimikudancemaui-qjAXAgLCSN2Ehf8QFH6Vww==/lib/arm64/libbgfx.so (bgfx_init+148)
08-18 01:33:14.158 10223 10223 F DEBUG   :       #03 pc 00000000001a9444  /data/app/~~MN5CadSUbRNh9nVeSkczew==/com.example.minimikudancemaui-qjAXAgLCSN2Ehf8QFH6Vww==/lib/arm64/libmonosgen-2.0.so (BuildId: eb2c97c83bb501fba52a668d79d86d30102202c4)
08-18 01:33:14.158 10223 10223 F DEBUG   :       #04 pc 00000000001a7c34  /data/app/~~MN5CadSUbRNh9nVeSkczew==/com.example.minimikudancemaui-qjAXAgLCSN2Ehf8QFH6Vww==/lib/arm64/libmonosgen-2.0.so (BuildId: eb2c97c83bb501fba52a668d79d86d30102202c4)
08-18 01:33:14.158 10223 10223 F DEBUG   :       #05 pc 000000000019cf94  /data/app/~~MN5CadSUbRNh9nVeSkczew==/com.example.minimikudancemaui-qjAXAgLCSN2Ehf8QFH6Vww==/lib/arm64/libmonosgen-2.0.so (BuildId: eb2c97c83bb501fba52a668d79d86d30102202c4)
08-18 01:33:14.158 10223 10223 F DEBUG   :       #06 pc 00000000001a97d4  /data/app/~~MN5CadSUbRNh9nVeSkczew==/com.example.minimikudancemaui-qjAXAgLCSN2Ehf8QFH6Vww==/lib/arm64/libmonosgen-2.0.so (BuildId: eb2c97c83bb501fba52a668d79d86d30102202c4)
08-18 01:33:14.158 10223 10223 F DEBUG   :       #07 pc 00000000001a9df0  /data/app/~~MN5CadSUbRNh9nVeSkczew==/com.example.minimikudancemaui-qjAXAgLCSN2Ehf8QFH6Vww==/lib/arm64/libmonosgen-2.0.so (BuildId: eb2c97c83bb501fba52a668d79d86d30102202c4)
08-18 01:33:14.158 10223 10223 F DEBUG   :       #08 pc 00000000000062d4  <anonymous:7e5f202000>
08-18 01:33:14.168  1635 10227 I DropBoxManagerService: add tag=data_app_native_crash isTagEnabled=true flags=0x2
08-18 01:33:14.169  1635 10226 W ActivityTaskManager:   Force finishing activity com.example.minimikudancemaui/crc642b763ce9c7e2f543.MainActivity
08-18 01:33:14.169  2026  2056 V WindowManagerShell: Transition requested (#2044): android.os.BinderProxy@901981a TransitionRequestInfo { type = CLOSE, triggerTask = null, pipTask = null, remoteTransition = null, displayChange = null, flags = 10, debugId = 2044 }
08-18 01:33:14.169   657   657 E tombstoned: Tombstone written to: tombstone_12
08-18 01:33:14.170  1635  1826 I DropBoxManagerService: add tag=SYSTEM_TOMBSTONE_PROTO_WITH_HEADERS isTagEnabled=true flags=0x4
08-18 01:33:14.171  2419  2419 D VRI[NexusLauncherActivity]: visibilityChanged oldVisibility=false newVisibility=true
08-18 01:33:14.178   541   541 I BpBinder: onLastStrongRef automatically unlinking death recipients: 
08-18 01:33:14.178  2419  2419 D NexusLauncherModelDelegate: notifySmartspaceEvent: SmartspaceTargetEvent{mSmartspaceTarget=null, mSmartspaceActionId='null', mEventType=6}
08-18 01:33:14.192  1635  1845 W InputDispatcher: channel '3dfb06a com.example.minimikudancemaui/crc642b763ce9c7e2f543.MainActivity' ~ Consumer closed input channel or an error occurred.  events=0x9
08-18 01:33:14.192  1635  1845 E InputDispatcher: channel '3dfb06a com.example.minimikudancemaui/crc642b763ce9c7e2f543.MainActivity' ~ Channel is unrecoverably broken and will be disposed!
08-18 01:33:14.192  1635  1845 I WindowManager: WINDOW DIED Window{3dfb06a u0 com.example.minimikudancemaui/crc642b763ce9c7e2f543.MainActivity}
08-18 01:33:14.192  1635  1826 I BootReceiver: Copying /data/tombstones/tombstone_12 to DropBox (SYSTEM_TOMBSTONE)
08-18 01:33:14.192  1635  1826 I DropBoxManagerService: add tag=SYSTEM_TOMBSTONE isTagEnabled=true flags=0x6
08-18 01:33:14.193  1135  1135 I adbd    : Remote process closed the socket (on MSG_PEEK)
08-18 01:33:14.194  1635  3005 I ActivityManager: Process com.example.minimikudancemaui (pid 10186) has died: fg  TOP 
08-18 01:33:14.195   618   618 W powerhal-libperfmgr: sched_setattr failed for thread 10217, err=3
08-18 01:33:14.195   618   618 W powerhal-libperfmgr: sched_setattr failed for thread 10218, err=3
08-18 01:33:14.195   618   618 W powerhal-libperfmgr: sched_setattr failed for thread 10209, err=3
08-18 01:33:14.195  2845  2879 D ForegroundUtils: UID: 10278 deleted.
08-18 01:33:14.195  1635  1717 D DisplayManagerService: Drop pending events for gone uid 10278
08-18 01:33:14.197  2419  2990 E FrameEvents: addRelease: Did not find frame.
08-18 01:33:14.198   840   840 I Zygote  : Process 10186 exited due to signal 11 (Segmentation fault)
08-18 01:33:14.198  2026  2056 D WindowManagerShell: setLauncherKeepClearAreaHeight: visible=true, height=527
08-18 01:33:14.198  2419  2419 D StatsLog: LAUNCHER_ONRESUME
08-18 01:33:14.198  1635  1732 I libprocessgroup: Removed cgroup /sys/fs/cgroup/uid_10278/pid_10186
08-18 01:33:14.198  1635  1911 D InetDiagMessage: Destroyed 0 sockets, proto=IPPROTO_TCP, family=AF_INET, states=14
08-18 01:33:14.199  2026  2674 V WindowManagerShell: onTransitionReady(transaction=7022271640930)
08-18 01:33:14.199  2026  2056 V WindowManagerShell: onTransitionReady (#2044) android.os.BinderProxy@901981a: {id=2044 t=CLOSE f=0x10 trk=0 r=[0@Point(0, 0)] c=[{WCT{android.window.IWindowContainerToken$Stub$Proxy@c2d2527} m=TO_FRONT f=SHOW_WALLPAPER|MOVE_TO_TOP leash=Surface(name=Task=1)/@0x21df4b sb=Rect(0, 0 - 1080, 2400) eb=Rect(0, 0 - 1080, 2400) epz=Point(1080, 2400) d=0 taskParent=-1},{WCT{android.window.IWindowContainerToken$Stub$Proxy@3b4e3d4} m=CLOSE f=NONE leash=Surface(name=Task=1615)/@0xf771d28 sb=Rect(0, 0 - 1080, 2400) eb=Rect(0, 0 - 1080, 2400) epz=Point(1080, 2400) d=0 taskParent=-1},{null m=TO_FRONT f=IS_WALLPAPER leash=Surface(name=WallpaperWindowToken{dcc94b6 token=android.os.Binder@5f19578})/@0x589ca41 sb=Rect(0, 0 - 1080, 2400) eb=Rect(0, 0 - 1080, 2400) epz=Point(1080, 2400) d=0}]}
08-18 01:33:14.199  2419  2491 D QuickstepModelDelegate: notifyAppTargetEvent action=1 launchLocation=workspace/0/[-1,-1]/[1,1]
08-18 01:33:14.199  2026  2056 V WindowManagerShell: Playing animation for (#2044) android.os.BinderProxy@901981a@0
08-18 01:33:14.199  1635  1911 D InetDiagMessage: Destroyed 0 sockets, proto=IPPROTO_TCP, family=AF_INET6, states=14
08-18 01:33:14.199  2026  2056 V WindowManagerShell:  try handler com.android.wm.shell.transition.DefaultMixedHandler@66856ed
08-18 01:33:14.199  2026  2056 V WindowManagerShell:  try handler com.android.wm.shell.keyguard.KeyguardTransitionHandler@d376922
08-18 01:33:14.199  2026  2056 V WindowManagerShell:  try handler com.android.wm.shell.pip.PipTransition@51d17a9
08-18 01:33:14.199  1635  1911 D InetDiagMessage: Destroyed live tcp sockets for uids={10278} in 3ms
08-18 01:33:14.199  2026  2056 V WindowManagerShell:  try handler com.android.wm.shell.activityembedding.ActivityEmbeddingController@4ec12e
08-18 01:33:14.199  2026  2056 V WindowManagerShell:  try handler com.android.wm.shell.recents.RecentsTransitionHandler@7f874cf
08-18 01:33:14.199  2026  2056 V ShellRecents: RecentsTransitionHandler.startAnimation: no controller found
08-18 01:33:14.199  2026  2056 V WindowManagerShell:  try handler com.android.wm.shell.splitscreen.StageCoordinator@f7afe5c
08-18 01:33:14.199  2026  2056 V WindowManagerShell:  try handler com.android.wm.shell.back.BackAnimationController$BackTransitionHandler@8068565
08-18 01:33:14.199  2026  2056 V WindowManagerShell:  try handler com.android.wm.shell.transition.RemoteTransitionHandler@889c23a
08-18 01:33:14.199  2026  2056 V WindowManagerShell: Transition doesn't have explicit remote, search filters for match for {id=2044 t=CLOSE f=0x10 trk=0 r=[0@Point(0, 0)] c=[{WCT{android.window.IWindowContainerToken$Stub$Proxy@c2d2527} m=TO_FRONT f=SHOW_WALLPAPER|MOVE_TO_TOP leash=Surface(name=Task=1)/@0x21df4b sb=Rect(0, 0 - 1080, 2400) eb=Rect(0, 0 - 1080, 2400) epz=Point(1080, 2400) d=0 taskParent=-1},{WCT{android.window.IWindowContainerToken$Stub$Proxy@3b4e3d4} m=CLOSE f=NONE leash=Surface(name=Task=1615)/@0xf771d28 sb=Rect(0, 0 - 1080, 2400) eb=Rect(0, 0 - 1080, 2400) epz=Point(1080, 2400) d=0 taskParent=-1},{null m=TO_FRONT f=IS_WALLPAPER leash=Surface(name=WallpaperWindowToken{dcc94b6 token=android.os.Binder@5f19578})/@0x589ca41 sb=Rect(0, 0 - 1080, 2400) eb=Rect(0, 0 - 1080, 2400) epz=Point(1080, 2400) d=0}]}
08-18 01:33:14.199  2026  2056 V WindowManagerShell:  Checking filter Pair{{types=[] flags=0x0] notFlags=0x0 checks=[{atype=undefined independent=true modes=[CLOSE,TO_BACK] flags=IN_TASK_WITH_EMBEDDED_ACTIVITY mustBeTask=false order=ANY topActivity=null launchCookie=null taskFragmentToken=android.os.BinderProxy@eb18eeb}]} RemoteTransition { remoteTransition = android.window.IRemoteTransition$Stub$Proxy@fe7a448, appThread = android.app.IApplicationThread$Stub$Proxy@15f12e1, debugName = overlayBackTransition }}
08-18 01:33:14.199  2026  2056 V WindowManagerShell:  Checking filter Pair{{types=[] flags=0x0] notFlags=0x0 checks=[{atype=dream independent=true modes=[OPEN,TO_FRONT] flags=NONE mustBeTask=false order=ANY topActivity=null launchCookie=null},{atype=home independent=true modes=[CLOSE,TO_BACK] flags=NONE mustBeTask=false order=ANY topActivity=null launchCookie=null}]} RemoteTransition { remoteTransition = android.window.IRemoteTransition$Stub$Proxy@841c806, appThread = android.app.IApplicationThread$Stub$Proxy@9982ec7, debugName = LauncherToDream }}
08-18 01:33:14.199  2026  2056 V WindowManagerShell:  Checking filter Pair{{types=[] flags=0x0] notFlags=0x100 checks=[{atype=home independent=true modes=[OPEN,TO_FRONT] flags=NONE mustBeTask=false order=TOP topActivity=ComponentInfo{com.google.android.apps.nexuslauncher/com.google.android.apps.nexuslauncher.NexusLauncherActivity} launchCookie=null},{atype=standard independent=true modes=[CLOSE,TO_BACK] flags=NONE mustBeTask=false order=ANY topActivity=null launchCookie=null},{NOT atype=undefined independent=true modes=[] flags=NONE mustBeTask=true order=ANY topActivity=null launchCookie=null customAnim=true}]} RemoteTransition { remoteTransition = android.window.IRemoteTransition$Stub$Proxy@8f6bcf4, appThread = android.app.IApplicationThread$Stub$Proxy@758fc1d, debugName = QuickstepLaunchHome }}
08-18 01:33:14.200  2026  2056 D RemoteTransitionHandler: Found filterPair{{types=[] flags=0x0] notFlags=0x100 checks=[{atype=home independent=true modes=[OPEN,TO_FRONT] flags=NONE mustBeTask=false order=TOP topActivity=ComponentInfo{com.google.android.apps.nexuslauncher/com.google.android.apps.nexuslauncher.NexusLauncherActivity} launchCookie=null},{atype=standard independent=true modes=[CLOSE,TO_BACK] flags=NONE mustBeTask=false order=ANY topActivity=null launchCookie=null},{NOT atype=undefined independent=true modes=[] flags=NONE mustBeTask=true order=ANY topActivity=null launchCookie=null customAnim=true}]} RemoteTransition { remoteTransition = android.window.IRemoteTransition$Stub$Proxy@8f6bcf4, appThread = android.app.IApplicationThread$Stub$Proxy@758fc1d, debugName = QuickstepLaunchHome }}
08-18 01:33:14.200  2026  2056 V WindowManagerShell:  Delegate animation for (#2044) to RemoteTransition { remoteTransition = android.window.IRemoteTransition$Stub$Proxy@8f6bcf4, appThread = android.app.IApplicationThread$Stub$Proxy@758fc1d, debugName = QuickstepLaunchHome }
08-18 01:33:14.200  1635  1911 D InetDiagMessage: Destroyed 0 sockets, proto=IPPROTO_TCP, family=AF_INET, states=14
08-18 01:33:14.201  1635  1911 D InetDiagMessage: Destroyed 0 sockets, proto=IPPROTO_TCP, family=AF_INET6, states=14
08-18 01:33:14.201  1635  1911 D InetDiagMessage: Destroyed live tcp sockets for uids={20278} in 2ms
08-18 01:33:14.202  2419  2419 D StateManager: createAtomicAnimation - fromState: Background, toState: Normal, partial trace:
08-18 01:33:14.202  2419  2419 D StateManager: 	at com.android.quickstep.util.WorkspaceRevealAnim.prepareToAnimate(go/retraceme e4b594780ee938d25df1f26f117ec811cb665a26ab04cf8d61252762b3355c42:22)
08-18 01:33:14.202  2419  2419 D StateManager: 	at com.android.quickstep.util.WorkspaceRevealAnim.<init>(go/retraceme e4b594780ee938d25df1f26f117ec811cb665a26ab04cf8d61252762b3355c42:11)
08-18 01:33:14.202  2419  2419 D StateManager: 	at com.android.launcher3.QuickstepTransitionManager.createWallpaperOpenAnimations(go/retraceme e4b594780ee938d25df1f26f117ec811cb665a26ab04cf8d61252762b3355c42:661)
08-18 01:33:14.202  2419  2419 D b/311077782: LauncherAnimationRunner.setAnimation
08-18 01:33:14.207  2026  2056 V WindowManagerShell:  animated by com.android.wm.shell.transition.RemoteTransitionHandler@889c23a
08-18 01:33:14.207  1635  1719 W ActivityManager: setHasOverlayUi called on unknown pid: 10186
08-18 01:33:14.208  1635  1716 V WindowManager: Sent Transition (#2044) createdAt=08-18 01:33:14.169 via request=TransitionRequestInfo { type = CLOSE, triggerTask = null, pipTask = null, remoteTransition = null, displayChange = null, flags = 10, debugId = 2044 }
08-18 01:33:14.208  1635  1716 V WindowManager:     startWCT=WindowContainerTransaction { changes = {} hops = [] errorCallbackToken=null taskFragmentOrganizer=null }
08-18 01:33:14.208  1635  1716 V WindowManager:     info={id=2044 t=CLOSE f=0x10 trk=0 r=[0@Point(0, 0)] c=[
08-18 01:33:14.208  1635  1716 V WindowManager:         {WCT{RemoteToken{33b0691 Task{52b1fdc #1 type=home isResizeable=true minWidth=-1 minHeight=-1}}} m=TO_FRONT f=SHOW_WALLPAPER|MOVE_TO_TOP leash=Surface(name=Task=1)/@0x8c195dc sb=Rect(0, 0 - 1080, 2400) eb=Rect(0, 0 - 1080, 2400) epz=Point(1080, 2400) d=0 taskParent=-1},
08-18 01:33:14.208  1635  1716 V WindowManager:         {WCT{RemoteToken{b8a90ac Task{9c9715a #1615 type=standard A=10278:com.example.minimikudancemaui isResizeable=true minWidth=-1 minHeight=-1}}} m=CLOSE f=NONE leash=Surface(name=Task=1615)/@0x11f2c80 sb=Rect(0, 0 - 1080, 2400) eb=Rect(0, 0 - 1080, 2400) epz=Point(1080, 2400) d=0 taskParent=-1},
08-18 01:33:14.208  1635  1716 V WindowManager:         {null m=TO_FRONT f=IS_WALLPAPER leash=Surface(name=WallpaperWindowToken{dcc94b6 token=android.os.Binder@5f19578})/@0xd52acae sb=Rect(0, 0 - 1080, 2400) eb=Rect(0, 0 - 1080, 2400) epz=Point(1080, 2400) d=0}
08-18 01:33:14.208  1635  1716 V WindowManager:     ]}
08-18 01:33:14.208  1635  3003 W UserManagerService: Requested status bar icon for non-badged user 0
08-18 01:33:14.211  2777  3256 I AiAiEcho: (REDACTED) Predicting[%d]: %s
08-18 01:33:14.211  2777  3256 I AiAiEcho: (REDACTED) EchoTargets: %s
08-18 01:33:14.211  2777  3256 I AiAiEcho: Filtered by AiAi flag check: %s
08-18 01:33:14.211  2777  3256 I AiAiEcho: (REDACTED) Ranked targets strategy: %s, count: %d, ranking metadata: %s
08-18 01:33:14.211  2777  3256 I AiAiEcho: #remoteViewsTwiddler: feature disabled.
08-18 01:33:14.211  2777  3256 I AiAiEcho: (REDACTED) #postPredictionTargets: Sending updates to UISurface %s with targets# %s (types=[%s])
08-18 01:33:14.212  2419  2419 D SsBaseTemplateCard: No text view can be set up
08-18 01:33:14.212  2419  2419 D SsBaseTemplateCard: Passed-in item info is null
08-18 01:33:14.212  2419  2419 D SsBaseTemplateCard: Passed-in item info is null
08-18 01:33:14.212  2419  2419 D SsBaseTemplateCard: Passed-in item info is null
08-18 01:33:14.212  2419  2419 I SsBaseTemplateCard: Secondary card pane is null
08-18 01:33:14.214   545   677 W hwc-libdisplaycolor: GetRrRegammaForRange: no match found (op_hz, hz, dbv, range_id)=(60,60,362,10)
08-18 01:33:14.215  1058  1058 W IPCThreadState: Sending oneway calls to frozen process.
08-18 01:33:14.219  1635  1852 I ImeTracker: com.google.android.apps.nexuslauncher:10d03fea: onRequestHide at ORIGIN_SERVER reason HIDE_SAME_WINDOW_FOCUSED_WITHOUT_EDITOR fromUser false
08-18 01:33:14.219  1635  1852 I ImeTracker: com.google.android.apps.nexuslauncher:10d03fea: onCancelled at PHASE_SERVER_SHOULD_HIDE
08-18 01:33:14.221  5848  5848 I GoogleInputMethodService: GoogleInputMethodService.onFinishInput():3122 
08-18 01:33:14.221  5848  5848 I GoogleInputMethodService: GoogleInputMethodService.updateDeviceLockedStatus():2193 repeatCheckTimes = 0, locked = false
08-18 01:33:14.221  5848  5848 I GoogleInputMethodService: GoogleInputMethodService.onStartInput():1937 onStartInput(EditorInfo{EditorInfo{packageName=com.google.android.apps.nexuslauncher, inputType=0, inputTypeString=NULL, enableLearning=false, autoCorrection=false, autoComplete=false, imeOptions=0, privateImeOptions=null, actionName=UNSPECIFIED, actionLabel=null, initialSelStart=-1, initialSelEnd=-1, initialCapsMode=0, label=null, fieldId=0, fieldName=null, extras=null, hintText=null, hintLocales=[]}}, false)
08-18 01:33:14.222  5848  5848 I GoogleInputMethodService: GoogleInputMethodService.updateDeviceLockedStatus():2193 repeatCheckTimes = 1, locked = false
08-18 01:33:14.222  5848  5848 I AndroidIME: InputBundleManager.loadActiveInputBundleId():450 loadActiveInputBundleId: und-Latn-x-password-ascii, password_ascii
08-18 01:33:14.222  1635  3269 W PackageConfigPersister: App-specific configuration not found for packageName: com.google.android.apps.nexuslauncher and userId: 0
08-18 01:33:14.228   541   541 E SurfaceFlinger: Out of order buffers detected for RequestedLayerState{com.google.android.apps.nexuslauncher/com.google.android.apps.nexuslauncher.NexusLauncherActivity#28869 parentId=102} producedId=969 frameNumber=159 -> producedId=969 frameNumber=2
08-18 01:33:14.230   545   677 W hwc-libdisplaycolor: GetRrRegammaForRange: no match found (op_hz, hz, dbv, range_id)=(60,60,362,10)
08-18 01:33:14.230  2026  2078 W WindowOnBackDispatcher: sendCancelIfRunning: isInProgress=false callback=android.view.ViewRootImpl$$ExternalSyntheticLambda11@c51083f
08-18 01:33:14.230  1635  3269 D CoreBackPreview: Window{3ebf314 u0 Splash Screen com.example.minimikudancemaui EXITING}: Setting back callback null
08-18 01:33:14.245   541   541 E SurfaceFlinger: Out of order buffers detected for RequestedLayerState{com.google.android.apps.nexuslauncher/com.google.android.apps.nexuslauncher.NexusLauncherActivity#28869 parentId=102} producedId=969 frameNumber=159 -> producedId=969 frameNumber=3
08-18 01:33:14.262   541   541 E SurfaceFlinger: Out of order buffers detected for RequestedLayerState{com.google.android.apps.nexuslauncher/com.google.android.apps.nexuslauncher.NexusLauncherActivity#28869 parentId=102} producedId=969 frameNumber=159 -> producedId=969 frameNumber=4
08-18 01:33:14.279   541   541 E SurfaceFlinger: Out of order buffers detected for RequestedLayerState{com.google.android.apps.nexuslauncher/com.google.android.apps.nexuslauncher.NexusLauncherActivity#28869 parentId=102} producedId=969 frameNumber=159 -> producedId=969 frameNumber=5
08-18 01:33:14.296   541   541 E SurfaceFlinger: Out of order buffers detected for RequestedLayerState{com.google.android.apps.nexuslauncher/com.google.android.apps.nexuslauncher.NexusLauncherActivity#28869 parentId=102} producedId=969 frameNumber=159 -> producedId=969 frameNumber=6
08-18 01:33:14.312   541   541 E SurfaceFlinger: Out of order buffers detected for RequestedLayerState{com.google.android.apps.nexuslauncher/com.google.android.apps.nexuslauncher.NexusLauncherActivity#28869 parentId=102} producedId=969 frameNumber=159 -> producedId=969 frameNumber=7
08-18 01:33:14.329   541   541 E SurfaceFlinger: Out of order buffers detected for RequestedLayerState{com.google.android.apps.nexuslauncher/com.google.android.apps.nexuslauncher.NexusLauncherActivity#28869 parentId=102} producedId=969 frameNumber=159 -> producedId=969 frameNumber=8
08-18 01:33:14.346   541   541 E SurfaceFlinger: Out of order buffers detected for RequestedLayerState{com.google.android.apps.nexuslauncher/com.google.android.apps.nexuslauncher.NexusLauncherActivity#28869 parentId=102} producedId=969 frameNumber=159 -> producedId=969 frameNumber=9
08-18 01:33:14.363   541   541 E SurfaceFlinger: Out of order buffers detected for RequestedLayerState{com.google.android.apps.nexuslauncher/com.google.android.apps.nexuslauncher.NexusLauncherActivity#28869 parentId=102} producedId=969 frameNumber=159 -> producedId=969 frameNumber=10
08-18 01:33:14.380   541   541 E SurfaceFlinger: Out of order buffers detected for RequestedLayerState{com.google.android.apps.nexuslauncher/com.google.android.apps.nexuslauncher.NexusLauncherActivity#28869 parentId=102} producedId=969 frameNumber=159 -> producedId=969 frameNumber=11
08-18 01:33:14.397   541   541 E SurfaceFlinger: Out of order buffers detected for RequestedLayerState{com.google.android.apps.nexuslauncher/com.google.android.apps.nexuslauncher.NexusLauncherActivity#28869 parentId=102} producedId=969 frameNumber=159 -> producedId=969 frameNumber=12
08-18 01:33:14.413   541   541 E SurfaceFlinger: Out of order buffers detected for RequestedLayerState{com.google.android.apps.nexuslauncher/com.google.android.apps.nexuslauncher.NexusLauncherActivity#28869 parentId=102} producedId=969 frameNumber=159 -> producedId=969 frameNumber=13
08-18 01:33:14.430   541   541 E SurfaceFlinger: Out of order buffers detected for RequestedLayerState{com.google.android.apps.nexuslauncher/com.google.android.apps.nexuslauncher.NexusLauncherActivity#28869 parentId=102} producedId=969 frameNumber=159 -> producedId=969 frameNumber=14
08-18 01:33:14.447   541   541 E SurfaceFlinger: Out of order buffers detected for RequestedLayerState{com.google.android.apps.nexuslauncher/com.google.android.apps.nexuslauncher.NexusLauncherActivity#28869 parentId=102} producedId=969 frameNumber=159 -> producedId=969 frameNumber=15
08-18 01:33:14.450   545   605 W hwc-libdisplaycolor: GetRrRegammaForRange: no match found (op_hz, hz, dbv, range_id)=(60,60,362,10)
08-18 01:33:14.464   541   541 E SurfaceFlinger: Out of order buffers detected for RequestedLayerState{com.google.android.apps.nexuslauncher/com.google.android.apps.nexuslauncher.NexusLauncherActivity#28869 parentId=102} producedId=969 frameNumber=159 -> producedId=969 frameNumber=16
08-18 01:33:14.480   541   541 E SurfaceFlinger: Out of order buffers detected for RequestedLayerState{com.google.android.apps.nexuslauncher/com.google.android.apps.nexuslauncher.NexusLauncherActivity#28869 parentId=102} producedId=969 frameNumber=159 -> producedId=969 frameNumber=17
08-18 01:33:14.497   541   541 E SurfaceFlinger: Out of order buffers detected for RequestedLayerState{com.google.android.apps.nexuslauncher/com.google.android.apps.nexuslauncher.NexusLauncherActivity#28869 parentId=102} producedId=969 frameNumber=159 -> producedId=969 frameNumber=18
08-18 01:33:14.514   541   541 E SurfaceFlinger: Out of order buffers detected for RequestedLayerState{com.google.android.apps.nexuslauncher/com.google.android.apps.nexuslauncher.NexusLauncherActivity#28869 parentId=102} producedId=969 frameNumber=159 -> producedId=969 frameNumber=19
08-18 01:33:14.531   541   541 E SurfaceFlinger: Out of order buffers detected for RequestedLayerState{com.google.android.apps.nexuslauncher/com.google.android.apps.nexuslauncher.NexusLauncherActivity#28869 parentId=102} producedId=969 frameNumber=159 -> producedId=969 frameNumber=20
08-18 01:33:14.548   541   541 E SurfaceFlinger: Out of order buffers detected for RequestedLayerState{com.google.android.apps.nexuslauncher/com.google.android.apps.nexuslauncher.NexusLauncherActivity#28869 parentId=102} producedId=969 frameNumber=159 -> producedId=969 frameNumber=21
08-18 01:33:14.565   541   541 E SurfaceFlinger: Out of order buffers detected for RequestedLayerState{com.google.android.apps.nexuslauncher/com.google.android.apps.nexuslauncher.NexusLauncherActivity#28869 parentId=102} producedId=969 frameNumber=159 -> producedId=969 frameNumber=22
08-18 01:33:14.582   541   541 E SurfaceFlinger: Out of order buffers detected for RequestedLayerState{com.google.android.apps.nexuslauncher/com.google.android.apps.nexuslauncher.NexusLauncherActivity#28869 parentId=102} producedId=969 frameNumber=159 -> producedId=969 frameNumber=23
08-18 01:33:14.599   541   541 E SurfaceFlinger: Out of order buffers detected for RequestedLayerState{com.google.android.apps.nexuslauncher/com.google.android.apps.nexuslauncher.NexusLauncherActivity#28869 parentId=102} producedId=969 frameNumber=159 -> producedId=969 frameNumber=24
08-18 01:33:14.615   541   541 E SurfaceFlinger: Out of order buffers detected for RequestedLayerState{com.google.android.apps.nexuslauncher/com.google.android.apps.nexuslauncher.NexusLauncherActivity#28869 parentId=102} producedId=969 frameNumber=159 -> producedId=969 frameNumber=25
08-18 01:33:14.619  2026  2056 V WindowManagerShell: Transition animation finished (aborted=false), notifying core (#2044) android.os.BinderProxy@901981a@0
08-18 01:33:14.624  1635  1716 V WindowManager: Finish Transition (#2044): created at 08-18 01:33:14.169 collect-started=0.09ms request-sent=0.114ms started=4.253ms ready=27.704ms sent=29.665ms finished=452.86ms
08-18 01:33:14.633   541   541 E SurfaceFlinger: Out of order buffers detected for RequestedLayerState{com.google.android.apps.nexuslauncher/com.google.android.apps.nexuslauncher.NexusLauncherActivity#28869 parentId=102} producedId=969 frameNumber=159 -> producedId=969 frameNumber=26
08-18 01:33:14.633  2026  2056 V WindowManagerShell: Track 0 became idle
08-18 01:33:14.633  2026  2056 V WindowManagerShell: All active transition animations finished
08-18 01:33:14.635  1635  3003 W UserManagerService: Requested status bar icon for non-badged user 0
08-18 01:33:14.636  1635  3003 W UserManagerService: Requested status bar icon for non-badged user 0
08-18 01:33:14.639  2419  2419 D RecentsView: onTaskRemoved: 1615, not handling task stack changes
08-18 01:33:14.639  2419  2419 D RecentsView: onTaskRemoved: 1615, not handling task stack changes
08-18 01:33:14.670  1635  1719 W ActivityTaskManager: Activity top resumed state loss timeout for ActivityRecord{a08fd05 u0 com.example.minimikudancemaui/crc642b763ce9c7e2f543.MainActivity t-1 f}}
08-18 01:33:15.329  1635  1911 D ConnectivityService: releasing NetworkRequest [ REQUEST id=452704, [ Capabilities: NOT_METERED&INTERNET&NOT_RESTRICTED&TRUSTED&NOT_VCN_MANAGED&NOT_BANDWIDTH_CONSTRAINED Uid: 10172 RequestorUid: 10172 RequestorPkg: com.google.android.gms UnderlyingNetworks: Null] ] (release request)
08-18 01:33:15.331 32512 32544 E SystemUpdate: [Network,NormalNetworkRequester] Failed to acquire the non-metered network.
08-18 01:33:15.331 32512 32544 E SystemUpdate: java.io.IOException: Timeout [3000] when acquiring the network.
08-18 01:33:15.331 32512 32544 E SystemUpdate: 	at etcc.g(:com.google.android.gms@252431035@25.24.31 (260400-772615181):187)
08-18 01:33:15.331 32512 32544 E SystemUpdate: 	at etcc.f(:com.google.android.gms@252431035@25.24.31 (260400-772615181):21)
08-18 01:33:15.331 32512 32544 E SystemUpdate: 	at etcf.h(:com.google.android.gms@252431035@25.24.31 (260400-772615181):3)
08-18 01:33:15.331 32512 32544 E SystemUpdate: 	at eszx.a(:com.google.android.gms@252431035@25.24.31 (260400-772615181):54)
08-18 01:33:15.331 32512 32544 E SystemUpdate: 	at com.google.android.gms.update.execution.InstallationIntentOperation.onHandleIntent(:com.google.android.gms@252431035@25.24.31 (260400-772615181):157)
08-18 01:33:15.331 32512 32544 E SystemUpdate: 	at com.google.android.chimera.IntentOperation.onHandleIntent(:com.google.android.gms@252431035@25.24.31 (260400-772615181):2)
08-18 01:33:15.331 32512 32544 E SystemUpdate: 	at atxs.onHandleIntent(:com.google.android.gms@252431035@25.24.31 (260400-772615181):8)
08-18 01:33:15.331 32512 32544 E SystemUpdate: 	at vqo.run(:com.google.android.gms@252431035@25.24.31 (260400-772615181):64)
08-18 01:33:15.331 32512 32544 E SystemUpdate: 	at vqn.run(:com.google.android.gms@252431035@25.24.31 (260400-772615181):132)
