08-18 01:33:15.331 32512 32544 E SystemUpdate: 	at fvxc.run(:com.google.android.gms@252431035@25.24.31 (260400-772615181):21)
08-18 01:33:15.331 32512 32544 E SystemUpdate: 	at java.util.concurrent.ThreadPoolExecutor.runWorker(ThreadPoolExecutor.java:1145)
08-18 01:33:15.331 32512 32544 E SystemUpdate: 	at java.util.concurrent.ThreadPoolExecutor$Worker.run(ThreadPoolExecutor.java:644)
08-18 01:33:15.331 32512 32544 E SystemUpdate: 	at java.lang.Thread.run(Thread.java:1012)
08-18 01:33:15.332 32512 32544 I SystemUpdate: [Network,NetworkRequester] Requesting network with capabilities [12]...
08-18 01:33:15.341  1635  1816 D ConnectivityService: requestNetwork for uid/pid:10172/32512 activeRequest: null callbackRequest: 452705 [NetworkRequest [ REQUEST id=452705, [ Capabilities: INTERNET&NOT_RESTRICTED&TRUSTED&NOT_VCN_MANAGED&NOT_BANDWIDTH_CONSTRAINED Uid: 10172 RequestorUid: 10172 RequestorPkg: com.google.android.gms UnderlyingNetworks: Null] ]] callback flags: 0 order: 2147483647 isUidTracked: false declaredMethods: 0x14
08-18 01:33:15.347  1635  1899 D WifiNetworkFactory: got request NetworkRequest [ REQUEST id=452705, [ Capabilities: INTERNET&NOT_RESTRICTED&TRUSTED&NOT_VCN_MANAGED&NOT_BANDWIDTH_CONSTRAINED Uid: 10172 RequestorUid: 10172 RequestorPkg: com.google.android.gms UnderlyingNetworks: Null] ]
08-18 01:33:15.348  1635  1899 D UntrustedWifiNetworkFactory: got request NetworkRequest [ REQUEST id=452705, [ Capabilities: INTERNET&NOT_RESTRICTED&TRUSTED&NOT_VCN_MANAGED&NOT_BANDWIDTH_CONSTRAINED Uid: 10172 RequestorUid: 10172 RequestorPkg: com.google.android.gms UnderlyingNetworks: Null] ]
08-18 01:33:15.350  1635  1899 D OemPaidWifiNetworkFactory: got request NetworkRequest [ REQUEST id=452705, [ Capabilities: INTERNET&NOT_RESTRICTED&TRUSTED&NOT_VCN_MANAGED&NOT_BANDWIDTH_CONSTRAINED Uid: 10172 RequestorUid: 10172 RequestorPkg: com.google.android.gms UnderlyingNetworks: Null] ]
08-18 01:33:15.351  1635  1911 D ConnectivityService: NetReassign [no changes] [c 0] [a 0] [i 8]
08-18 01:33:15.351  1635  1899 D MultiInternetWifiNetworkFactory: got request NetworkRequest [ REQUEST id=452705, [ Capabilities: INTERNET&NOT_RESTRICTED&TRUSTED&NOT_VCN_MANAGED&NOT_BANDWIDTH_CONSTRAINED Uid: 10172 RequestorUid: 10172 RequestorPkg: com.google.android.gms UnderlyingNetworks: Null] ]
08-18 01:33:15.998  1635  1816 W ActivityTaskManager: callingPackage for (uid=2000, pid=10257) has no WPC
08-18 01:33:15.999  1635  1816 V GrammaticalInflectionUtils: AttributionSource: android.content.AttributionSource@de5ff044 does not have READ_SYSTEM_GRAMMATICAL_GENDER permission.
08-18 01:33:15.999  1635  1816 W OptProp : Cannot read opt property android.window.PROPERTY_COMPAT_ALLOW_RESIZEABLE_ACTIVITY_OVERRIDES
08-18 01:33:16.000  1635  1816 W OptProp : Cannot read opt property android.window.PROPERTY_COMPAT_ALLOW_MIN_ASPECT_RATIO_OVERRIDE
08-18 01:33:16.004  1635  1816 W OptProp : Cannot read opt property android.window.PROPERTY_COMPAT_ALLOW_ORIENTATION_OVERRIDE
08-18 01:33:16.008  1635  1816 I ActivityTaskManager: START u0 {act=android.intent.action.MAIN cat=[android.intent.category.LAUNCHER] flg=0x10000000 cmp=com.example.minimikudancemaui/crc642b763ce9c7e2f543.MainActivity} with LAUNCH_MULTIPLE from uid 2000 (BAL_ALLOW_PERMISSION) result code=0
08-18 01:33:16.009  2026  2056 V WindowManagerShell: Transition requested (#2045): android.os.BinderProxy@cadc1be TransitionRequestInfo { type = OPEN, triggerTask = TaskInfo{userId=0 taskId=1616 effectiveUid=10278 displayId=0 isRunning=true baseIntent=Intent { act=android.intent.action.MAIN cat=[android.intent.category.LAUNCHER] flg=0x10000000 cmp=com.example.minimikudancemaui/crc642b763ce9c7e2f543.MainActivity } baseActivity=ComponentInfo{com.example.minimikudancemaui/crc642b763ce9c7e2f543.MainActivity} topActivity=ComponentInfo{com.example.minimikudancemaui/crc642b763ce9c7e2f543.MainActivity} origActivity=null realActivity=ComponentInfo{com.example.minimikudancemaui/crc642b763ce9c7e2f543.MainActivity} numActivities=1 lastActiveTime=2874384320 supportsMultiWindow=true resizeMode=1 isResizeable=true minWidth=-1 minHeight=-1 defaultMinSize=220 token=WCT{android.window.IWindowContainerToken$Stub$Proxy@3e8d96c} topActivityType=1 pictureInPictureParams=null shouldDockBigOverlays=false launchIntoPipHostTaskId=-1 lastParentTaskIdBeforePip=-1 displayCutoutSafeInsets=Rect(0, 121 - 0, 0) topActivityInfo=ActivityInfo{1ebab35 crc642b763ce9c7e2f543.MainActivity} launchCookies=[] positionInParent=Point(0, 0) parentTaskId=-1 isFocused=false isVisible=false isVisibleRequested=false isSleeping=false locusId=null displayAreaFeatureId=1 isTopActivityTransparent=false isTopActivityStyleFloating=false lastNonFullscreenBounds=Rect(277, 689 - 803, 1769) capturedLink=null capturedLinkTimestamp=0 appCompatTaskInfo=AppCompatTaskInfo { topActivityInSizeCompat=false eligibleForLetterboxEducation= false isLetterboxEducationEnabled= false isLetterboxDoubleTapEnabled= false eligibleForUserAspectRatioButton= false topActivityBoundsLetterboxed= false isFromLetterboxDoubleTap= false topActivityLetterboxVerticalPosition= -1 topActivityLetterboxHorizontalPosition= -1 topActivityLetterboxWidth=1080 topActivityLetterboxHeight=2400 topActivityLetterboxAppWidth=1080 topActivityLetterboxAppHeight=2400 isUserFullscreenOverrideEnabled=false isSystemFullscreenOverrideEnabled=false hasMinAspectRatioOverride=false cameraCompatTaskInfo=CameraCompatTaskInfo { freeformCameraCompatMode=inactive}}}, pipTask = null, remoteTransition = null, displayChange = null, flags = 0, debugId = 2045 }
08-18 01:33:16.009  2026  2056 D ShellSplitScreen: logExit: no-op, mLoggerSessionId is null
08-18 01:33:16.011  2419  2419 W SplitSelectStateCtor: Missing session instanceIds
08-18 01:33:16.011  2419  2419 D StatsLog: LAUNCHER_SPLIT_SELECTION_EXIT_INTERRUPTED
08-18 01:33:16.012  1058  1058 W IPCThreadState: Sending oneway calls to frozen process.
08-18 01:33:16.014  1635  1719 V GrammaticalInflectionUtils: AttributionSource: android.content.AttributionSource@de5ff044 does not have READ_SYSTEM_GRAMMATICAL_GENDER permission.
08-18 01:33:16.015  2026  2056 D WindowManagerShell: setLauncherKeepClearAreaHeight: visible=false, height=527
08-18 01:33:16.016  2845  2879 D ForegroundUtils: Foreground UID status:
08-18 01:33:16.017  2845  2879 D ForegroundUtils: UID: 10081 is in foreground: false
08-18 01:33:16.017  2845  2879 D ForegroundUtils: UID: 10092 is in foreground: false
08-18 01:33:16.017  2845  2879 D ForegroundUtils: UID: 10121 is in foreground: true
08-18 01:33:16.017  2845  2879 D ForegroundUtils: UID: 10161 is in foreground: false
08-18 01:33:16.017  2845  2879 D ForegroundUtils: UID: 10169 is in foreground: true
08-18 01:33:16.017  2845  2879 D ForegroundUtils: UID: 10200 is in foreground: false
08-18 01:33:16.017  2845  2879 D ForegroundUtils: UID: 10243 is in foreground: true
08-18 01:33:16.017  2845  2879 D ForegroundUtils: UID: 10245 is in foreground: true
08-18 01:33:16.017  2845  2879 D ForegroundUtils: UID: 10253 is in foreground: true
08-18 01:33:16.020  1635  1816 D CoreBackPreview: Window{8ea5001 u0 Splash Screen com.example.minimikudancemaui}: Setting back callback OnBackInvokedCallbackInfo{mCallback=android.window.IOnBackInvokedCallback$Stub$Proxy@fa0ef32, mPriority=0, mIsAnimationCallback=false}
08-18 01:33:16.024   840   840 D Zygote  : Forked child process 10262
08-18 01:33:16.025  1635  1730 I ActivityManager: Start proc 10262:com.example.minimikudancemaui/u0a278 for next-top-activity {com.example.minimikudancemaui/crc642b763ce9c7e2f543.MainActivity}
08-18 01:33:16.026  2026  2044 V WindowManagerShell: onTransitionReady(transaction=7022271640951)
08-18 01:33:16.026  2026  2056 V WindowManagerShell: onTransitionReady (#2045) android.os.BinderProxy@cadc1be: {id=2045 t=OPEN f=0x0 trk=0 r=[0@Point(0, 0)] c=[{WCT{android.window.IWindowContainerToken$Stub$Proxy@286a270} m=OPEN f=NONE leash=Surface(name=Task=1616)/@0xe630bed sb=Rect(0, 0 - 1080, 2400) eb=Rect(0, 0 - 1080, 2400) epz=Point(1080, 2400) d=0 taskParent=-1},{WCT{android.window.IWindowContainerToken$Stub$Proxy@b7179e9} m=TO_BACK f=SHOW_WALLPAPER leash=Surface(name=Task=1)/@0x41c7a22 sb=Rect(0, 0 - 1080, 2400) eb=Rect(0, 0 - 1080, 2400) epz=Point(1080, 2400) d=0 taskParent=-1}]}
08-18 01:33:16.026  2026  2056 V WindowManagerShell: Playing animation for (#2045) android.os.BinderProxy@cadc1be@0
08-18 01:33:16.026  1635  1716 V WindowManager: Sent Transition (#2045) createdAt=08-18 01:33:16.000 via request=TransitionRequestInfo { type = OPEN, triggerTask = TaskInfo{userId=0 taskId=1616 effectiveUid=10278 displayId=0 isRunning=true baseIntent=Intent { act=android.intent.action.MAIN cat=[android.intent.category.LAUNCHER] flg=0x10000000 cmp=com.example.minimikudancemaui/crc642b763ce9c7e2f543.MainActivity } baseActivity=ComponentInfo{com.example.minimikudancemaui/crc642b763ce9c7e2f543.MainActivity} topActivity=ComponentInfo{com.example.minimikudancemaui/crc642b763ce9c7e2f543.MainActivity} origActivity=null realActivity=ComponentInfo{com.example.minimikudancemaui/crc642b763ce9c7e2f543.MainActivity} numActivities=1 lastActiveTime=2874384320 supportsMultiWindow=true resizeMode=1 isResizeable=true minWidth=-1 minHeight=-1 defaultMinSize=220 token=WCT{RemoteToken{ebba5df Task{323085 #1616 type=standard A=10278:com.example.minimikudancemaui isResizeable=true minWidth=-1 minHeight=-1}}} topActivityType=1 pictureInPictureParams=null shouldDockBigOverlays=false launchIntoPipHostTaskId=-1 lastParentTaskIdBeforePip=-1 displayCutoutSafeInsets=Rect(0, 121 - 0, 0) topActivityInfo=ActivityInfo{be9c22c crc642b763ce9c7e2f543.MainActivity} launchCookies=[] positionInParent=Point(0, 0) parentTaskId=-1 isFocused=false isVisible=false isVisibleRequested=false isSleeping=false locusId=null displayAreaFeatureId=1 isTopActivityTransparent=false isTopActivityStyleFloating=false lastNonFullscreenBounds=Rect(277, 689 - 803, 1769) capturedLink=null capturedLinkTimestamp=0 appCompatTaskInfo=AppCompatTaskInfo { topActivityInSizeCompat=false eligibleForLetterboxEducation= false isLetterboxEducationEnabled= false isLetterboxDoubleTapEnabled= false eligibleForUserAspectRatioButton= false topActivityBoundsLetterboxed= false isFromLetterboxDoubleTap= false topActivityLetterboxVerticalPosition= -1 topActivityLetterboxHorizontalPosition= -1 topActivityLetterboxWidth=1080 topActivityLetterboxHeight=2400 topActivityLetterboxAppWidth=1080 topActivityLetterboxAppHeight=2400 isUserFullscreenOverrideEnabled=false isSystemFullscreenOverrideEnabled=false hasMinAspectRatioOverride=false cameraCompatTaskInfo=CameraCompatTaskInfo { freeformCameraCompatMode=inactive}}}, pipTask = null, remoteTransition = null, displayChange = null, flags = 0, debugId = 2045 }
08-18 01:33:16.026  2026  2056 V WindowManagerShell:  try handler com.android.wm.shell.transition.DefaultMixedHandler@66856ed
08-18 01:33:16.026  2026  2056 V WindowManagerShell:  try handler com.android.wm.shell.keyguard.KeyguardTransitionHandler@d376922
08-18 01:33:16.026  2026  2056 V WindowManagerShell:  try handler com.android.wm.shell.pip.PipTransition@51d17a9
08-18 01:33:16.026  2026  2056 V WindowManagerShell:  try handler com.android.wm.shell.activityembedding.ActivityEmbeddingController@4ec12e
08-18 01:33:16.026  1635  1716 V WindowManager:     startWCT=WindowContainerTransaction { changes = {} hops = [] errorCallbackToken=null taskFragmentOrganizer=null }
08-18 01:33:16.026  2026  2056 V WindowManagerShell:  try handler com.android.wm.shell.recents.RecentsTransitionHandler@7f874cf
08-18 01:33:16.026  2026  2056 V ShellRecents: RecentsTransitionHandler.startAnimation: no controller found
08-18 01:33:16.026  2026  2056 V WindowManagerShell:  try handler com.android.wm.shell.splitscreen.StageCoordinator@f7afe5c
08-18 01:33:16.027  2026  2056 V WindowManagerShell:  try handler com.android.wm.shell.back.BackAnimationController$BackTransitionHandler@8068565
08-18 01:33:16.027  2026  2056 V WindowManagerShell:  try handler com.android.wm.shell.transition.RemoteTransitionHandler@889c23a
08-18 01:33:16.027  2026  2056 V WindowManagerShell: Transition doesn't have explicit remote, search filters for match for {id=2045 t=OPEN f=0x0 trk=0 r=[0@Point(0, 0)] c=[{WCT{android.window.IWindowContainerToken$Stub$Proxy@286a270} m=OPEN f=NONE leash=Surface(name=Task=1616)/@0xe630bed sb=Rect(0, 0 - 1080, 2400) eb=Rect(0, 0 - 1080, 2400) epz=Point(1080, 2400) d=0 taskParent=-1},{WCT{android.window.IWindowContainerToken$Stub$Proxy@b7179e9} m=TO_BACK f=SHOW_WALLPAPER leash=Surface(name=Task=1)/@0x41c7a22 sb=Rect(0, 0 - 1080, 2400) eb=Rect(0, 0 - 1080, 2400) epz=Point(1080, 2400) d=0 taskParent=-1}]}
08-18 01:33:16.027  2026  2056 V WindowManagerShell:  Checking filter Pair{{types=[] flags=0x0] notFlags=0x0 checks=[{atype=undefined independent=true modes=[CLOSE,TO_BACK] flags=IN_TASK_WITH_EMBEDDED_ACTIVITY mustBeTask=false order=ANY topActivity=null launchCookie=null taskFragmentToken=android.os.BinderProxy@eb18eeb}]} RemoteTransition { remoteTransition = android.window.IRemoteTransition$Stub$Proxy@fe7a448, appThread = android.app.IApplicationThread$Stub$Proxy@15f12e1, debugName = overlayBackTransition }}
08-18 01:33:16.027  2026  2056 V WindowManagerShell:  Checking filter Pair{{types=[] flags=0x0] notFlags=0x0 checks=[{atype=dream independent=true modes=[OPEN,TO_FRONT] flags=NONE mustBeTask=false order=ANY topActivity=null launchCookie=null},{atype=home independent=true modes=[CLOSE,TO_BACK] flags=NONE mustBeTask=false order=ANY topActivity=null launchCookie=null}]} RemoteTransition { remoteTransition = android.window.IRemoteTransition$Stub$Proxy@841c806, appThread = android.app.IApplicationThread$Stub$Proxy@9982ec7, debugName = LauncherToDream }}
08-18 01:33:16.027  2026  2056 V WindowManagerShell:  Checking filter Pair{{types=[] flags=0x0] notFlags=0x100 checks=[{atype=home independent=true modes=[OPEN,TO_FRONT] flags=NONE mustBeTask=false order=TOP topActivity=ComponentInfo{com.google.android.apps.nexuslauncher/com.google.android.apps.nexuslauncher.NexusLauncherActivity} launchCookie=null},{atype=standard independent=true modes=[CLOSE,TO_BACK] flags=NONE mustBeTask=false order=ANY topActivity=null launchCookie=null},{NOT atype=undefined independent=true modes=[] flags=NONE mustBeTask=true order=ANY topActivity=null launchCookie=null customAnim=true}]} RemoteTransition { remoteTransition = android.window.IRemoteTransition$Stub$Proxy@8f6bcf4, appThread = android.app.IApplicationThread$Stub$Proxy@758fc1d, debugName = QuickstepLaunchHome }}
08-18 01:33:16.027  2026  2056 V WindowManagerShell:  Delegate animation for (#2045) to null
08-18 01:33:16.027  2026  2056 V WindowManagerShell:  try handler com.android.wm.shell.transition.DefaultTransitionHandler@9225e92
08-18 01:33:16.027  2026  2056 V WindowManagerShell: start default transition animation, info = {id=2045 t=OPEN f=0x0 trk=0 r=[0@Point(0, 0)] c=[{WCT{android.window.IWindowContainerToken$Stub$Proxy@286a270} m=OPEN f=NONE leash=Surface(name=Task=1616)/@0xe630bed sb=Rect(0, 0 - 1080, 2400) eb=Rect(0, 0 - 1080, 2400) epz=Point(1080, 2400) d=0 taskParent=-1},{WCT{android.window.IWindowContainerToken$Stub$Proxy@b7179e9} m=TO_BACK f=SHOW_WALLPAPER leash=Surface(name=Task=1)/@0x41c7a22 sb=Rect(0, 0 - 1080, 2400) eb=Rect(0, 0 - 1080, 2400) epz=Point(1080, 2400) d=0 taskParent=-1}]}
08-18 01:33:16.027  1635  1716 V WindowManager:     info={id=2045 t=OPEN f=0x0 trk=0 r=[0@Point(0, 0)] c=[
08-18 01:33:16.027  1635  1716 V WindowManager:         {WCT{RemoteToken{ebba5df Task{323085 #1616 type=standard A=10278:com.example.minimikudancemaui isResizeable=true minWidth=-1 minHeight=-1}}} m=OPEN f=NONE leash=Surface(name=Task=1616)/@0x3134483 sb=Rect(0, 0 - 1080, 2400) eb=Rect(0, 0 - 1080, 2400) epz=Point(1080, 2400) d=0 taskParent=-1},
08-18 01:33:16.027  1635  1716 V WindowManager:         {WCT{RemoteToken{33b0691 Task{52b1fdc #1 type=home isResizeable=true minWidth=-1 minHeight=-1}}} m=TO_BACK f=SHOW_WALLPAPER leash=Surface(name=Task=1)/@0x8c195dc sb=Rect(0, 0 - 1080, 2400) eb=Rect(0, 0 - 1080, 2400) epz=Point(1080, 2400) d=0 taskParent=-1}
08-18 01:33:16.027  1635  1716 V WindowManager:     ]}
08-18 01:33:16.027  2026  2056 V WindowManagerShell: loadAnimation: anim=android.view.animation.AnimationSet@5ac166e animAttr=0x13 type=OPEN isEntrance=false
08-18 01:33:16.027  2026  2056 V WindowManagerShell: loadAnimation: anim=android.view.animation.AnimationSet@2f410f animAttr=0x12 type=OPEN isEntrance=true
08-18 01:33:16.027  2026  2056 V WindowManagerShell:  animated by com.android.wm.shell.transition.DefaultTransitionHandler@9225e92
08-18 01:33:16.028  1635  2420 W UserManagerService: Requested status bar icon for non-badged user 0
08-18 01:33:16.031 10262 10262 I nimikudancemaui: Late-enabling -Xcheck:jni
08-18 01:33:16.047   545   677 W hwc-libdisplaycolor: GetRrRegammaForRange: no match found (op_hz, hz, dbv, range_id)=(60,60,362,10)
08-18 01:33:16.049 10262 10262 I nimikudancemaui: Using CollectorTypeCMC GC.
08-18 01:33:16.051  1135  1212 I adbd    : jdwp connection from 10262
08-18 01:33:16.055 10262 10262 D nativeloader: Load libframework-connectivity-tiramisu-jni.so using APEX ns com_android_tethering for caller /apex/com.android.tethering/javalib/framework-connectivity-t.jar: ok
08-18 01:33:16.060  1635  2420 W com.android.internal.protolog.LogcatOnlyProtoLogImpl: ProtoLog message not processed. Failed to log it to proto. Logging it below to logcat instead.
08-18 01:33:16.060  1635  2420 V WindowManager: Binding proc com.example.minimikudancemaui with config {1.0 ?mcc0mnc [ja_JP,en_US] ldltr sw411dp w411dp h914dp 420dpi nrml long hdr widecg port night finger -keyb/v/h -nav/h winConfig={ mBounds=Rect(0, 0 - 1080, 2400) mAppBounds=Rect(0, 0 - 1080, 2400) mMaxBounds=Rect(0, 0 - 1080, 2400) mDisplayRotation=ROTATION_0 mWindowingMode=fullscreen mActivityType=undefined mAlwaysOnTop=undefined mRotation=ROTATION_0} s.147 fontWeightAdjustment=0}
08-18 01:33:16.062  2845  2879 D ForegroundUtils: Foreground UID status:
08-18 01:33:16.062  2845  2879 D ForegroundUtils: UID: 10081 is in foreground: false
08-18 01:33:16.062  2845  2879 D ForegroundUtils: UID: 10092 is in foreground: false
08-18 01:33:16.062  2845  2879 D ForegroundUtils: UID: 10121 is in foreground: true
08-18 01:33:16.062  2845  2879 D ForegroundUtils: UID: 10161 is in foreground: false
08-18 01:33:16.062  2845  2879 D ForegroundUtils: UID: 10169 is in foreground: true
08-18 01:33:16.062  2845  2879 D ForegroundUtils: UID: 10200 is in foreground: false
08-18 01:33:16.062  2845  2879 D ForegroundUtils: UID: 10243 is in foreground: true
08-18 01:33:16.062  2845  2879 D ForegroundUtils: UID: 10245 is in foreground: true
08-18 01:33:16.062  2845  2879 D ForegroundUtils: UID: 10253 is in foreground: true
08-18 01:33:16.062  2845  2879 D ForegroundUtils: UID: 10278 is in foreground: true
08-18 01:33:16.077 10262 10262 D ApplicationLoaders: Returning zygote-cached class loader: /system_ext/framework/androidx.window.extensions.jar
08-18 01:33:16.077 10262 10262 D ApplicationLoaders: Returning zygote-cached class loader: /system_ext/framework/androidx.window.sidecar.jar
08-18 01:33:16.078 10262 10262 W ziparchive: Unable to open '/data/app/~~MN5CadSUbRNh9nVeSkczew==/com.example.minimikudancemaui-qjAXAgLCSN2Ehf8QFH6Vww==/base.dm': No such file or directory
08-18 01:33:16.078 10262 10262 W ziparchive: Unable to open '/data/app/~~MN5CadSUbRNh9nVeSkczew==/com.example.minimikudancemaui-qjAXAgLCSN2Ehf8QFH6Vww==/base.dm': No such file or directory
08-18 01:33:16.078   541   541 E SurfaceFlinger: Out of order buffers detected for RequestedLayerState{com.google.android.apps.nexuslauncher/com.google.android.apps.nexuslauncher.NexusLauncherActivity#28869 parentId=102} producedId=969 frameNumber=159 -> producedId=969 frameNumber=27
08-18 01:33:16.081   545   677 W hwc-libdisplaycolor: GetRrRegammaForRange: no match found (op_hz, hz, dbv, range_id)=(60,60,362,10)
08-18 01:33:16.095   541   541 E SurfaceFlinger: Out of order buffers detected for RequestedLayerState{com.google.android.apps.nexuslauncher/com.google.android.apps.nexuslauncher.NexusLauncherActivity#28869 parentId=102} producedId=969 frameNumber=159 -> producedId=969 frameNumber=28
08-18 01:33:16.112   541   541 E SurfaceFlinger: Out of order buffers detected for RequestedLayerState{com.google.android.apps.nexuslauncher/com.google.android.apps.nexuslauncher.NexusLauncherActivity#28869 parentId=102} producedId=969 frameNumber=159 -> producedId=969 frameNumber=29
08-18 01:33:16.129   541   541 E SurfaceFlinger: Out of order buffers detected for RequestedLayerState{com.google.android.apps.nexuslauncher/com.google.android.apps.nexuslauncher.NexusLauncherActivity#28869 parentId=102} producedId=969 frameNumber=159 -> producedId=969 frameNumber=30
08-18 01:33:16.146   541   541 E SurfaceFlinger: Out of order buffers detected for RequestedLayerState{com.google.android.apps.nexuslauncher/com.google.android.apps.nexuslauncher.NexusLauncherActivity#28869 parentId=102} producedId=969 frameNumber=159 -> producedId=969 frameNumber=31
08-18 01:33:16.163   541   541 E SurfaceFlinger: Out of order buffers detected for RequestedLayerState{com.google.android.apps.nexuslauncher/com.google.android.apps.nexuslauncher.NexusLauncherActivity#28869 parentId=102} producedId=969 frameNumber=159 -> producedId=969 frameNumber=32
08-18 01:33:16.180   541   541 E SurfaceFlinger: Out of order buffers detected for RequestedLayerState{com.google.android.apps.nexuslauncher/com.google.android.apps.nexuslauncher.NexusLauncherActivity#28869 parentId=102} producedId=969 frameNumber=159 -> producedId=969 frameNumber=33
08-18 01:33:16.193 10262 10262 D nativeloader: Configuring clns-7 for other apk /data/app/~~MN5CadSUbRNh9nVeSkczew==/com.example.minimikudancemaui-qjAXAgLCSN2Ehf8QFH6Vww==/base.apk. target_sdk_version=35, uses_libraries=, library_path=/data/app/~~MN5CadSUbRNh9nVeSkczew==/com.example.minimikudancemaui-qjAXAgLCSN2Ehf8QFH6Vww==/lib/arm64:/data/app/~~MN5CadSUbRNh9nVeSkczew==/com.example.minimikudancemaui-qjAXAgLCSN2Ehf8QFH6Vww==/base.apk!/lib/arm64-v8a, permitted_path=/data:/mnt/expand:/data/user/0/com.example.minimikudancemaui
08-18 01:33:16.194 10262 10262 D CompatChangeReporter: Compat change id reported: 202956589; UID 10278; state: ENABLED
08-18 01:33:16.197   541   541 I BpBinder: onLastStrongRef automatically unlinking death recipients: 
08-18 01:33:16.201 10262 10262 V GraphicsEnvironment: Currently set values for:
08-18 01:33:16.201 10262 10262 V GraphicsEnvironment:   angle_gl_driver_selection_pkgs=[com.android.angle, com.linecorp.b612.android, com.campmobile.snow, com.google.android.apps.tachyon]
08-18 01:33:16.201 10262 10262 V GraphicsEnvironment:   angle_gl_driver_selection_values=[angle, native, native, native]
08-18 01:33:16.201 10262 10262 V GraphicsEnvironment: com.example.minimikudancemaui is not listed in per-application setting
08-18 01:33:16.201 10262 10262 V GraphicsEnvironment: Neither updatable production driver nor prerelease driver is supported.
08-18 01:33:16.211 10262 10262 D nativeloader: Load /data/app/~~MN5CadSUbRNh9nVeSkczew==/com.example.minimikudancemaui-qjAXAgLCSN2Ehf8QFH6Vww==/lib/arm64/libmonosgen-2.0.so using ns clns-7 from class loader (caller=/data/app/~~MN5CadSUbRNh9nVeSkczew==/com.example.minimikudancemaui-qjAXAgLCSN2Ehf8QFH6Vww==/base.apk!classes2.dex): ok
08-18 01:33:16.213 10262 10262 D nativeloader: Load /data/app/~~MN5CadSUbRNh9nVeSkczew==/com.example.minimikudancemaui-qjAXAgLCSN2Ehf8QFH6Vww==/lib/arm64/libxamarin-app.so using ns clns-7 from class loader (caller=/data/app/~~MN5CadSUbRNh9nVeSkczew==/com.example.minimikudancemaui-qjAXAgLCSN2Ehf8QFH6Vww==/base.apk!classes2.dex): ok
08-18 01:33:16.214 10262 10262 D nativeloader: Load /data/app/~~MN5CadSUbRNh9nVeSkczew==/com.example.minimikudancemaui-qjAXAgLCSN2Ehf8QFH6Vww==/lib/arm64/libSystem.Security.Cryptography.Native.Android.so using ns clns-7 from class loader (caller=/data/app/~~MN5CadSUbRNh9nVeSkczew==/com.example.minimikudancemaui-qjAXAgLCSN2Ehf8QFH6Vww==/base.apk!classes2.dex): ok
08-18 01:33:16.214 10262 10262 D DOTNET  : AndroidCryptoNative_InitLibraryOnLoad: jint AndroidCryptoNative_InitLibraryOnLoad(JavaVM *, void *) in /__w/1/s/src/native/libs/System.Security.Cryptography.Native.Android/pal_jni.c
08-18 01:33:16.214 10262 10262 D DOTNET  : GetOptionalClassGRef: optional class com/android/org/conscrypt/OpenSSLEngineImpl was not found
08-18 01:33:16.216 10262 10262 D nativeloader: Load /data/app/~~MN5CadSUbRNh9nVeSkczew==/com.example.minimikudancemaui-qjAXAgLCSN2Ehf8QFH6Vww==/lib/arm64/libmonodroid.so using ns clns-7 from class loader (caller=/data/app/~~MN5CadSUbRNh9nVeSkczew==/com.example.minimikudancemaui-qjAXAgLCSN2Ehf8QFH6Vww==/base.apk!classes2.dex): ok
08-18 01:33:16.217 10262 10262 W monodroid: Failed to create directory '/data/user/0/com.example.minimikudancemaui/files/.__override__/arm64-v8a'. File exists
08-18 01:33:16.217 10262 10262 W monodroid: Creating public update directory: `/data/user/0/com.example.minimikudancemaui/files/.__override__/arm64-v8a`
08-18 01:33:16.217 10262 10262 W nimikudancemaui: Attempt to remove non-JNI local reference
08-18 01:33:16.217 10262 10262 W monodroid: runtime args empty
08-18 01:33:16.243 10262 10262 W monodroid-assembly: open_from_bundles: failed to load bundled assembly MiniMikuDanceMaui.dll
08-18 01:33:16.243 10262 10262 W monodroid-assembly: open_from_bundles: the assembly might have been uploaded to the device with FastDev instead
08-18 01:33:16.243 10262 10262 W monodroid-assembly: open_from_bundles: failed to load bundled assembly Mono.Android.dll
08-18 01:33:16.243 10262 10262 W monodroid-assembly: open_from_bundles: the assembly might have been uploaded to the device with FastDev instead
08-18 01:33:16.246 10262 10262 W monodroid-assembly: open_from_bundles: failed to load bundled assembly System.Runtime.dll
08-18 01:33:16.246 10262 10262 W monodroid-assembly: open_from_bundles: the assembly might have been uploaded to the device with FastDev instead
08-18 01:33:16.246 10262 10262 W monodroid-assembly: open_from_bundles: failed to load bundled assembly Java.Interop.dll
08-18 01:33:16.246 10262 10262 W monodroid-assembly: open_from_bundles: the assembly might have been uploaded to the device with FastDev instead
08-18 01:33:16.246 10262 10262 W monodroid-assembly: open_from_bundles: failed to load bundled assembly System.Runtime.InteropServices.dll
08-18 01:33:16.246 10262 10262 W monodroid-assembly: open_from_bundles: the assembly might have been uploaded to the device with FastDev instead
08-18 01:33:16.248 10262 10262 W monodroid-assembly: open_from_bundles: failed to load bundled assembly System.Collections.dll
08-18 01:33:16.248 10262 10262 W monodroid-assembly: open_from_bundles: the assembly might have been uploaded to the device with FastDev instead
08-18 01:33:16.249 10262 10262 W monodroid-assembly: open_from_bundles: failed to load bundled assembly Mono.Android.Runtime.dll
08-18 01:33:16.249 10262 10262 W monodroid-assembly: open_from_bundles: the assembly might have been uploaded to the device with FastDev instead
08-18 01:33:16.256 10262 10262 W monodroid-assembly: open_from_bundles: failed to load bundled assembly System.Threading.dll
08-18 01:33:16.256 10262 10262 W monodroid-assembly: open_from_bundles: the assembly might have been uploaded to the device with FastDev instead
08-18 01:33:16.272 10262 10262 W monodroid-assembly: open_from_bundles: failed to load bundled assembly System.Threading.Thread.dll
08-18 01:33:16.272 10262 10262 W monodroid-assembly: open_from_bundles: the assembly might have been uploaded to the device with FastDev instead
08-18 01:33:16.272 10262 10262 W monodroid-assembly: open_from_bundles: failed to load bundled assembly System.Diagnostics.StackTrace.dll
08-18 01:33:16.272 10262 10262 W monodroid-assembly: open_from_bundles: the assembly might have been uploaded to the device with FastDev instead
08-18 01:33:16.281 10262 10262 W nimikudancemaui: Attempt to remove non-JNI local reference
08-18 01:33:16.282 10262 10262 W monodroid-assembly: open_from_bundles: failed to load bundled assembly Microsoft.Maui.dll
08-18 01:33:16.282 10262 10262 W monodroid-assembly: open_from_bundles: the assembly might have been uploaded to the device with FastDev instead
08-18 01:33:16.292 10262 10262 W monodroid-assembly: open_from_bundles: failed to load bundled assembly System.Memory.dll
08-18 01:33:16.292 10262 10262 W monodroid-assembly: open_from_bundles: the assembly might have been uploaded to the device with FastDev instead
08-18 01:33:16.294 10262 10262 W monodroid-assembly: open_from_bundles: failed to load bundled assembly System.Reflection.Emit.Lightweight.dll
08-18 01:33:16.294 10262 10262 W monodroid-assembly: open_from_bundles: the assembly might have been uploaded to the device with FastDev instead
08-18 01:33:16.294 10262 10262 W monodroid-assembly: open_from_bundles: failed to load bundled assembly System.Reflection.Emit.ILGeneration.dll
08-18 01:33:16.294 10262 10262 W monodroid-assembly: open_from_bundles: the assembly might have been uploaded to the device with FastDev instead
08-18 01:33:16.294 10262 10262 W monodroid-assembly: open_from_bundles: failed to load bundled assembly System.Reflection.Primitives.dll
08-18 01:33:16.294 10262 10262 W monodroid-assembly: open_from_bundles: the assembly might have been uploaded to the device with FastDev instead
08-18 01:33:16.297 10262 10262 W monodroid-assembly: open_from_bundles: failed to load bundled assembly Microsoft.Maui.Essentials.dll
08-18 01:33:16.297 10262 10262 W monodroid-assembly: open_from_bundles: the assembly might have been uploaded to the device with FastDev instead
08-18 01:33:16.297 10262 10262 W monodroid-assembly: open_from_bundles: failed to load bundled assembly Xamarin.AndroidX.Core.dll
08-18 01:33:16.297 10262 10262 W monodroid-assembly: open_from_bundles: the assembly might have been uploaded to the device with FastDev instead
08-18 01:33:16.306 10262 10262 D CompatChangeReporter: Compat change id reported: 279646685; UID 10278; state: ENABLED
08-18 01:33:16.315 10262 10262 W monodroid-assembly: open_from_bundles: failed to load bundled assembly System.ComponentModel.dll
08-18 01:33:16.315 10262 10262 W monodroid-assembly: open_from_bundles: the assembly might have been uploaded to the device with FastDev instead
08-18 01:33:16.316 10262 10262 W monodroid-assembly: open_from_bundles: failed to load bundled assembly SharpBgfx.dll
08-18 01:33:16.316 10262 10262 W monodroid-assembly: open_from_bundles: the assembly might have been uploaded to the device with FastDev instead
08-18 01:33:16.316 10262 10262 W monodroid-assembly: open_from_bundles: failed to load bundled assembly netstandard.dll
08-18 01:33:16.316 10262 10262 W monodroid-assembly: open_from_bundles: the assembly might have been uploaded to the device with FastDev instead
08-18 01:33:16.319 10262 10262 W monodroid-assembly: open_from_bundles: failed to load bundled assembly Microsoft.VisualStudio.DesignTools.MobileTapContracts.dll
08-18 01:33:16.319 10262 10262 W monodroid-assembly: open_from_bundles: the assembly might have been uploaded to the device with FastDev instead
08-18 01:33:16.325 10262 10298 W monodroid-assembly: open_from_bundles: failed to load bundled assembly Microsoft.VisualStudio.DesignTools.TapContract.dll
08-18 01:33:16.325 10262 10298 W monodroid-assembly: open_from_bundles: the assembly might have been uploaded to the device with FastDev instead
08-18 01:33:16.326 10262 10262 W monodroid-assembly: open_from_bundles: failed to load bundled assembly Microsoft.Extensions.DependencyInjection.Abstractions.dll
08-18 01:33:16.326 10262 10262 W monodroid-assembly: open_from_bundles: the assembly might have been uploaded to the device with FastDev instead
08-18 01:33:16.332  2026  2056 V WindowManagerShell: Transition animation finished (aborted=false), notifying core (#2045) android.os.BinderProxy@cadc1be@0
08-18 01:33:16.332  1635  1716 V WindowManager: Finish Transition (#2045): created at 08-18 01:33:16.000 collect-started=0.137ms request-sent=7.779ms started=14.734ms ready=24.66ms sent=25.818ms finished=332.424ms
08-18 01:33:16.333  2419  2419 D VRI[NexusLauncherActivity]: visibilityChanged oldVisibility=true newVisibility=false
08-18 01:33:16.333  2026  2056 V WindowManagerShell: Track 0 became idle
08-18 01:33:16.333  2026  2056 V WindowManagerShell: All active transition animations finished
08-18 01:33:16.334  1635  2420 W UserManagerService: Requested status bar icon for non-badged user 0
08-18 01:33:16.334  1635  2420 W UserManagerService: Requested status bar icon for non-badged user 0
08-18 01:33:16.337 10262 10262 W monodroid-assembly: open_from_bundles: failed to load bundled assembly System.Console.dll
08-18 01:33:16.337 10262 10262 W monodroid-assembly: open_from_bundles: the assembly might have been uploaded to the device with FastDev instead
08-18 01:33:16.337 10262 10262 W monodroid-assembly: open_from_bundles: failed to load bundled assembly AppCore.dll
08-18 01:33:16.337 10262 10262 W monodroid-assembly: open_from_bundles: the assembly might have been uploaded to the device with FastDev instead
08-18 01:33:16.338 10262 10262 W monodroid-assembly: open_from_bundles: failed to load bundled assembly Microsoft.Maui.Controls.dll
08-18 01:33:16.338 10262 10262 W monodroid-assembly: open_from_bundles: the assembly might have been uploaded to the device with FastDev instead
08-18 01:33:16.338 10262 10262 W monodroid-assembly: open_from_bundles: failed to load bundled assembly System.ObjectModel.dll
08-18 01:33:16.338 10262 10262 W monodroid-assembly: open_from_bundles: the assembly might have been uploaded to the device with FastDev instead
08-18 01:33:16.338 10262 10262 W monodroid-assembly: open_from_bundles: failed to load bundled assembly Microsoft.Maui.Controls.Xaml.dll
08-18 01:33:16.338 10262 10262 W monodroid-assembly: open_from_bundles: the assembly might have been uploaded to the device with FastDev instead
08-18 01:33:16.338 10262 10262 W monodroid-assembly: open_from_bundles: failed to load bundled assembly MauiIcons.Material.Outlined.dll
08-18 01:33:16.338 10262 10262 W monodroid-assembly: open_from_bundles: the assembly might have been uploaded to the device with FastDev instead
08-18 01:33:16.338 10262 10262 W monodroid-assembly: open_from_bundles: failed to load bundled assembly MauiIcons.Material.dll
08-18 01:33:16.338 10262 10262 W monodroid-assembly: open_from_bundles: the assembly might have been uploaded to the device with FastDev instead
08-18 01:33:16.338 10262 10262 W monodroid-assembly: open_from_bundles: failed to load bundled assembly Microsoft.Extensions.Configuration.dll
08-18 01:33:16.338 10262 10262 W monodroid-assembly: open_from_bundles: the assembly might have been uploaded to the device with FastDev instead
08-18 01:33:16.339 10262 10262 W monodroid-assembly: open_from_bundles: failed to load bundled assembly Microsoft.Extensions.Configuration.Abstractions.dll
08-18 01:33:16.339 10262 10262 W monodroid-assembly: open_from_bundles: the assembly might have been uploaded to the device with FastDev instead
08-18 01:33:16.339 10262 10262 W monodroid-assembly: open_from_bundles: failed to load bundled assembly Microsoft.Extensions.Logging.Abstractions.dll
08-18 01:33:16.339 10262 10262 W monodroid-assembly: open_from_bundles: the assembly might have been uploaded to the device with FastDev instead
08-18 01:33:16.339 10262 10262 W monodroid-assembly: open_from_bundles: failed to load bundled assembly System.Runtime.Loader.dll
08-18 01:33:16.339 10262 10262 W monodroid-assembly: open_from_bundles: the assembly might have been uploaded to the device with FastDev instead
08-18 01:33:16.347 10262 10262 W monodroid-assembly: open_from_bundles: failed to load bundled assembly System.Private.Uri.dll
08-18 01:33:16.347 10262 10262 W monodroid-assembly: open_from_bundles: the assembly might have been uploaded to the device with FastDev instead
08-18 01:33:16.347 10262 10262 W monodroid-assembly: open_from_bundles: failed to load bundled assembly System.Xml.ReaderWriter.dll
08-18 01:33:16.347 10262 10262 W monodroid-assembly: open_from_bundles: the assembly might have been uploaded to the device with FastDev instead
08-18 01:33:16.347 10262 10262 W monodroid-assembly: open_from_bundles: failed to load bundled assembly System.Private.Xml.dll
08-18 01:33:16.347 10262 10262 W monodroid-assembly: open_from_bundles: the assembly might have been uploaded to the device with FastDev instead
08-18 01:33:16.348  2419  2419 D NexusLauncherModelDelegate: notifySmartspaceEvent: SmartspaceTargetEvent{mSmartspaceTarget=null, mSmartspaceActionId='null', mEventType=7}
08-18 01:33:16.351   545   677 W hwc-libdisplaycolor: GetRrRegammaForRange: no match found (op_hz, hz, dbv, range_id)=(60,60,362,10)
08-18 01:33:16.351 10262 10262 W monodroid-assembly: open_from_bundles: failed to load bundled assembly Microsoft.Maui.Graphics.dll
08-18 01:33:16.351 10262 10262 W monodroid-assembly: open_from_bundles: the assembly might have been uploaded to the device with FastDev instead
08-18 01:33:16.354 10262 10262 W monodroid-assembly: open_from_bundles: failed to load bundled assembly System.Linq.dll
08-18 01:33:16.354 10262 10262 W monodroid-assembly: open_from_bundles: the assembly might have been uploaded to the device with FastDev instead
08-18 01:33:16.356 10262 10262 W monodroid-assembly: open_from_bundles: failed to load bundled assembly Xamarin.AndroidX.AppCompat.dll
08-18 01:33:16.356 10262 10262 W monodroid-assembly: open_from_bundles: the assembly might have been uploaded to the device with FastDev instead
08-18 01:33:16.361 10262 10262 W monodroid-assembly: open_from_bundles: failed to load bundled assembly System.ComponentModel.TypeConverter.dll
08-18 01:33:16.361 10262 10262 W monodroid-assembly: open_from_bundles: the assembly might have been uploaded to the device with FastDev instead
08-18 01:33:16.383   545   677 W hwc-libdisplaycolor: GetRrRegammaForRange: no match found (op_hz, hz, dbv, range_id)=(60,60,362,10)
08-18 01:33:16.385 10262 10262 W monodroid-assembly: open_from_bundles: failed to load bundled assembly Xamarin.Google.Android.Material.dll
08-18 01:33:16.385 10262 10262 W monodroid-assembly: open_from_bundles: the assembly might have been uploaded to the device with FastDev instead
08-18 01:33:16.392 10262 10262 W monodroid-assembly: open_from_bundles: failed to load bundled assembly Xamarin.AndroidX.Fragment.dll
08-18 01:33:16.392 10262 10262 W monodroid-assembly: open_from_bundles: the assembly might have been uploaded to the device with FastDev instead
08-18 01:33:16.393 10262 10262 W monodroid-assembly: open_from_bundles: failed to load bundled assembly Xamarin.AndroidX.Activity.dll
08-18 01:33:16.393 10262 10262 W monodroid-assembly: open_from_bundles: the assembly might have been uploaded to the device with FastDev instead
08-18 01:33:16.393 10262 10262 W monodroid-assembly: open_from_bundles: failed to load bundled assembly Xamarin.AndroidX.Lifecycle.ViewModel.Android.dll
08-18 01:33:16.393 10262 10262 W monodroid-assembly: open_from_bundles: the assembly might have been uploaded to the device with FastDev instead
08-18 01:33:16.393 10262 10262 W monodroid-assembly: open_from_bundles: failed to load bundled assembly Xamarin.AndroidX.Lifecycle.Common.Jvm.dll
08-18 01:33:16.393 10262 10262 W monodroid-assembly: open_from_bundles: the assembly might have been uploaded to the device with FastDev instead
08-18 01:33:16.393 10262 10262 W monodroid-assembly: open_from_bundles: failed to load bundled assembly Xamarin.AndroidX.SavedState.dll
08-18 01:33:16.393 10262 10262 W monodroid-assembly: open_from_bundles: the assembly might have been uploaded to the device with FastDev instead
08-18 01:33:16.394 10262 10262 W monodroid-assembly: open_from_bundles: failed to load bundled assembly Xamarin.AndroidX.DrawerLayout.dll
08-18 01:33:16.394 10262 10262 W monodroid-assembly: open_from_bundles: the assembly might have been uploaded to the device with FastDev instead
08-18 01:33:16.394 10262 10262 W monodroid-assembly: open_from_bundles: failed to load bundled assembly Xamarin.AndroidX.CustomView.dll
08-18 01:33:16.394 10262 10262 W monodroid-assembly: open_from_bundles: the assembly might have been uploaded to the device with FastDev instead
08-18 01:33:16.394 10262 10262 W monodroid-assembly: open_from_bundles: failed to load bundled assembly Xamarin.AndroidX.Navigation.Runtime.dll
08-18 01:33:16.394 10262 10262 W monodroid-assembly: open_from_bundles: the assembly might have been uploaded to the device with FastDev instead
08-18 01:33:16.405 10262 10262 W monodroid-assembly: open_from_bundles: failed to load bundled assembly System.Net.Primitives.dll
08-18 01:33:16.405 10262 10262 W monodroid-assembly: open_from_bundles: the assembly might have been uploaded to the device with FastDev instead
08-18 01:33:16.408 10262 10262 W monodroid-assembly: open_from_bundles: failed to load bundled assembly Microsoft.Extensions.DependencyInjection.dll
08-18 01:33:16.408 10262 10262 W monodroid-assembly: open_from_bundles: the assembly might have been uploaded to the device with FastDev instead
08-18 01:33:16.408 10262 10262 W monodroid-assembly: open_from_bundles: failed to load bundled assembly System.Collections.Concurrent.dll
08-18 01:33:16.408 10262 10262 W monodroid-assembly: open_from_bundles: the assembly might have been uploaded to the device with FastDev instead
08-18 01:33:16.409 10262 10262 W monodroid-assembly: open_from_bundles: failed to load bundled assembly System.Diagnostics.Tracing.dll
08-18 01:33:16.409 10262 10262 W monodroid-assembly: open_from_bundles: the assembly might have been uploaded to the device with FastDev instead
08-18 01:33:16.428 10262 10298 W monodroid-assembly: open_from_bundles: failed to load bundled assembly System.Diagnostics.TraceSource.dll
08-18 01:33:16.428 10262 10298 W monodroid-assembly: open_from_bundles: the assembly might have been uploaded to the device with FastDev instead
08-18 01:33:16.428 10262 10298 W monodroid-assembly: open_from_bundles: failed to load bundled assembly System.Collections.Specialized.dll
08-18 01:33:16.428 10262 10298 W monodroid-assembly: open_from_bundles: the assembly might have been uploaded to the device with FastDev instead
08-18 01:33:16.430 10262 10262 W monodroid-assembly: open_from_bundles: failed to load bundled assembly System.Text.Encoding.Extensions.dll
08-18 01:33:16.430 10262 10262 W monodroid-assembly: open_from_bundles: the assembly might have been uploaded to the device with FastDev instead
08-18 01:33:16.433 10262 10298 D app_process64: Hot Reload initialization error: No HotReload connection specified
08-18 01:33:16.438 10262 10262 W monodroid-assembly: open_from_bundles: failed to load bundled assembly ja-JP/System.Private.CoreLib.resources.dll
08-18 01:33:16.438 10262 10262 W monodroid-assembly: open_from_bundles: the assembly might have been uploaded to the device with FastDev instead
08-18 01:33:16.438 10262 10262 W monodroid-assembly: open_from_update_dir: assembly file DOES NOT EXIST
08-18 01:33:16.438 10262 10262 W monodroid-assembly: open_from_bundles: failed to load bundled assembly ja-JP/System.Private.CoreLib.resources.dll
08-18 01:33:16.438 10262 10262 W monodroid-assembly: open_from_bundles: the assembly might have been uploaded to the device with FastDev instead
08-18 01:33:16.442 10262 10262 W monodroid-assembly: open_from_bundles: failed to load bundled assembly ja/System.Private.CoreLib.resources.dll
08-18 01:33:16.442 10262 10262 W monodroid-assembly: open_from_bundles: the assembly might have been uploaded to the device with FastDev instead
08-18 01:33:16.442 10262 10262 W monodroid-assembly: open_from_update_dir: assembly file DOES NOT EXIST
08-18 01:33:16.442 10262 10262 W monodroid-assembly: open_from_bundles: failed to load bundled assembly ja/System.Private.CoreLib.resources.dll
08-18 01:33:16.442 10262 10262 W monodroid-assembly: open_from_bundles: the assembly might have been uploaded to the device with FastDev instead
08-18 01:33:16.460 10262 10262 W monodroid-assembly: open_from_bundles: failed to load bundled assembly mscorlib.dll
08-18 01:33:16.460 10262 10262 W monodroid-assembly: open_from_bundles: the assembly might have been uploaded to the device with FastDev instead
08-18 01:33:16.460 10262 10262 W monodroid-assembly: open_from_bundles: failed to load bundled assembly System.dll
08-18 01:33:16.460 10262 10262 W monodroid-assembly: open_from_bundles: the assembly might have been uploaded to the device with FastDev instead
08-18 01:33:16.477 10262 10262 W monodroid-assembly: open_from_bundles: failed to load bundled assembly System.Numerics.Vectors.dll
08-18 01:33:16.478 10262 10262 W monodroid-assembly: open_from_bundles: the assembly might have been uploaded to the device with FastDev instead
08-18 01:33:16.508 10262 10262 W monodroid-assembly: open_from_bundles: failed to load bundled assembly System.Text.Json.dll
08-18 01:33:16.508 10262 10262 W monodroid-assembly: open_from_bundles: the assembly might have been uploaded to the device with FastDev instead
08-18 01:33:16.513 10262 10262 W monodroid-assembly: open_from_bundles: failed to load bundled assembly System.Text.Encodings.Web.dll
08-18 01:33:16.513 10262 10262 W monodroid-assembly: open_from_bundles: the assembly might have been uploaded to the device with FastDev instead
08-18 01:33:16.517 10262 10262 W monodroid-assembly: open_from_bundles: failed to load bundled assembly System.Text.RegularExpressions.dll
08-18 01:33:16.517 10262 10262 W monodroid-assembly: open_from_bundles: the assembly might have been uploaded to the device with FastDev instead
08-18 01:33:16.517 10262 10262 W monodroid-assembly: open_from_bundles: failed to load bundled assembly System.Runtime.Intrinsics.dll
08-18 01:33:16.517 10262 10262 W monodroid-assembly: open_from_bundles: the assembly might have been uploaded to the device with FastDev instead
08-18 01:33:16.520 10262 10262 W monodroid-assembly: open_from_bundles: failed to load bundled assembly System.IO.Pipelines.dll
08-18 01:33:16.520 10262 10262 W monodroid-assembly: open_from_bundles: the assembly might have been uploaded to the device with FastDev instead
08-18 01:33:16.573 10262 10262 W monodroid-assembly: open_from_bundles: failed to load bundled assembly SixLabors.ImageSharp.dll
08-18 01:33:16.573 10262 10262 W monodroid-assembly: open_from_bundles: the assembly might have been uploaded to the device with FastDev instead
08-18 01:33:16.574 10262 10262 W monodroid-assembly: open_from_bundles: failed to load bundled assembly System.Threading.Channels.dll
08-18 01:33:16.574 10262 10262 W monodroid-assembly: open_from_bundles: the assembly might have been uploaded to the device with FastDev instead
08-18 01:33:16.576 10262 10262 W monodroid-assembly: open_from_bundles: failed to load bundled assembly Xamarin.AndroidX.RecyclerView.dll
08-18 01:33:16.576 10262 10262 W monodroid-assembly: open_from_bundles: the assembly might have been uploaded to the device with FastDev instead
08-18 01:33:16.577 10262 10262 W monodroid-assembly: open_from_bundles: failed to load bundled assembly Xamarin.AndroidX.SwipeRefreshLayout.dll
08-18 01:33:16.577 10262 10262 W monodroid-assembly: open_from_bundles: the assembly might have been uploaded to the device with FastDev instead
08-18 01:33:16.580 10262 10262 W monodroid-assembly: open_from_bundles: failed to load bundled assembly Xamarin.AndroidX.CardView.dll
08-18 01:33:16.580 10262 10262 W monodroid-assembly: open_from_bundles: the assembly might have been uploaded to the device with FastDev instead
08-18 01:33:16.596 10262 10300 D vulkan  : searching for layers in '/data/app/~~MN5CadSUbRNh9nVeSkczew==/com.example.minimikudancemaui-qjAXAgLCSN2Ehf8QFH6Vww==/lib/arm64'
08-18 01:33:16.596 10262 10300 D vulkan  : searching for layers in '/data/app/~~MN5CadSUbRNh9nVeSkczew==/com.example.minimikudancemaui-qjAXAgLCSN2Ehf8QFH6Vww==/base.apk!/lib/arm64-v8a'
08-18 01:33:16.604 10262 10262 W monodroid-assembly: open_from_bundles: failed to load bundled assembly Xamarin.AndroidX.Loader.dll
08-18 01:33:16.604 10262 10262 W monodroid-assembly: open_from_bundles: the assembly might have been uploaded to the device with FastDev instead
08-18 01:33:16.622 10262 10262 D AppCompatDelegate: Checking for metadata for AppLocalesMetadataHolderService : Service not found
08-18 01:33:16.630 10262 10262 W monodroid-assembly: open_from_bundles: failed to load bundled assembly _Microsoft.Android.Resource.Designer.dll
08-18 01:33:16.630 10262 10262 W monodroid-assembly: open_from_bundles: the assembly might have been uploaded to the device with FastDev instead
08-18 01:33:16.651 10262 10262 W monodroid-assembly: open_from_bundles: failed to load bundled assembly MauiIcons.Core.dll
08-18 01:33:16.651 10262 10262 W monodroid-assembly: open_from_bundles: the assembly might have been uploaded to the device with FastDev instead
08-18 01:33:16.769 10262 10262 I nimikudancemaui: Explicit concurrent mark compact GC freed 1661KB AllocSpace bytes, 3(60KB) LOS objects, 91% free, 2429KB/26MB, paused 30us,666us total 4.976ms
08-18 01:33:16.834 10262 10262 W monodroid-assembly: open_from_bundles: failed to load bundled assembly System.ComponentModel.Primitives.dll
08-18 01:33:16.834 10262 10262 W monodroid-assembly: open_from_bundles: the assembly might have been uploaded to the device with FastDev instead
08-18 01:33:16.909 10262 10262 I nimikudancemaui: Explicit concurrent mark compact GC freed 72KB AllocSpace bytes, 0(0B) LOS objects, 91% free, 2421KB/26MB, paused 32us,670us total 4.270ms
08-18 01:33:16.922 10262 10262 W monodroid-assembly: open_from_bundles: failed to load bundled assembly Xamarin.AndroidX.Lifecycle.LiveData.Core.dll
