08-18 01:33:02.449  1635  2472 V GrammaticalInflectionUtils: AttributionSource: android.content.AttributionSource@de5ff044 does not have READ_SYSTEM_GRAMMATICAL_GENDER permission.
08-18 01:33:02.449  1635  2472 W OptProp : Cannot read opt property android.window.PROPERTY_COMPAT_ALLOW_RESIZEABLE_ACTIVITY_OVERRIDES
08-18 01:33:02.449  1635  2472 W OptProp : Cannot read opt property android.window.PROPERTY_COMPAT_ALLOW_MIN_ASPECT_RATIO_OVERRIDE
08-18 01:33:02.454  1635  2472 W OptProp : Cannot read opt property android.window.PROPERTY_COMPAT_ALLOW_ORIENTATION_OVERRIDE
08-18 01:33:02.460  1635  2472 I ActivityTaskManager: START u0 {act=android.intent.action.MAIN cat=[android.intent.category.LAUNCHER] flg=0x10000000 cmp=com.example.minimikudancemaui/crc642b763ce9c7e2f543.MainActivity} with LAUNCH_MULTIPLE from uid 2000 (BAL_ALLOW_PERMISSION) result code=0
08-18 01:33:02.462  2026  2056 V WindowManagerShell: Transition requested (#2041): android.os.BinderProxy@64ad926 TransitionRequestInfo { type = OPEN, triggerTask = TaskInfo{userId=0 taskId=1614 effectiveUid=10278 displayId=0 isRunning=true baseIntent=Intent { act=android.intent.action.MAIN cat=[android.intent.category.LAUNCHER] flg=0x10000000 cmp=com.example.minimikudancemaui/crc642b763ce9c7e2f543.MainActivity } baseActivity=ComponentInfo{com.example.minimikudancemaui/crc642b763ce9c7e2f543.MainActivity} topActivity=ComponentInfo{com.example.minimikudancemaui/crc642b763ce9c7e2f543.MainActivity} origActivity=null realActivity=ComponentInfo{com.example.minimikudancemaui/crc642b763ce9c7e2f543.MainActivity} numActivities=1 lastActiveTime=2874370773 supportsMultiWindow=true resizeMode=1 isResizeable=true minWidth=-1 minHeight=-1 defaultMinSize=220 token=WCT{android.window.IWindowContainerToken$Stub$Proxy@56c3967} topActivityType=1 pictureInPictureParams=null shouldDockBigOverlays=false launchIntoPipHostTaskId=-1 lastParentTaskIdBeforePip=-1 displayCutoutSafeInsets=Rect(0, 121 - 0, 0) topActivityInfo=ActivityInfo{53c0314 crc642b763ce9c7e2f543.MainActivity} launchCookies=[] positionInParent=Point(0, 0) parentTaskId=-1 isFocused=false isVisible=false isVisibleRequested=false isSleeping=false locusId=null displayAreaFeatureId=1 isTopActivityTransparent=false isTopActivityStyleFloating=false lastNonFullscreenBounds=Rect(277, 689 - 803, 1769) capturedLink=null capturedLinkTimestamp=0 appCompatTaskInfo=AppCompatTaskInfo { topActivityInSizeCompat=false eligibleForLetterboxEducation= false isLetterboxEducationEnabled= false isLetterboxDoubleTapEnabled= false eligibleForUserAspectRatioButton= false topActivityBoundsLetterboxed= false isFromLetterboxDoubleTap= false topActivityLetterboxVerticalPosition= -1 topActivityLetterboxHorizontalPosition= -1 topActivityLetterboxWidth=1080 topActivityLetterboxHeight=2400 topActivityLetterboxAppWidth=1080 topActivityLetterboxAppHeight=2400 isUserFullscreenOverrideEnabled=false isSystemFullscreenOverrideEnabled=false hasMinAspectRatioOverride=false cameraCompatTaskInfo=CameraCompatTaskInfo { freeformCameraCompatMode=inactive}}}, pipTask = null, remoteTransition = null, displayChange = null, flags = 0, debugId = 2041 }
08-18 01:33:02.462  2026  2056 D ShellSplitScreen: logExit: no-op, mLoggerSessionId is null
08-18 01:33:02.462   545   677 W hwc-libdisplaycolor: GetRrRegammaForRange: no match found (op_hz, hz, dbv, range_id)=(60,60,362,10)
08-18 01:33:02.463  2419  2419 W SplitSelectStateCtor: Missing session instanceIds
08-18 01:33:02.463  2419  2419 D StatsLog: LAUNCHER_SPLIT_SELECTION_EXIT_INTERRUPTED
08-18 01:33:02.465  2026  2056 D WindowManagerShell: setLauncherKeepClearAreaHeight: visible=false, height=527
08-18 01:33:02.466  1058  1198 W IPCThreadState: Sending oneway calls to frozen process.
08-18 01:33:02.468  1635  1719 V GrammaticalInflectionUtils: AttributionSource: android.content.AttributionSource@de5ff044 does not have READ_SYSTEM_GRAMMATICAL_GENDER permission.
08-18 01:33:02.470  1635  1719 W ProcessStats: Tracking association SourceState{64052e0 com.android.settings/1000 Service #3129515} whose proc state 8 is better than process ProcessState{8deee45 com.google.android.settings.intelligence/10121 pkg=com.google.android.settings.intelligence} proc state 15 (1 skipped)
08-18 01:33:02.470  2845  2879 D ForegroundUtils: Foreground UID status:
08-18 01:33:02.470  2845  2879 D ForegroundUtils: UID: 10081 is in foreground: false
08-18 01:33:02.470  2845  2879 D ForegroundUtils: UID: 10092 is in foreground: false
08-18 01:33:02.470  2845  2879 D ForegroundUtils: UID: 10121 is in foreground: true
08-18 01:33:02.470  2845  2879 D ForegroundUtils: UID: 10161 is in foreground: false
08-18 01:33:02.470  2845  2879 D ForegroundUtils: UID: 10169 is in foreground: true
08-18 01:33:02.470  2845  2879 D ForegroundUtils: UID: 10200 is in foreground: false
08-18 01:33:02.470  2845  2879 D ForegroundUtils: UID: 10243 is in foreground: true
08-18 01:33:02.470  2845  2879 D ForegroundUtils: UID: 10245 is in foreground: true
08-18 01:33:02.470  2845  2879 D ForegroundUtils: UID: 10253 is in foreground: true
08-18 01:33:02.476   840   840 D Zygote  : Forked child process 10086
08-18 01:33:02.476  1635  1730 I ActivityManager: Start proc 10086:com.example.minimikudancemaui/u0a278 for next-top-activity {com.example.minimikudancemaui/crc642b763ce9c7e2f543.MainActivity}
08-18 01:33:02.479   541   541 I BpBinder: onLastStrongRef automatically unlinking death recipients: 
08-18 01:33:02.481   545   677 W hwc-libdisplaycolor: GetRrRegammaForRange: no match found (op_hz, hz, dbv, range_id)=(60,60,362,10)
08-18 01:33:02.481  1635  3005 D CoreBackPreview: Window{66c293f u0 Splash Screen com.example.minimikudancemaui}: Setting back callback OnBackInvokedCallbackInfo{mCallback=android.window.IOnBackInvokedCallback$Stub$Proxy@6a922f8, mPriority=0, mIsAnimationCallback=false}
08-18 01:33:02.483 10086 10086 I nimikudancemaui: Late-enabling -Xcheck:jni
08-18 01:33:02.490  2026 23661 V WindowManagerShell: onTransitionReady(transaction=7022271640846)
08-18 01:33:02.490  2026  2056 V WindowManagerShell: onTransitionReady (#2041) android.os.BinderProxy@64ad926: {id=2041 t=OPEN f=0x0 trk=0 r=[0@Point(0, 0)] c=[{WCT{android.window.IWindowContainerToken$Stub$Proxy@5ac117b} m=OPEN f=NONE leash=Surface(name=Task=1614)/@0x4cca0ac sb=Rect(0, 0 - 1080, 2400) eb=Rect(0, 0 - 1080, 2400) epz=Point(1080, 2400) d=0 taskParent=-1},{WCT{android.window.IWindowContainerToken$Stub$Proxy@7b91b98} m=TO_BACK f=SHOW_WALLPAPER leash=Surface(name=Task=1)/@0x51d0175 sb=Rect(0, 0 - 1080, 2400) eb=Rect(0, 0 - 1080, 2400) epz=Point(1080, 2400) d=0 taskParent=-1}]}
08-18 01:33:02.490  1635  1716 V WindowManager: Sent Transition (#2041) createdAt=08-18 01:33:02.450 via request=TransitionRequestInfo { type = OPEN, triggerTask = TaskInfo{userId=0 taskId=1614 effectiveUid=10278 displayId=0 isRunning=true baseIntent=Intent { act=android.intent.action.MAIN cat=[android.intent.category.LAUNCHER] flg=0x10000000 cmp=com.example.minimikudancemaui/crc642b763ce9c7e2f543.MainActivity } baseActivity=ComponentInfo{com.example.minimikudancemaui/crc642b763ce9c7e2f543.MainActivity} topActivity=ComponentInfo{com.example.minimikudancemaui/crc642b763ce9c7e2f543.MainActivity} origActivity=null realActivity=ComponentInfo{com.example.minimikudancemaui/crc642b763ce9c7e2f543.MainActivity} numActivities=1 lastActiveTime=2874370773 supportsMultiWindow=true resizeMode=1 isResizeable=true minWidth=-1 minHeight=-1 defaultMinSize=220 token=WCT{RemoteToken{bc5ac0d Task{a1e5612 #1614 type=standard A=10278:com.example.minimikudancemaui isResizeable=true minWidth=-1 minHeight=-1}}} topActivityType=1 pictureInPictureParams=null shouldDockBigOverlays=false launchIntoPipHostTaskId=-1 lastParentTaskIdBeforePip=-1 displayCutoutSafeInsets=Rect(0, 121 - 0, 0) topActivityInfo=ActivityInfo{ca467c2 crc642b763ce9c7e2f543.MainActivity} launchCookies=[] positionInParent=Point(0, 0) parentTaskId=-1 isFocused=false isVisible=false isVisibleRequested=false isSleeping=false locusId=null displayAreaFeatureId=1 isTopActivityTransparent=false isTopActivityStyleFloating=false lastNonFullscreenBounds=Rect(277, 689 - 803, 1769) capturedLink=null capturedLinkTimestamp=0 appCompatTaskInfo=AppCompatTaskInfo { topActivityInSizeCompat=false eligibleForLetterboxEducation= false isLetterboxEducationEnabled= false isLetterboxDoubleTapEnabled= false eligibleForUserAspectRatioButton= false topActivityBoundsLetterboxed= false isFromLetterboxDoubleTap= false topActivityLetterboxVerticalPosition= -1 topActivityLetterboxHorizontalPosition= -1 topActivityLetterboxWidth=1080 topActivityLetterboxHeight=2400 topActivityLetterboxAppWidth=1080 topActivityLetterboxAppHeight=2400 isUserFullscreenOverrideEnabled=false isSystemFullscreenOverrideEnabled=false hasMinAspectRatioOverride=false cameraCompatTaskInfo=CameraCompatTaskInfo { freeformCameraCompatMode=inactive}}}, pipTask = null, remoteTransition = null, displayChange = null, flags = 0, debugId = 2041 }
08-18 01:33:02.490  2026  2056 V WindowManagerShell: Playing animation for (#2041) android.os.BinderProxy@64ad926@0
08-18 01:33:02.490  1635  1716 V WindowManager:     startWCT=WindowContainerTransaction { changes = {} hops = [] errorCallbackToken=null taskFragmentOrganizer=null }
08-18 01:33:02.490  2026  2056 V WindowManagerShell:  try handler com.android.wm.shell.transition.DefaultMixedHandler@66856ed
08-18 01:33:02.490  2026  2056 V WindowManagerShell:  try handler com.android.wm.shell.keyguard.KeyguardTransitionHandler@d376922
08-18 01:33:02.491  2026  2056 V WindowManagerShell:  try handler com.android.wm.shell.pip.PipTransition@51d17a9
08-18 01:33:02.491  2026  2056 V WindowManagerShell:  try handler com.android.wm.shell.activityembedding.ActivityEmbeddingController@4ec12e
08-18 01:33:02.491  2026  2056 V WindowManagerShell:  try handler com.android.wm.shell.recents.RecentsTransitionHandler@7f874cf
08-18 01:33:02.491  2026  2056 V ShellRecents: RecentsTransitionHandler.startAnimation: no controller found
08-18 01:33:02.491  2026  2056 V WindowManagerShell:  try handler com.android.wm.shell.splitscreen.StageCoordinator@f7afe5c
08-18 01:33:02.491  2026  2056 V WindowManagerShell:  try handler com.android.wm.shell.back.BackAnimationController$BackTransitionHandler@8068565
08-18 01:33:02.491  2026  2056 V WindowManagerShell:  try handler com.android.wm.shell.transition.RemoteTransitionHandler@889c23a
08-18 01:33:02.491  2026  2056 V WindowManagerShell: Transition doesn't have explicit remote, search filters for match for {id=2041 t=OPEN f=0x0 trk=0 r=[0@Point(0, 0)] c=[{WCT{android.window.IWindowContainerToken$Stub$Proxy@5ac117b} m=OPEN f=NONE leash=Surface(name=Task=1614)/@0x4cca0ac sb=Rect(0, 0 - 1080, 2400) eb=Rect(0, 0 - 1080, 2400) epz=Point(1080, 2400) d=0 taskParent=-1},{WCT{android.window.IWindowContainerToken$Stub$Proxy@7b91b98} m=TO_BACK f=SHOW_WALLPAPER leash=Surface(name=Task=1)/@0x51d0175 sb=Rect(0, 0 - 1080, 2400) eb=Rect(0, 0 - 1080, 2400) epz=Point(1080, 2400) d=0 taskParent=-1}]}
08-18 01:33:02.491  1635  1716 V WindowManager:     info={id=2041 t=OPEN f=0x0 trk=0 r=[0@Point(0, 0)] c=[
08-18 01:33:02.491  1635  1716 V WindowManager:         {WCT{RemoteToken{bc5ac0d Task{a1e5612 #1614 type=standard A=10278:com.example.minimikudancemaui isResizeable=true minWidth=-1 minHeight=-1}}} m=OPEN f=NONE leash=Surface(name=Task=1614)/@0x27ba3d1 sb=Rect(0, 0 - 1080, 2400) eb=Rect(0, 0 - 1080, 2400) epz=Point(1080, 2400) d=0 taskParent=-1},
08-18 01:33:02.491  1635  1716 V WindowManager:         {WCT{RemoteToken{33b0691 Task{52b1fdc #1 type=home isResizeable=true minWidth=-1 minHeight=-1}}} m=TO_BACK f=SHOW_WALLPAPER leash=Surface(name=Task=1)/@0x8c195dc sb=Rect(0, 0 - 1080, 2400) eb=Rect(0, 0 - 1080, 2400) epz=Point(1080, 2400) d=0 taskParent=-1}
08-18 01:33:02.491  1635  1716 V WindowManager:     ]}
08-18 01:33:02.491  2026  2056 V WindowManagerShell:  Checking filter Pair{{types=[] flags=0x0] notFlags=0x0 checks=[{atype=undefined independent=true modes=[CLOSE,TO_BACK] flags=IN_TASK_WITH_EMBEDDED_ACTIVITY mustBeTask=false order=ANY topActivity=null launchCookie=null taskFragmentToken=android.os.BinderProxy@eb18eeb}]} RemoteTransition { remoteTransition = android.window.IRemoteTransition$Stub$Proxy@fe7a448, appThread = android.app.IApplicationThread$Stub$Proxy@15f12e1, debugName = overlayBackTransition }}
08-18 01:33:02.491  2026  2056 V WindowManagerShell:  Checking filter Pair{{types=[] flags=0x0] notFlags=0x0 checks=[{atype=dream independent=true modes=[OPEN,TO_FRONT] flags=NONE mustBeTask=false order=ANY topActivity=null launchCookie=null},{atype=home independent=true modes=[CLOSE,TO_BACK] flags=NONE mustBeTask=false order=ANY topActivity=null launchCookie=null}]} RemoteTransition { remoteTransition = android.window.IRemoteTransition$Stub$Proxy@841c806, appThread = android.app.IApplicationThread$Stub$Proxy@9982ec7, debugName = LauncherToDream }}
08-18 01:33:02.491  2026  2056 V WindowManagerShell:  Checking filter Pair{{types=[] flags=0x0] notFlags=0x100 checks=[{atype=home independent=true modes=[OPEN,TO_FRONT] flags=NONE mustBeTask=false order=TOP topActivity=ComponentInfo{com.google.android.apps.nexuslauncher/com.google.android.apps.nexuslauncher.NexusLauncherActivity} launchCookie=null},{atype=standard independent=true modes=[CLOSE,TO_BACK] flags=NONE mustBeTask=false order=ANY topActivity=null launchCookie=null},{NOT atype=undefined independent=true modes=[] flags=NONE mustBeTask=true order=ANY topActivity=null launchCookie=null customAnim=true}]} RemoteTransition { remoteTransition = android.window.IRemoteTransition$Stub$Proxy@8f6bcf4, appThread = android.app.IApplicationThread$Stub$Proxy@758fc1d, debugName = QuickstepLaunchHome }}
08-18 01:33:02.491  2026  2056 V WindowManagerShell:  Delegate animation for (#2041) to null
08-18 01:33:02.491  2026  2056 V WindowManagerShell:  try handler com.android.wm.shell.transition.DefaultTransitionHandler@9225e92
08-18 01:33:02.491  2026  2056 V WindowManagerShell: start default transition animation, info = {id=2041 t=OPEN f=0x0 trk=0 r=[0@Point(0, 0)] c=[{WCT{android.window.IWindowContainerToken$Stub$Proxy@5ac117b} m=OPEN f=NONE leash=Surface(name=Task=1614)/@0x4cca0ac sb=Rect(0, 0 - 1080, 2400) eb=Rect(0, 0 - 1080, 2400) epz=Point(1080, 2400) d=0 taskParent=-1},{WCT{android.window.IWindowContainerToken$Stub$Proxy@7b91b98} m=TO_BACK f=SHOW_WALLPAPER leash=Surface(name=Task=1)/@0x51d0175 sb=Rect(0, 0 - 1080, 2400) eb=Rect(0, 0 - 1080, 2400) epz=Point(1080, 2400) d=0 taskParent=-1}]}
08-18 01:33:02.491  2026  2056 V WindowManagerShell: loadAnimation: anim=android.view.animation.AnimationSet@fc93ff1 animAttr=0x13 type=OPEN isEntrance=false
08-18 01:33:02.491  2026  2056 V WindowManagerShell: loadAnimation: anim=android.view.animation.AnimationSet@f91d7d6 animAttr=0x12 type=OPEN isEntrance=true
08-18 01:33:02.491  2026  2056 V WindowManagerShell:  animated by com.android.wm.shell.transition.DefaultTransitionHandler@9225e92
08-18 01:33:02.492  1635  3005 W UserManagerService: Requested status bar icon for non-badged user 0
08-18 01:33:02.498 10086 10086 I nimikudancemaui: Using CollectorTypeCMC GC.
08-18 01:33:02.502  1135  1212 I adbd    : jdwp connection from 10086
08-18 01:33:02.504 10086 10086 D nativeloader: Load libframework-connectivity-tiramisu-jni.so using APEX ns com_android_tethering for caller /apex/com.android.tethering/javalib/framework-connectivity-t.jar: ok
08-18 01:33:02.510  1635  3005 W com.android.internal.protolog.LogcatOnlyProtoLogImpl: ProtoLog message not processed. Failed to log it to proto. Logging it below to logcat instead.
08-18 01:33:02.510  1635  3005 V WindowManager: Binding proc com.example.minimikudancemaui with config {1.0 ?mcc0mnc [ja_JP,en_US] ldltr sw411dp w411dp h914dp 420dpi nrml long hdr widecg port night finger -keyb/v/h -nav/h winConfig={ mBounds=Rect(0, 0 - 1080, 2400) mAppBounds=Rect(0, 0 - 1080, 2400) mMaxBounds=Rect(0, 0 - 1080, 2400) mDisplayRotation=ROTATION_0 mWindowingMode=fullscreen mActivityType=undefined mAlwaysOnTop=undefined mRotation=ROTATION_0} s.147 fontWeightAdjustment=0}
08-18 01:33:02.511  2845  2879 D ForegroundUtils: Foreground UID status:
08-18 01:33:02.511  2845  2879 D ForegroundUtils: UID: 10081 is in foreground: false
08-18 01:33:02.511  2845  2879 D ForegroundUtils: UID: 10092 is in foreground: false
08-18 01:33:02.511  2845  2879 D ForegroundUtils: UID: 10121 is in foreground: true
08-18 01:33:02.511  2845  2879 D ForegroundUtils: UID: 10161 is in foreground: false
08-18 01:33:02.511  2845  2879 D ForegroundUtils: UID: 10169 is in foreground: true
08-18 01:33:02.511  2845  2879 D ForegroundUtils: UID: 10200 is in foreground: false
08-18 01:33:02.511  2845  2879 D ForegroundUtils: UID: 10243 is in foreground: true
08-18 01:33:02.511  2845  2879 D ForegroundUtils: UID: 10245 is in foreground: true
08-18 01:33:02.511  2845  2879 D ForegroundUtils: UID: 10253 is in foreground: true
08-18 01:33:02.511  2845  2879 D ForegroundUtils: UID: 10278 is in foreground: true
08-18 01:33:02.529 10086 10086 D ApplicationLoaders: Returning zygote-cached class loader: /system_ext/framework/androidx.window.extensions.jar
08-18 01:33:02.529 10086 10086 D ApplicationLoaders: Returning zygote-cached class loader: /system_ext/framework/androidx.window.sidecar.jar
08-18 01:33:02.530 10086 10086 W ziparchive: Unable to open '/data/app/~~MN5CadSUbRNh9nVeSkczew==/com.example.minimikudancemaui-qjAXAgLCSN2Ehf8QFH6Vww==/base.dm': No such file or directory
08-18 01:33:02.530 10086 10086 W ziparchive: Unable to open '/data/app/~~MN5CadSUbRNh9nVeSkczew==/com.example.minimikudancemaui-qjAXAgLCSN2Ehf8QFH6Vww==/base.dm': No such file or directory
08-18 01:33:02.535   541   541 E SurfaceFlinger: Out of order buffers detected for RequestedLayerState{com.google.android.apps.nexuslauncher/com.google.android.apps.nexuslauncher.NexusLauncherActivity#28869 parentId=102} producedId=967 frameNumber=159 -> producedId=967 frameNumber=31
08-18 01:33:02.537   545   677 W hwc-libdisplaycolor: GetRrRegammaForRange: no match found (op_hz, hz, dbv, range_id)=(60,60,362,10)
08-18 01:33:02.551   541   541 E SurfaceFlinger: Out of order buffers detected for RequestedLayerState{com.google.android.apps.nexuslauncher/com.google.android.apps.nexuslauncher.NexusLauncherActivity#28869 parentId=102} producedId=967 frameNumber=159 -> producedId=967 frameNumber=32
08-18 01:33:02.568   541   541 E SurfaceFlinger: Out of order buffers detected for RequestedLayerState{com.google.android.apps.nexuslauncher/com.google.android.apps.nexuslauncher.NexusLauncherActivity#28869 parentId=102} producedId=967 frameNumber=159 -> producedId=967 frameNumber=33
08-18 01:33:02.586   541   541 E SurfaceFlinger: Out of order buffers detected for RequestedLayerState{com.google.android.apps.nexuslauncher/com.google.android.apps.nexuslauncher.NexusLauncherActivity#28869 parentId=102} producedId=967 frameNumber=159 -> producedId=967 frameNumber=34
08-18 01:33:02.593  1635  1911 D ConnectivityService: releasing NetworkRequest [ REQUEST id=452700, [ Capabilities: NOT_METERED&INTERNET&NOT_RESTRICTED&TRUSTED&NOT_VCN_MANAGED&NOT_BANDWIDTH_CONSTRAINED Uid: 10172 RequestorUid: 10172 RequestorPkg: com.google.android.gms UnderlyingNetworks: Null] ] (release request)
08-18 01:33:02.593 32512 32544 E SystemUpdate: [Network,NormalNetworkRequester] Failed to acquire the non-metered network.
08-18 01:33:02.593 32512 32544 E SystemUpdate: java.io.IOException: Timeout [3000] when acquiring the network.
08-18 01:33:02.593 32512 32544 E SystemUpdate: 	at etcc.g(:com.google.android.gms@252431035@25.24.31 (260400-772615181):187)
08-18 01:33:02.593 32512 32544 E SystemUpdate: 	at etcc.f(:com.google.android.gms@252431035@25.24.31 (260400-772615181):21)
08-18 01:33:02.593 32512 32544 E SystemUpdate: 	at etcf.h(:com.google.android.gms@252431035@25.24.31 (260400-772615181):3)
08-18 01:33:02.593 32512 32544 E SystemUpdate: 	at eszx.a(:com.google.android.gms@252431035@25.24.31 (260400-772615181):54)
08-18 01:33:02.593 32512 32544 E SystemUpdate: 	at com.google.android.gms.update.execution.InstallationIntentOperation.onHandleIntent(:com.google.android.gms@252431035@25.24.31 (260400-772615181):157)
08-18 01:33:02.593 32512 32544 E SystemUpdate: 	at com.google.android.chimera.IntentOperation.onHandleIntent(:com.google.android.gms@252431035@25.24.31 (260400-772615181):2)
08-18 01:33:02.593 32512 32544 E SystemUpdate: 	at atxs.onHandleIntent(:com.google.android.gms@252431035@25.24.31 (260400-772615181):8)
08-18 01:33:02.593 32512 32544 E SystemUpdate: 	at vqo.run(:com.google.android.gms@252431035@25.24.31 (260400-772615181):64)
08-18 01:33:02.593 32512 32544 E SystemUpdate: 	at vqn.run(:com.google.android.gms@252431035@25.24.31 (260400-772615181):132)
08-18 01:33:02.593 32512 32544 E SystemUpdate: 	at fvxc.run(:com.google.android.gms@252431035@25.24.31 (260400-772615181):21)
08-18 01:33:02.593 32512 32544 E SystemUpdate: 	at java.util.concurrent.ThreadPoolExecutor.runWorker(ThreadPoolExecutor.java:1145)
08-18 01:33:02.593 32512 32544 E SystemUpdate: 	at java.util.concurrent.ThreadPoolExecutor$Worker.run(ThreadPoolExecutor.java:644)
08-18 01:33:02.593 32512 32544 E SystemUpdate: 	at java.lang.Thread.run(Thread.java:1012)
08-18 01:33:02.594 32512 32544 I SystemUpdate: [Network,NetworkRequester] Requesting network with capabilities [12]...
08-18 01:33:02.595  1635  3004 D ConnectivityService: requestNetwork for uid/pid:10172/32512 activeRequest: null callbackRequest: 452701 [NetworkRequest [ REQUEST id=452701, [ Capabilities: INTERNET&NOT_RESTRICTED&TRUSTED&NOT_VCN_MANAGED&NOT_BANDWIDTH_CONSTRAINED Uid: 10172 RequestorUid: 10172 RequestorPkg: com.google.android.gms UnderlyingNetworks: Null] ]] callback flags: 0 order: 2147483647 isUidTracked: false declaredMethods: 0x14
08-18 01:33:02.596  1635  1899 D WifiNetworkFactory: got request NetworkRequest [ REQUEST id=452701, [ Capabilities: INTERNET&NOT_RESTRICTED&TRUSTED&NOT_VCN_MANAGED&NOT_BANDWIDTH_CONSTRAINED Uid: 10172 RequestorUid: 10172 RequestorPkg: com.google.android.gms UnderlyingNetworks: Null] ]
08-18 01:33:02.597  1635  1899 D UntrustedWifiNetworkFactory: got request NetworkRequest [ REQUEST id=452701, [ Capabilities: INTERNET&NOT_RESTRICTED&TRUSTED&NOT_VCN_MANAGED&NOT_BANDWIDTH_CONSTRAINED Uid: 10172 RequestorUid: 10172 RequestorPkg: com.google.android.gms UnderlyingNetworks: Null] ]
08-18 01:33:02.597  1635  1899 D OemPaidWifiNetworkFactory: got request NetworkRequest [ REQUEST id=452701, [ Capabilities: INTERNET&NOT_RESTRICTED&TRUSTED&NOT_VCN_MANAGED&NOT_BANDWIDTH_CONSTRAINED Uid: 10172 RequestorUid: 10172 RequestorPkg: com.google.android.gms UnderlyingNetworks: Null] ]
08-18 01:33:02.597  1635  1899 D MultiInternetWifiNetworkFactory: got request NetworkRequest [ REQUEST id=452701, [ Capabilities: INTERNET&NOT_RESTRICTED&TRUSTED&NOT_VCN_MANAGED&NOT_BANDWIDTH_CONSTRAINED Uid: 10172 RequestorUid: 10172 RequestorPkg: com.google.android.gms UnderlyingNetworks: Null] ]
08-18 01:33:02.597  1635  1911 D ConnectivityService: NetReassign [no changes] [c 0] [a 0] [i 2]
08-18 01:33:02.603   541   541 E SurfaceFlinger: Out of order buffers detected for RequestedLayerState{com.google.android.apps.nexuslauncher/com.google.android.apps.nexuslauncher.NexusLauncherActivity#28869 parentId=102} producedId=967 frameNumber=159 -> producedId=967 frameNumber=35
08-18 01:33:02.619   541   541 E SurfaceFlinger: Out of order buffers detected for RequestedLayerState{com.google.android.apps.nexuslauncher/com.google.android.apps.nexuslauncher.NexusLauncherActivity#28869 parentId=102} producedId=967 frameNumber=159 -> producedId=967 frameNumber=36
08-18 01:33:02.633 10086 10086 D nativeloader: Configuring clns-7 for other apk /data/app/~~MN5CadSUbRNh9nVeSkczew==/com.example.minimikudancemaui-qjAXAgLCSN2Ehf8QFH6Vww==/base.apk. target_sdk_version=35, uses_libraries=, library_path=/data/app/~~MN5CadSUbRNh9nVeSkczew==/com.example.minimikudancemaui-qjAXAgLCSN2Ehf8QFH6Vww==/lib/arm64:/data/app/~~MN5CadSUbRNh9nVeSkczew==/com.example.minimikudancemaui-qjAXAgLCSN2Ehf8QFH6Vww==/base.apk!/lib/arm64-v8a, permitted_path=/data:/mnt/expand:/data/user/0/com.example.minimikudancemaui
08-18 01:33:02.634 10086 10086 D CompatChangeReporter: Compat change id reported: 202956589; UID 10278; state: ENABLED
08-18 01:33:02.636   541   541 E SurfaceFlinger: Out of order buffers detected for RequestedLayerState{com.google.android.apps.nexuslauncher/com.google.android.apps.nexuslauncher.NexusLauncherActivity#28869 parentId=102} producedId=967 frameNumber=159 -> producedId=967 frameNumber=37
08-18 01:33:02.645 10086 10086 V GraphicsEnvironment: Currently set values for:
08-18 01:33:02.645 10086 10086 V GraphicsEnvironment:   angle_gl_driver_selection_pkgs=[com.android.angle, com.linecorp.b612.android, com.campmobile.snow, com.google.android.apps.tachyon]
08-18 01:33:02.645 10086 10086 V GraphicsEnvironment:   angle_gl_driver_selection_values=[angle, native, native, native]
08-18 01:33:02.645 10086 10086 V GraphicsEnvironment: com.example.minimikudancemaui is not listed in per-application setting
08-18 01:33:02.645 10086 10086 V GraphicsEnvironment: Neither updatable production driver nor prerelease driver is supported.
08-18 01:33:02.653 10086 10086 D nativeloader: Load /data/app/~~MN5CadSUbRNh9nVeSkczew==/com.example.minimikudancemaui-qjAXAgLCSN2Ehf8QFH6Vww==/lib/arm64/libmonosgen-2.0.so using ns clns-7 from class loader (caller=/data/app/~~MN5CadSUbRNh9nVeSkczew==/com.example.minimikudancemaui-qjAXAgLCSN2Ehf8QFH6Vww==/base.apk!classes2.dex): ok
08-18 01:33:02.654 10086 10086 D nativeloader: Load /data/app/~~MN5CadSUbRNh9nVeSkczew==/com.example.minimikudancemaui-qjAXAgLCSN2Ehf8QFH6Vww==/lib/arm64/libxamarin-app.so using ns clns-7 from class loader (caller=/data/app/~~MN5CadSUbRNh9nVeSkczew==/com.example.minimikudancemaui-qjAXAgLCSN2Ehf8QFH6Vww==/base.apk!classes2.dex): ok
08-18 01:33:02.655 10086 10086 D nativeloader: Load /data/app/~~MN5CadSUbRNh9nVeSkczew==/com.example.minimikudancemaui-qjAXAgLCSN2Ehf8QFH6Vww==/lib/arm64/libSystem.Security.Cryptography.Native.Android.so using ns clns-7 from class loader (caller=/data/app/~~MN5CadSUbRNh9nVeSkczew==/com.example.minimikudancemaui-qjAXAgLCSN2Ehf8QFH6Vww==/base.apk!classes2.dex): ok
08-18 01:33:02.655 10086 10086 D DOTNET  : AndroidCryptoNative_InitLibraryOnLoad: jint AndroidCryptoNative_InitLibraryOnLoad(JavaVM *, void *) in /__w/1/s/src/native/libs/System.Security.Cryptography.Native.Android/pal_jni.c
08-18 01:33:02.655 10086 10086 D DOTNET  : GetOptionalClassGRef: optional class com/android/org/conscrypt/OpenSSLEngineImpl was not found
08-18 01:33:02.657 10086 10086 D nativeloader: Load /data/app/~~MN5CadSUbRNh9nVeSkczew==/com.example.minimikudancemaui-qjAXAgLCSN2Ehf8QFH6Vww==/lib/arm64/libmonodroid.so using ns clns-7 from class loader (caller=/data/app/~~MN5CadSUbRNh9nVeSkczew==/com.example.minimikudancemaui-qjAXAgLCSN2Ehf8QFH6Vww==/base.apk!classes2.dex): ok
08-18 01:33:02.660 10086 10086 W monodroid: Failed to create directory '/data/user/0/com.example.minimikudancemaui/files/.__override__/arm64-v8a'. File exists
08-18 01:33:02.660 10086 10086 W monodroid: Creating public update directory: `/data/user/0/com.example.minimikudancemaui/files/.__override__/arm64-v8a`
08-18 01:33:02.660 10086 10086 W nimikudancemaui: Attempt to remove non-JNI local reference
08-18 01:33:02.660 10086 10086 W monodroid: runtime args empty
08-18 01:33:02.686 10086 10086 W monodroid-assembly: open_from_bundles: failed to load bundled assembly MiniMikuDanceMaui.dll
08-18 01:33:02.686 10086 10086 W monodroid-assembly: open_from_bundles: the assembly might have been uploaded to the device with FastDev instead
08-18 01:33:02.686 10086 10086 W monodroid-assembly: open_from_bundles: failed to load bundled assembly Mono.Android.dll
08-18 01:33:02.686 10086 10086 W monodroid-assembly: open_from_bundles: the assembly might have been uploaded to the device with FastDev instead
08-18 01:33:02.689 10086 10086 W monodroid-assembly: open_from_bundles: failed to load bundled assembly System.Runtime.dll
08-18 01:33:02.689 10086 10086 W monodroid-assembly: open_from_bundles: the assembly might have been uploaded to the device with FastDev instead
08-18 01:33:02.689 10086 10086 W monodroid-assembly: open_from_bundles: failed to load bundled assembly Java.Interop.dll
08-18 01:33:02.689 10086 10086 W monodroid-assembly: open_from_bundles: the assembly might have been uploaded to the device with FastDev instead
08-18 01:33:02.689 10086 10086 W monodroid-assembly: open_from_bundles: failed to load bundled assembly System.Runtime.InteropServices.dll
08-18 01:33:02.689 10086 10086 W monodroid-assembly: open_from_bundles: the assembly might have been uploaded to the device with FastDev instead
08-18 01:33:02.691 10086 10086 W monodroid-assembly: open_from_bundles: failed to load bundled assembly System.Collections.dll
08-18 01:33:02.691 10086 10086 W monodroid-assembly: open_from_bundles: the assembly might have been uploaded to the device with FastDev instead
08-18 01:33:02.692 10086 10086 W monodroid-assembly: open_from_bundles: failed to load bundled assembly Mono.Android.Runtime.dll
08-18 01:33:02.692 10086 10086 W monodroid-assembly: open_from_bundles: the assembly might have been uploaded to the device with FastDev instead
08-18 01:33:02.699 10086 10086 W monodroid-assembly: open_from_bundles: failed to load bundled assembly System.Threading.dll
08-18 01:33:02.699 10086 10086 W monodroid-assembly: open_from_bundles: the assembly might have been uploaded to the device with FastDev instead
08-18 01:33:02.715 10086 10086 W monodroid-assembly: open_from_bundles: failed to load bundled assembly System.Threading.Thread.dll
08-18 01:33:02.715 10086 10086 W monodroid-assembly: open_from_bundles: the assembly might have been uploaded to the device with FastDev instead
08-18 01:33:02.716 10086 10086 W monodroid-assembly: open_from_bundles: failed to load bundled assembly System.Diagnostics.StackTrace.dll
08-18 01:33:02.716 10086 10086 W monodroid-assembly: open_from_bundles: the assembly might have been uploaded to the device with FastDev instead
08-18 01:33:02.726 10086 10086 W nimikudancemaui: Attempt to remove non-JNI local reference
08-18 01:33:02.726 10086 10086 W monodroid-assembly: open_from_bundles: failed to load bundled assembly Microsoft.Maui.dll
08-18 01:33:02.726 10086 10086 W monodroid-assembly: open_from_bundles: the assembly might have been uploaded to the device with FastDev instead
08-18 01:33:02.736 10086 10086 W monodroid-assembly: open_from_bundles: failed to load bundled assembly System.Memory.dll
08-18 01:33:02.736 10086 10086 W monodroid-assembly: open_from_bundles: the assembly might have been uploaded to the device with FastDev instead
08-18 01:33:02.739 10086 10086 W monodroid-assembly: open_from_bundles: failed to load bundled assembly System.Reflection.Emit.Lightweight.dll
08-18 01:33:02.739 10086 10086 W monodroid-assembly: open_from_bundles: the assembly might have been uploaded to the device with FastDev instead
08-18 01:33:02.739 10086 10086 W monodroid-assembly: open_from_bundles: failed to load bundled assembly System.Reflection.Emit.ILGeneration.dll
08-18 01:33:02.739 10086 10086 W monodroid-assembly: open_from_bundles: the assembly might have been uploaded to the device with FastDev instead
08-18 01:33:02.740 10086 10086 W monodroid-assembly: open_from_bundles: failed to load bundled assembly System.Reflection.Primitives.dll
08-18 01:33:02.740 10086 10086 W monodroid-assembly: open_from_bundles: the assembly might have been uploaded to the device with FastDev instead
08-18 01:33:02.745 10086 10086 W monodroid-assembly: open_from_bundles: failed to load bundled assembly Microsoft.Maui.Essentials.dll
08-18 01:33:02.745 10086 10086 W monodroid-assembly: open_from_bundles: the assembly might have been uploaded to the device with FastDev instead
08-18 01:33:02.745 10086 10086 W monodroid-assembly: open_from_bundles: failed to load bundled assembly Xamarin.AndroidX.Core.dll
08-18 01:33:02.745 10086 10086 W monodroid-assembly: open_from_bundles: the assembly might have been uploaded to the device with FastDev instead
08-18 01:33:02.756 10086 10086 D CompatChangeReporter: Compat change id reported: 279646685; UID 10278; state: ENABLED
08-18 01:33:02.762 10086 10086 W monodroid-assembly: open_from_bundles: failed to load bundled assembly System.ComponentModel.dll
08-18 01:33:02.762 10086 10086 W monodroid-assembly: open_from_bundles: the assembly might have been uploaded to the device with FastDev instead
08-18 01:33:02.762 10086 10086 W monodroid-assembly: open_from_bundles: failed to load bundled assembly SharpBgfx.dll
08-18 01:33:02.762 10086 10086 W monodroid-assembly: open_from_bundles: the assembly might have been uploaded to the device with FastDev instead
08-18 01:33:02.762 10086 10086 W monodroid-assembly: open_from_bundles: failed to load bundled assembly netstandard.dll
08-18 01:33:02.762 10086 10086 W monodroid-assembly: open_from_bundles: the assembly might have been uploaded to the device with FastDev instead
08-18 01:33:02.765 10086 10086 W monodroid-assembly: open_from_bundles: failed to load bundled assembly Microsoft.VisualStudio.DesignTools.MobileTapContracts.dll
08-18 01:33:02.765 10086 10086 W monodroid-assembly: open_from_bundles: the assembly might have been uploaded to the device with FastDev instead
08-18 01:33:02.771 10086 10109 W monodroid-assembly: open_from_bundles: failed to load bundled assembly Microsoft.VisualStudio.DesignTools.TapContract.dll
08-18 01:33:02.771 10086 10109 W monodroid-assembly: open_from_bundles: the assembly might have been uploaded to the device with FastDev instead
08-18 01:33:02.790  2156  2317 D TemperatureStateSource: sequence=256486 actualDelay=10000
08-18 01:33:02.790  2156  2317 D TemperatureStateSource: Reading temperature: sequence=256487
08-18 01:33:02.790  2026  2056 V WindowManagerShell: Transition animation finished (aborted=false), notifying core (#2041) android.os.BinderProxy@64ad926@0
08-18 01:33:02.791  1635  1716 V WindowManager: Finish Transition (#2041): created at 08-18 01:33:02.450 collect-started=0.064ms request-sent=10.363ms started=12.652ms ready=38.783ms sent=39.948ms finished=340.772ms
08-18 01:33:02.791  2419  2419 D VRI[NexusLauncherActivity]: visibilityChanged oldVisibility=true newVisibility=false
08-18 01:33:02.791 10086 10086 W monodroid-assembly: open_from_bundles: failed to load bundled assembly Microsoft.Extensions.DependencyInjection.Abstractions.dll
08-18 01:33:02.791 10086 10086 W monodroid-assembly: open_from_bundles: the assembly might have been uploaded to the device with FastDev instead
08-18 01:33:02.791  2026  2056 V WindowManagerShell: Track 0 became idle
08-18 01:33:02.791  2026  2056 V WindowManagerShell: All active transition animations finished
08-18 01:33:02.792  1635  3004 W UserManagerService: Requested status bar icon for non-badged user 0
08-18 01:33:02.793  1635  3004 W UserManagerService: Requested status bar icon for non-badged user 0
08-18 01:33:02.793  1690  1690 I pixel-thermal: VIRTUAL-SKIN:29.2508 raw data: VIRTUAL-SKIN:29250.8 VIRTUAL-SKIN-SUB-1:29250.8 VIRTUAL-SKIN-SUB-2:26450.1 VIRTUAL-SKIN-SUB-3:28096.5 charger_therm:30926 gnss_tcxo_therm:29257 modem_therm:30437 quiet_therm:28856 rffe_therm:28856 soc_therm:29591 usb_conn_therm:28389 
08-18 01:33:02.793  2156  2317 D TemperatureStateSource: getDeviceTemperatures: sequence=256487 deviceTemperatureType=3 temperatureSource=0 temperatures=[29.250751]
08-18 01:33:02.793  2156  2317 D BusinessScope: Enqueuing the block
08-18 01:33:02.793  2156  2317 D TemperatureStateSource: sequence=256487 waitTime=10000
08-18 01:33:02.793  2156  2317 D BusinessScope: Start running the #513308 block
08-18 01:33:02.794  1690  1690 I pixel-thermal: VIRTUAL-SKIN:29.2508 raw data: VIRTUAL-SKIN:29250.8 
08-18 01:33:02.794  2156  2317 I TemperatureStateSource: temperature was set
08-18 01:33:02.795  2156  2317 D BusinessScope: Enqueuing the block
08-18 01:33:02.795  2156  2317 D ImpulseStateSource: Notify clients: 256652
08-18 01:33:02.795  2156  2317 D BusinessScope: Finish running the #513308 block
08-18 01:33:02.795  2156  2317 D BusinessScope: Start running the #513309 block
08-18 01:33:02.795  2156  2335 D BusinessScope: Finish running the #513309 block
08-18 01:33:02.800 10086 10086 W monodroid-assembly: open_from_bundles: failed to load bundled assembly System.Console.dll
08-18 01:33:02.800 10086 10086 W monodroid-assembly: open_from_bundles: the assembly might have been uploaded to the device with FastDev instead
08-18 01:33:02.801 10086 10086 W monodroid-assembly: open_from_bundles: failed to load bundled assembly AppCore.dll
08-18 01:33:02.801 10086 10086 W monodroid-assembly: open_from_bundles: the assembly might have been uploaded to the device with FastDev instead
08-18 01:33:02.801 10086 10086 W monodroid-assembly: open_from_bundles: failed to load bundled assembly Microsoft.Maui.Controls.dll
08-18 01:33:02.801 10086 10086 W monodroid-assembly: open_from_bundles: the assembly might have been uploaded to the device with FastDev instead
08-18 01:33:02.802 10086 10086 W monodroid-assembly: open_from_bundles: failed to load bundled assembly System.ObjectModel.dll
08-18 01:33:02.802 10086 10086 W monodroid-assembly: open_from_bundles: the assembly might have been uploaded to the device with FastDev instead
08-18 01:33:02.802 10086 10086 W monodroid-assembly: open_from_bundles: failed to load bundled assembly Microsoft.Maui.Controls.Xaml.dll
08-18 01:33:02.802 10086 10086 W monodroid-assembly: open_from_bundles: the assembly might have been uploaded to the device with FastDev instead
08-18 01:33:02.802 10086 10086 W monodroid-assembly: open_from_bundles: failed to load bundled assembly MauiIcons.Material.Outlined.dll
08-18 01:33:02.802 10086 10086 W monodroid-assembly: open_from_bundles: the assembly might have been uploaded to the device with FastDev instead
08-18 01:33:02.802 10086 10086 W monodroid-assembly: open_from_bundles: failed to load bundled assembly MauiIcons.Material.dll
08-18 01:33:02.802 10086 10086 W monodroid-assembly: open_from_bundles: the assembly might have been uploaded to the device with FastDev instead
08-18 01:33:02.802 10086 10086 W monodroid-assembly: open_from_bundles: failed to load bundled assembly Microsoft.Extensions.Configuration.dll
08-18 01:33:02.802 10086 10086 W monodroid-assembly: open_from_bundles: the assembly might have been uploaded to the device with FastDev instead
08-18 01:33:02.802 10086 10086 W monodroid-assembly: open_from_bundles: failed to load bundled assembly Microsoft.Extensions.Configuration.Abstractions.dll
08-18 01:33:02.802 10086 10086 W monodroid-assembly: open_from_bundles: the assembly might have been uploaded to the device with FastDev instead
08-18 01:33:02.802 10086 10086 W monodroid-assembly: open_from_bundles: failed to load bundled assembly Microsoft.Extensions.Logging.Abstractions.dll
08-18 01:33:02.802 10086 10086 W monodroid-assembly: open_from_bundles: the assembly might have been uploaded to the device with FastDev instead
08-18 01:33:02.803 10086 10086 W monodroid-assembly: open_from_bundles: failed to load bundled assembly System.Runtime.Loader.dll
08-18 01:33:02.803 10086 10086 W monodroid-assembly: open_from_bundles: the assembly might have been uploaded to the device with FastDev instead
08-18 01:33:02.805  2419  2419 D NexusLauncherModelDelegate: notifySmartspaceEvent: SmartspaceTargetEvent{mSmartspaceTarget=null, mSmartspaceActionId='null', mEventType=7}
08-18 01:33:02.807   545   677 W hwc-libdisplaycolor: GetRrRegammaForRange: no match found (op_hz, hz, dbv, range_id)=(60,60,362,10)
08-18 01:33:02.818 10086 10086 W monodroid-assembly: open_from_bundles: failed to load bundled assembly System.Private.Uri.dll
08-18 01:33:02.819 10086 10086 W monodroid-assembly: open_from_bundles: the assembly might have been uploaded to the device with FastDev instead
08-18 01:33:02.819 10086 10086 W monodroid-assembly: open_from_bundles: failed to load bundled assembly System.Xml.ReaderWriter.dll
08-18 01:33:02.819 10086 10086 W monodroid-assembly: open_from_bundles: the assembly might have been uploaded to the device with FastDev instead
08-18 01:33:02.819 10086 10086 W monodroid-assembly: open_from_bundles: failed to load bundled assembly System.Private.Xml.dll
08-18 01:33:02.819 10086 10086 W monodroid-assembly: open_from_bundles: the assembly might have been uploaded to the device with FastDev instead
08-18 01:33:02.822 10086 10086 W monodroid-assembly: open_from_bundles: failed to load bundled assembly Microsoft.Maui.Graphics.dll
08-18 01:33:02.822 10086 10086 W monodroid-assembly: open_from_bundles: the assembly might have been uploaded to the device with FastDev instead
08-18 01:33:02.824 10086 10086 W monodroid-assembly: open_from_bundles: failed to load bundled assembly System.Linq.dll
08-18 01:33:02.824 10086 10086 W monodroid-assembly: open_from_bundles: the assembly might have been uploaded to the device with FastDev instead
08-18 01:33:02.826 10086 10086 W monodroid-assembly: open_from_bundles: failed to load bundled assembly Xamarin.AndroidX.AppCompat.dll
08-18 01:33:02.826 10086 10086 W monodroid-assembly: open_from_bundles: the assembly might have been uploaded to the device with FastDev instead
08-18 01:33:02.830 10086 10086 W monodroid-assembly: open_from_bundles: failed to load bundled assembly System.ComponentModel.TypeConverter.dll
08-18 01:33:02.830 10086 10086 W monodroid-assembly: open_from_bundles: the assembly might have been uploaded to the device with FastDev instead
08-18 01:33:02.840   545   677 W hwc-libdisplaycolor: GetRrRegammaForRange: no match found (op_hz, hz, dbv, range_id)=(60,60,362,10)
08-18 01:33:02.841 10086 10086 W monodroid-assembly: open_from_bundles: failed to load bundled assembly Xamarin.Google.Android.Material.dll
08-18 01:33:02.841 10086 10086 W monodroid-assembly: open_from_bundles: the assembly might have been uploaded to the device with FastDev instead
08-18 01:33:02.848 10086 10086 W monodroid-assembly: open_from_bundles: failed to load bundled assembly Xamarin.AndroidX.Fragment.dll
08-18 01:33:02.848 10086 10086 W monodroid-assembly: open_from_bundles: the assembly might have been uploaded to the device with FastDev instead
08-18 01:33:02.848 10086 10086 W monodroid-assembly: open_from_bundles: failed to load bundled assembly Xamarin.AndroidX.Activity.dll
08-18 01:33:02.848 10086 10086 W monodroid-assembly: open_from_bundles: the assembly might have been uploaded to the device with FastDev instead
08-18 01:33:02.849 10086 10086 W monodroid-assembly: open_from_bundles: failed to load bundled assembly Xamarin.AndroidX.Lifecycle.ViewModel.Android.dll
08-18 01:33:02.849 10086 10086 W monodroid-assembly: open_from_bundles: the assembly might have been uploaded to the device with FastDev instead
08-18 01:33:02.849 10086 10086 W monodroid-assembly: open_from_bundles: failed to load bundled assembly Xamarin.AndroidX.Lifecycle.Common.Jvm.dll
08-18 01:33:02.849 10086 10086 W monodroid-assembly: open_from_bundles: the assembly might have been uploaded to the device with FastDev instead
08-18 01:33:02.849 10086 10086 W monodroid-assembly: open_from_bundles: failed to load bundled assembly Xamarin.AndroidX.SavedState.dll
08-18 01:33:02.849 10086 10086 W monodroid-assembly: open_from_bundles: the assembly might have been uploaded to the device with FastDev instead
08-18 01:33:02.849 10086 10086 W monodroid-assembly: open_from_bundles: failed to load bundled assembly Xamarin.AndroidX.DrawerLayout.dll
08-18 01:33:02.849 10086 10086 W monodroid-assembly: open_from_bundles: the assembly might have been uploaded to the device with FastDev instead
08-18 01:33:02.849 10086 10086 W monodroid-assembly: open_from_bundles: failed to load bundled assembly Xamarin.AndroidX.CustomView.dll
08-18 01:33:02.849 10086 10086 W monodroid-assembly: open_from_bundles: the assembly might have been uploaded to the device with FastDev instead
08-18 01:33:02.849 10086 10086 W monodroid-assembly: open_from_bundles: failed to load bundled assembly Xamarin.AndroidX.Navigation.Runtime.dll
08-18 01:33:02.850 10086 10086 W monodroid-assembly: open_from_bundles: the assembly might have been uploaded to the device with FastDev instead
08-18 01:33:02.859 10086 10109 W monodroid-assembly: open_from_bundles: failed to load bundled assembly System.Net.Primitives.dll
08-18 01:33:02.859 10086 10109 W monodroid-assembly: open_from_bundles: the assembly might have been uploaded to the device with FastDev instead
08-18 01:33:02.860 10086 10109 W monodroid-assembly: open_from_bundles: failed to load bundled assembly System.Diagnostics.TraceSource.dll
08-18 01:33:02.860 10086 10109 W monodroid-assembly: open_from_bundles: the assembly might have been uploaded to the device with FastDev instead
08-18 01:33:02.861 10086 10109 W monodroid-assembly: open_from_bundles: failed to load bundled assembly System.Collections.Specialized.dll
08-18 01:33:02.861 10086 10109 W monodroid-assembly: open_from_bundles: the assembly might have been uploaded to the device with FastDev instead
08-18 01:33:02.865 10086 10109 D app_process64: Hot Reload initialization error: No HotReload connection specified
08-18 01:33:02.865 10086 10086 W monodroid-assembly: open_from_bundles: failed to load bundled assembly Microsoft.Extensions.DependencyInjection.dll
08-18 01:33:02.865 10086 10086 W monodroid-assembly: open_from_bundles: the assembly might have been uploaded to the device with FastDev instead
08-18 01:33:02.865 10086 10086 W monodroid-assembly: open_from_bundles: failed to load bundled assembly System.Collections.Concurrent.dll
08-18 01:33:02.865 10086 10086 W monodroid-assembly: open_from_bundles: the assembly might have been uploaded to the device with FastDev instead
08-18 01:33:02.866 10086 10086 W monodroid-assembly: open_from_bundles: failed to load bundled assembly System.Diagnostics.Tracing.dll
08-18 01:33:02.866 10086 10086 W monodroid-assembly: open_from_bundles: the assembly might have been uploaded to the device with FastDev instead
08-18 01:33:02.886 10086 10086 W monodroid-assembly: open_from_bundles: failed to load bundled assembly System.Text.Encoding.Extensions.dll
08-18 01:33:02.886 10086 10086 W monodroid-assembly: open_from_bundles: the assembly might have been uploaded to the device with FastDev instead
08-18 01:33:02.893 10086 10086 W monodroid-assembly: open_from_bundles: failed to load bundled assembly ja-JP/System.Private.CoreLib.resources.dll
08-18 01:33:02.893 10086 10086 W monodroid-assembly: open_from_bundles: the assembly might have been uploaded to the device with FastDev instead
08-18 01:33:02.893 10086 10086 W monodroid-assembly: open_from_update_dir: assembly file DOES NOT EXIST
08-18 01:33:02.893 10086 10086 W monodroid-assembly: open_from_bundles: failed to load bundled assembly ja-JP/System.Private.CoreLib.resources.dll
08-18 01:33:02.893 10086 10086 W monodroid-assembly: open_from_bundles: the assembly might have been uploaded to the device with FastDev instead
08-18 01:33:02.897 10086 10086 W monodroid-assembly: open_from_bundles: failed to load bundled assembly ja/System.Private.CoreLib.resources.dll
08-18 01:33:02.897 10086 10086 W monodroid-assembly: open_from_bundles: the assembly might have been uploaded to the device with FastDev instead
08-18 01:33:02.897 10086 10086 W monodroid-assembly: open_from_update_dir: assembly file DOES NOT EXIST
08-18 01:33:02.897 10086 10086 W monodroid-assembly: open_from_bundles: failed to load bundled assembly ja/System.Private.CoreLib.resources.dll
08-18 01:33:02.897 10086 10086 W monodroid-assembly: open_from_bundles: the assembly might have been uploaded to the device with FastDev instead
08-18 01:33:02.914 10086 10086 W monodroid-assembly: open_from_bundles: failed to load bundled assembly mscorlib.dll
08-18 01:33:02.914 10086 10086 W monodroid-assembly: open_from_bundles: the assembly might have been uploaded to the device with FastDev instead
08-18 01:33:02.914 10086 10086 W monodroid-assembly: open_from_bundles: failed to load bundled assembly System.dll
08-18 01:33:02.914 10086 10086 W monodroid-assembly: open_from_bundles: the assembly might have been uploaded to the device with FastDev instead
08-18 01:33:02.932 10086 10086 W monodroid-assembly: open_from_bundles: failed to load bundled assembly System.Numerics.Vectors.dll
08-18 01:33:02.932 10086 10086 W monodroid-assembly: open_from_bundles: the assembly might have been uploaded to the device with FastDev instead
08-18 01:33:02.962 10086 10086 W monodroid-assembly: open_from_bundles: failed to load bundled assembly System.Text.Json.dll
08-18 01:33:02.962 10086 10086 W monodroid-assembly: open_from_bundles: the assembly might have been uploaded to the device with FastDev instead
08-18 01:33:02.968 10086 10086 W monodroid-assembly: open_from_bundles: failed to load bundled assembly System.Text.Encodings.Web.dll
08-18 01:33:02.969 10086 10086 W monodroid-assembly: open_from_bundles: the assembly might have been uploaded to the device with FastDev instead
08-18 01:33:02.973 10086 10086 W monodroid-assembly: open_from_bundles: failed to load bundled assembly System.Text.RegularExpressions.dll
08-18 01:33:02.973 10086 10086 W monodroid-assembly: open_from_bundles: the assembly might have been uploaded to the device with FastDev instead
08-18 01:33:02.974 10086 10086 W monodroid-assembly: open_from_bundles: failed to load bundled assembly System.Runtime.Intrinsics.dll
08-18 01:33:02.974 10086 10086 W monodroid-assembly: open_from_bundles: the assembly might have been uploaded to the device with FastDev instead
08-18 01:33:02.977 10086 10086 W monodroid-assembly: open_from_bundles: failed to load bundled assembly System.IO.Pipelines.dll
08-18 01:33:02.977 10086 10086 W monodroid-assembly: open_from_bundles: the assembly might have been uploaded to the device with FastDev instead
