08-18 01:33:08.940 32512 32544 E SystemUpdate: [Network,NormalNetworkRequester] Failed to acquire the non-metered network.
08-18 01:33:08.940 32512 32544 E SystemUpdate: java.io.IOException: Timeout [3000] when acquiring the network.
08-18 01:33:08.940 32512 32544 E SystemUpdate: 	at etcc.g(:com.google.android.gms@252431035@25.24.31 (260400-772615181):187)
08-18 01:33:08.940 32512 32544 E SystemUpdate: 	at etcc.f(:com.google.android.gms@252431035@25.24.31 (260400-772615181):21)
08-18 01:33:08.940 32512 32544 E SystemUpdate: 	at etcf.h(:com.google.android.gms@252431035@25.24.31 (260400-772615181):3)
08-18 01:33:08.940 32512 32544 E SystemUpdate: 	at eszx.a(:com.google.android.gms@252431035@25.24.31 (260400-772615181):54)
08-18 01:33:08.940 32512 32544 E SystemUpdate: 	at com.google.android.gms.update.execution.InstallationIntentOperation.onHandleIntent(:com.google.android.gms@252431035@25.24.31 (260400-772615181):157)
08-18 01:33:08.940 32512 32544 E SystemUpdate: 	at com.google.android.chimera.IntentOperation.onHandleIntent(:com.google.android.gms@252431035@25.24.31 (260400-772615181):2)
08-18 01:33:08.940 32512 32544 E SystemUpdate: 	at atxs.onHandleIntent(:com.google.android.gms@252431035@25.24.31 (260400-772615181):8)
08-18 01:33:08.940 32512 32544 E SystemUpdate: 	at vqo.run(:com.google.android.gms@252431035@25.24.31 (260400-772615181):64)
08-18 01:33:08.940 32512 32544 E SystemUpdate: 	at vqn.run(:com.google.android.gms@252431035@25.24.31 (260400-772615181):132)
08-18 01:33:08.940 32512 32544 E SystemUpdate: 	at fvxc.run(:com.google.android.gms@252431035@25.24.31 (260400-772615181):21)
08-18 01:33:08.940 32512 32544 E SystemUpdate: 	at java.util.concurrent.ThreadPoolExecutor.runWorker(ThreadPoolExecutor.java:1145)
08-18 01:33:08.940 32512 32544 E SystemUpdate: 	at java.util.concurrent.ThreadPoolExecutor$Worker.run(ThreadPoolExecutor.java:644)
08-18 01:33:08.940 32512 32544 E SystemUpdate: 	at java.lang.Thread.run(Thread.java:1012)
08-18 01:33:08.940 32512 32544 I SystemUpdate: [Network,NetworkRequester] Requesting network with capabilities [12]...
08-18 01:33:08.949  1635  3005 D ConnectivityService: requestNetwork for uid/pid:10172/32512 activeRequest: null callbackRequest: 452703 [NetworkRequest [ REQUEST id=452703, [ Capabilities: INTERNET&NOT_RESTRICTED&TRUSTED&NOT_VCN_MANAGED&NOT_BANDWIDTH_CONSTRAINED Uid: 10172 RequestorUid: 10172 RequestorPkg: com.google.android.gms UnderlyingNetworks: Null] ]] callback flags: 0 order: 2147483647 isUidTracked: false declaredMethods: 0x14
08-18 01:33:08.954  1635  1899 D WifiNetworkFactory: got request NetworkRequest [ REQUEST id=452703, [ Capabilities: INTERNET&NOT_RESTRICTED&TRUSTED&NOT_VCN_MANAGED&NOT_BANDWIDTH_CONSTRAINED Uid: 10172 RequestorUid: 10172 RequestorPkg: com.google.android.gms UnderlyingNetworks: Null] ]
08-18 01:33:08.955  1635  1899 D UntrustedWifiNetworkFactory: got request NetworkRequest [ REQUEST id=452703, [ Capabilities: INTERNET&NOT_RESTRICTED&TRUSTED&NOT_VCN_MANAGED&NOT_BANDWIDTH_CONSTRAINED Uid: 10172 RequestorUid: 10172 RequestorPkg: com.google.android.gms UnderlyingNetworks: Null] ]
08-18 01:33:08.956  1635  1899 D OemPaidWifiNetworkFactory: got request NetworkRequest [ REQUEST id=452703, [ Capabilities: INTERNET&NOT_RESTRICTED&TRUSTED&NOT_VCN_MANAGED&NOT_BANDWIDTH_CONSTRAINED Uid: 10172 RequestorUid: 10172 RequestorPkg: com.google.android.gms UnderlyingNetworks: Null] ]
08-18 01:33:08.957  1635  1899 D MultiInternetWifiNetworkFactory: got request NetworkRequest [ REQUEST id=452703, [ Capabilities: INTERNET&NOT_RESTRICTED&TRUSTED&NOT_VCN_MANAGED&NOT_BANDWIDTH_CONSTRAINED Uid: 10172 RequestorUid: 10172 RequestorPkg: com.google.android.gms UnderlyingNetworks: Null] ]
08-18 01:33:08.958  1635  1911 D ConnectivityService: NetReassign [no changes] [c 0] [a 0] [i 7]
08-18 01:33:08.964  1635  1911 D InetDiagMessage: Destroyed 0 sockets, proto=IPPROTO_TCP, family=AF_INET, states=14
08-18 01:33:08.968  1635  1911 D InetDiagMessage: Destroyed 0 sockets, proto=IPPROTO_TCP, family=AF_INET6, states=14
08-18 01:33:08.969  1635  1911 D InetDiagMessage: Destroyed live tcp sockets for uids={10119} in 10ms
08-18 01:33:08.974  1635  1911 D InetDiagMessage: Destroyed 0 sockets, proto=IPPROTO_TCP, family=AF_INET, states=14
08-18 01:33:08.979  1635  1911 D InetDiagMessage: Destroyed 0 sockets, proto=IPPROTO_TCP, family=AF_INET6, states=14
08-18 01:33:08.979  1635  1911 D InetDiagMessage: Destroyed live tcp sockets for uids={20119} in 10ms
08-18 01:33:10.391  1110  1110 W TracingMuxer: type=1400 audit(0.0:272801): avc:  denied  { write } for  name="traced_producer" dev="tmpfs" ino=1248 scontext=u:r:gxp_logging:s0 tcontext=u:object_r:traced_producer_socket:s0 tclass=sock_file permissive=0
08-18 01:33:10.507  3007 10136 I czhx    : (REDACTED) Timed out waiting for connectivity change
08-18 01:33:10.508  3007 10136 I czhx    : (REDACTED) Requeuing download after connectivity change: %s
08-18 01:33:10.515  3007 10136 I czhx    : (REDACTED) Waiting on connectivity for request: uri=%s
08-18 01:33:11.953  1635  1911 D ConnectivityService: releasing NetworkRequest [ REQUEST id=452703, [ Capabilities: INTERNET&NOT_RESTRICTED&TRUSTED&NOT_VCN_MANAGED&NOT_BANDWIDTH_CONSTRAINED Uid: 10172 RequestorUid: 10172 RequestorPkg: com.google.android.gms UnderlyingNetworks: Null] ] (release request)
08-18 01:33:11.955 32512 32544 E SystemUpdate: [Execution,StreamingApplyAction] Failed to request streaming network.
08-18 01:33:11.955 32512 32544 E SystemUpdate: java.io.IOException: Timeout [3000] when acquiring the network.
08-18 01:33:11.955 32512 32544 E SystemUpdate: 	at etcc.g(:com.google.android.gms@252431035@25.24.31 (260400-772615181):187)
08-18 01:33:11.955 32512 32544 E SystemUpdate: 	at etcc.e(:com.google.android.gms@252431035@25.24.31 (260400-772615181):15)
08-18 01:33:11.955 32512 32544 E SystemUpdate: 	at etcf.h(:com.google.android.gms@252431035@25.24.31 (260400-772615181):20)
08-18 01:33:11.955 32512 32544 E SystemUpdate: 	at eszx.a(:com.google.android.gms@252431035@25.24.31 (260400-772615181):54)
08-18 01:33:11.955 32512 32544 E SystemUpdate: 	at com.google.android.gms.update.execution.InstallationIntentOperation.onHandleIntent(:com.google.android.gms@252431035@25.24.31 (260400-772615181):157)
08-18 01:33:11.955 32512 32544 E SystemUpdate: 	at com.google.android.chimera.IntentOperation.onHandleIntent(:com.google.android.gms@252431035@25.24.31 (260400-772615181):2)
08-18 01:33:11.955 32512 32544 E SystemUpdate: 	at atxs.onHandleIntent(:com.google.android.gms@252431035@25.24.31 (260400-772615181):8)
08-18 01:33:11.955 32512 32544 E SystemUpdate: 	at vqo.run(:com.google.android.gms@252431035@25.24.31 (260400-772615181):64)
08-18 01:33:11.955 32512 32544 E SystemUpdate: 	at vqn.run(:com.google.android.gms@252431035@25.24.31 (260400-772615181):132)
08-18 01:33:11.955 32512 32544 E SystemUpdate: 	at fvxc.run(:com.google.android.gms@252431035@25.24.31 (260400-772615181):21)
08-18 01:33:11.955 32512 32544 E SystemUpdate: 	at java.util.concurrent.ThreadPoolExecutor.runWorker(ThreadPoolExecutor.java:1145)
08-18 01:33:11.955 32512 32544 E SystemUpdate: 	at java.util.concurrent.ThreadPoolExecutor$Worker.run(ThreadPoolExecutor.java:644)
08-18 01:33:11.955 32512 32544 E SystemUpdate: 	at java.lang.Thread.run(Thread.java:1012)
08-18 01:33:11.966 32512 32544 I SystemUpdate: [Control,InstallationControl] Installation progress updated to (0x106, 0.892).
08-18 01:33:12.206 32512 32544 I SystemUpdate: [Execution,ExecutionManager] Action streaming-apply executed for 6.41 seconds.
08-18 01:33:12.208 32512 32544 I SystemUpdate: [Execution,ExecutionManager] Start action execution: exponential-backoff-delay-execution
08-18 01:33:12.210 32512 32544 I SystemUpdate: [Execution,ExecutionManager] Action exponential-backoff-delay-execution executed for 0.00 seconds.
08-18 01:33:12.212 32512 32544 I SystemUpdate: [Execution,ExecutionManager] Start action execution: streaming-apply
08-18 01:33:12.236 32512 32544 I SystemUpdate: [Control,InstallationControl] Installation progress updated to (0x111, 0.892).
08-18 01:33:12.318 32512 32544 I SystemUpdate: [Network,NetworkRequester] Requesting network with capabilities [11, 12]...
08-18 01:33:12.323  1635  3004 D ConnectivityService: requestNetwork for uid/pid:10172/32512 activeRequest: null callbackRequest: 452704 [NetworkRequest [ REQUEST id=452704, [ Capabilities: NOT_METERED&INTERNET&NOT_RESTRICTED&TRUSTED&NOT_VCN_MANAGED&NOT_BANDWIDTH_CONSTRAINED Uid: 10172 RequestorUid: 10172 RequestorPkg: com.google.android.gms UnderlyingNetworks: Null] ]] callback flags: 0 order: 2147483647 isUidTracked: false declaredMethods: 0x14
08-18 01:33:12.327  1635  1899 D WifiNetworkFactory: got request NetworkRequest [ REQUEST id=452704, [ Capabilities: NOT_METERED&INTERNET&NOT_RESTRICTED&TRUSTED&NOT_VCN_MANAGED&NOT_BANDWIDTH_CONSTRAINED Uid: 10172 RequestorUid: 10172 RequestorPkg: com.google.android.gms UnderlyingNetworks: Null] ]
08-18 01:33:12.327  1635  1899 D UntrustedWifiNetworkFactory: got request NetworkRequest [ REQUEST id=452704, [ Capabilities: NOT_METERED&INTERNET&NOT_RESTRICTED&TRUSTED&NOT_VCN_MANAGED&NOT_BANDWIDTH_CONSTRAINED Uid: 10172 RequestorUid: 10172 RequestorPkg: com.google.android.gms UnderlyingNetworks: Null] ]
08-18 01:33:12.328  1635  1899 D OemPaidWifiNetworkFactory: got request NetworkRequest [ REQUEST id=452704, [ Capabilities: NOT_METERED&INTERNET&NOT_RESTRICTED&TRUSTED&NOT_VCN_MANAGED&NOT_BANDWIDTH_CONSTRAINED Uid: 10172 RequestorUid: 10172 RequestorPkg: com.google.android.gms UnderlyingNetworks: Null] ]
08-18 01:33:12.328  1635  1899 D MultiInternetWifiNetworkFactory: got request NetworkRequest [ REQUEST id=452704, [ Capabilities: NOT_METERED&INTERNET&NOT_RESTRICTED&TRUSTED&NOT_VCN_MANAGED&NOT_BANDWIDTH_CONSTRAINED Uid: 10172 RequestorUid: 10172 RequestorPkg: com.google.android.gms UnderlyingNetworks: Null] ]
08-18 01:33:12.328  1635  1911 D ConnectivityService: NetReassign [no changes] [c 0] [a 0] [i 4]
08-18 01:33:12.615  1635  3004 W ActivityTaskManager: callingPackage for (uid=2000, pid=10182) has no WPC
08-18 01:33:12.616  1635  3004 V GrammaticalInflectionUtils: AttributionSource: android.content.AttributionSource@de5ff044 does not have READ_SYSTEM_GRAMMATICAL_GENDER permission.
08-18 01:33:12.616  1635  3004 W OptProp : Cannot read opt property android.window.PROPERTY_COMPAT_ALLOW_RESIZEABLE_ACTIVITY_OVERRIDES
08-18 01:33:12.616  1635  3004 W OptProp : Cannot read opt property android.window.PROPERTY_COMPAT_ALLOW_MIN_ASPECT_RATIO_OVERRIDE
08-18 01:33:12.621  1635  3004 W OptProp : Cannot read opt property android.window.PROPERTY_COMPAT_ALLOW_ORIENTATION_OVERRIDE
08-18 01:33:12.626  1635  3004 I ActivityTaskManager: START u0 {act=android.intent.action.MAIN cat=[android.intent.category.LAUNCHER] flg=0x10000000 cmp=com.example.minimikudancemaui/crc642b763ce9c7e2f543.MainActivity} with LAUNCH_MULTIPLE from uid 2000 (BAL_ALLOW_PERMISSION) result code=0
08-18 01:33:12.626  2026  2056 V WindowManagerShell: Transition requested (#2043): android.os.BinderProxy@775a112 TransitionRequestInfo { type = OPEN, triggerTask = TaskInfo{userId=0 taskId=1615 effectiveUid=10278 displayId=0 isRunning=true baseIntent=Intent { act=android.intent.action.MAIN cat=[android.intent.category.LAUNCHER] flg=0x10000000 cmp=com.example.minimikudancemaui/crc642b763ce9c7e2f543.MainActivity } baseActivity=ComponentInfo{com.example.minimikudancemaui/crc642b763ce9c7e2f543.MainActivity} topActivity=ComponentInfo{com.example.minimikudancemaui/crc642b763ce9c7e2f543.MainActivity} origActivity=null realActivity=ComponentInfo{com.example.minimikudancemaui/crc642b763ce9c7e2f543.MainActivity} numActivities=1 lastActiveTime=2874380938 supportsMultiWindow=true resizeMode=1 isResizeable=true minWidth=-1 minHeight=-1 defaultMinSize=220 token=WCT{android.window.IWindowContainerToken$Stub$Proxy@a1540e3} topActivityType=1 pictureInPictureParams=null shouldDockBigOverlays=false launchIntoPipHostTaskId=-1 lastParentTaskIdBeforePip=-1 displayCutoutSafeInsets=Rect(0, 121 - 0, 0) topActivityInfo=ActivityInfo{763fae0 crc642b763ce9c7e2f543.MainActivity} launchCookies=[] positionInParent=Point(0, 0) parentTaskId=-1 isFocused=false isVisible=false isVisibleRequested=false isSleeping=false locusId=null displayAreaFeatureId=1 isTopActivityTransparent=false isTopActivityStyleFloating=false lastNonFullscreenBounds=Rect(277, 689 - 803, 1769) capturedLink=null capturedLinkTimestamp=0 appCompatTaskInfo=AppCompatTaskInfo { topActivityInSizeCompat=false eligibleForLetterboxEducation= false isLetterboxEducationEnabled= false isLetterboxDoubleTapEnabled= false eligibleForUserAspectRatioButton= false topActivityBoundsLetterboxed= false isFromLetterboxDoubleTap= false topActivityLetterboxVerticalPosition= -1 topActivityLetterboxHorizontalPosition= -1 topActivityLetterboxWidth=1080 topActivityLetterboxHeight=2400 topActivityLetterboxAppWidth=1080 topActivityLetterboxAppHeight=2400 isUserFullscreenOverrideEnabled=false isSystemFullscreenOverrideEnabled=false hasMinAspectRatioOverride=false cameraCompatTaskInfo=CameraCompatTaskInfo { freeformCameraCompatMode=inactive}}}, pipTask = null, remoteTransition = null, displayChange = null, flags = 0, debugId = 2043 }
08-18 01:33:12.626  2026  2056 D ShellSplitScreen: logExit: no-op, mLoggerSessionId is null
08-18 01:33:12.626  2419  2419 W SplitSelectStateCtor: Missing session instanceIds
08-18 01:33:12.627  2419  2419 D StatsLog: LAUNCHER_SPLIT_SELECTION_EXIT_INTERRUPTED
08-18 01:33:12.627  1058  1058 W IPCThreadState: Sending oneway calls to frozen process.
08-18 01:33:12.630  2026  2056 D WindowManagerShell: setLauncherKeepClearAreaHeight: visible=false, height=527
08-18 01:33:12.632  1635  1719 V GrammaticalInflectionUtils: AttributionSource: android.content.AttributionSource@de5ff044 does not have READ_SYSTEM_GRAMMATICAL_GENDER permission.
08-18 01:33:12.634  1635  1719 W ProcessStats: Tracking association SourceState{64052e0 com.android.settings/1000 Service #3129568} whose proc state 8 is better than process ProcessState{8deee45 com.google.android.settings.intelligence/10121 pkg=com.google.android.settings.intelligence} proc state 15 (4 skipped)
08-18 01:33:12.635  2845  2879 D ForegroundUtils: Foreground UID status:
08-18 01:33:12.635  2845  2879 D ForegroundUtils: UID: 10081 is in foreground: false
08-18 01:33:12.635  2845  2879 D ForegroundUtils: UID: 10092 is in foreground: false
08-18 01:33:12.635  2845  2879 D ForegroundUtils: UID: 10121 is in foreground: true
08-18 01:33:12.635  2845  2879 D ForegroundUtils: UID: 10161 is in foreground: false
08-18 01:33:12.635  2845  2879 D ForegroundUtils: UID: 10169 is in foreground: true
08-18 01:33:12.635  2845  2879 D ForegroundUtils: UID: 10200 is in foreground: false
08-18 01:33:12.635  2845  2879 D ForegroundUtils: UID: 10243 is in foreground: true
08-18 01:33:12.635  2845  2879 D ForegroundUtils: UID: 10245 is in foreground: true
08-18 01:33:12.635  2845  2879 D ForegroundUtils: UID: 10253 is in foreground: true
08-18 01:33:12.636   541   541 I BpBinder: onLastStrongRef automatically unlinking death recipients: 
08-18 01:33:12.637   545   677 W hwc-libdisplaycolor: GetRrRegammaForRange: no match found (op_hz, hz, dbv, range_id)=(60,60,362,10)
08-18 01:33:12.647  1635  2472 D CoreBackPreview: Window{3ebf314 u0 Splash Screen com.example.minimikudancemaui}: Setting back callback OnBackInvokedCallbackInfo{mCallback=android.window.IOnBackInvokedCallback$Stub$Proxy@41db503, mPriority=0, mIsAnimationCallback=false}
08-18 01:33:12.650   840   840 D Zygote  : Forked child process 10186
08-18 01:33:12.651  1635  1730 I ActivityManager: Start proc 10186:com.example.minimikudancemaui/u0a278 for next-top-activity {com.example.minimikudancemaui/crc642b763ce9c7e2f543.MainActivity}
08-18 01:33:12.653  2026 24356 V WindowManagerShell: onTransitionReady(transaction=7022271640909)
08-18 01:33:12.653  1635  1716 V WindowManager: Sent Transition (#2043) createdAt=08-18 01:33:12.616 via request=TransitionRequestInfo { type = OPEN, triggerTask = TaskInfo{userId=0 taskId=1615 effectiveUid=10278 displayId=0 isRunning=true baseIntent=Intent { act=android.intent.action.MAIN cat=[android.intent.category.LAUNCHER] flg=0x10000000 cmp=com.example.minimikudancemaui/crc642b763ce9c7e2f543.MainActivity } baseActivity=ComponentInfo{com.example.minimikudancemaui/crc642b763ce9c7e2f543.MainActivity} topActivity=ComponentInfo{com.example.minimikudancemaui/crc642b763ce9c7e2f543.MainActivity} origActivity=null realActivity=ComponentInfo{com.example.minimikudancemaui/crc642b763ce9c7e2f543.MainActivity} numActivities=1 lastActiveTime=2874380938 supportsMultiWindow=true resizeMode=1 isResizeable=true minWidth=-1 minHeight=-1 defaultMinSize=220 token=WCT{RemoteToken{b8a90ac Task{9c9715a #1615 type=standard A=10278:com.example.minimikudancemaui isResizeable=true minWidth=-1 minHeight=-1}}} topActivityType=1 pictureInPictureParams=null shouldDockBigOverlays=false launchIntoPipHostTaskId=-1 lastParentTaskIdBeforePip=-1 displayCutoutSafeInsets=Rect(0, 121 - 0, 0) topActivityInfo=ActivityInfo{31c3175 crc642b763ce9c7e2f543.MainActivity} launchCookies=[] positionInParent=Point(0, 0) parentTaskId=-1 isFocused=false isVisible=false isVisibleRequested=false isSleeping=false locusId=null displayAreaFeatureId=1 isTopActivityTransparent=false isTopActivityStyleFloating=false lastNonFullscreenBounds=Rect(277, 689 - 803, 1769) capturedLink=null capturedLinkTimestamp=0 appCompatTaskInfo=AppCompatTaskInfo { topActivityInSizeCompat=false eligibleForLetterboxEducation= false isLetterboxEducationEnabled= false isLetterboxDoubleTapEnabled= false eligibleForUserAspectRatioButton= false topActivityBoundsLetterboxed= false isFromLetterboxDoubleTap= false topActivityLetterboxVerticalPosition= -1 topActivityLetterboxHorizontalPosition= -1 topActivityLetterboxWidth=1080 topActivityLetterboxHeight=2400 topActivityLetterboxAppWidth=1080 topActivityLetterboxAppHeight=2400 isUserFullscreenOverrideEnabled=false isSystemFullscreenOverrideEnabled=false hasMinAspectRatioOverride=false cameraCompatTaskInfo=CameraCompatTaskInfo { freeformCameraCompatMode=inactive}}}, pipTask = null, remoteTransition = null, displayChange = null, flags = 0, debugId = 2043 }
08-18 01:33:12.653  1635  1716 V WindowManager:     startWCT=WindowContainerTransaction { changes = {} hops = [] errorCallbackToken=null taskFragmentOrganizer=null }
08-18 01:33:12.653  2026  2056 V WindowManagerShell: onTransitionReady (#2043) android.os.BinderProxy@775a112: {id=2043 t=OPEN f=0x0 trk=0 r=[0@Point(0, 0)] c=[{WCT{android.window.IWindowContainerToken$Stub$Proxy@921c037} m=OPEN f=NONE leash=Surface(name=Task=1615)/@0xbea45f8 sb=Rect(0, 0 - 1080, 2400) eb=Rect(0, 0 - 1080, 2400) epz=Point(1080, 2400) d=0 taskParent=-1},{WCT{android.window.IWindowContainerToken$Stub$Proxy@d79c9a4} m=TO_BACK f=SHOW_WALLPAPER leash=Surface(name=Task=1)/@0x9e18ad1 sb=Rect(0, 0 - 1080, 2400) eb=Rect(0, 0 - 1080, 2400) epz=Point(1080, 2400) d=0 taskParent=-1}]}
08-18 01:33:12.653  1635  1716 V WindowManager:     info={id=2043 t=OPEN f=0x0 trk=0 r=[0@Point(0, 0)] c=[
08-18 01:33:12.653  1635  1716 V WindowManager:         {WCT{RemoteToken{b8a90ac Task{9c9715a #1615 type=standard A=10278:com.example.minimikudancemaui isResizeable=true minWidth=-1 minHeight=-1}}} m=OPEN f=NONE leash=Surface(name=Task=1615)/@0x11f2c80 sb=Rect(0, 0 - 1080, 2400) eb=Rect(0, 0 - 1080, 2400) epz=Point(1080, 2400) d=0 taskParent=-1},
08-18 01:33:12.653  1635  1716 V WindowManager:         {WCT{RemoteToken{33b0691 Task{52b1fdc #1 type=home isResizeable=true minWidth=-1 minHeight=-1}}} m=TO_BACK f=SHOW_WALLPAPER leash=Surface(name=Task=1)/@0x8c195dc sb=Rect(0, 0 - 1080, 2400) eb=Rect(0, 0 - 1080, 2400) epz=Point(1080, 2400) d=0 taskParent=-1}
08-18 01:33:12.653  1635  1716 V WindowManager:     ]}
08-18 01:33:12.653  2026  2056 V WindowManagerShell: Playing animation for (#2043) android.os.BinderProxy@775a112@0
08-18 01:33:12.653  2026  2056 V WindowManagerShell:  try handler com.android.wm.shell.transition.DefaultMixedHandler@66856ed
08-18 01:33:12.653  2026  2056 V WindowManagerShell:  try handler com.android.wm.shell.keyguard.KeyguardTransitionHandler@d376922
08-18 01:33:12.653  2026  2056 V WindowManagerShell:  try handler com.android.wm.shell.pip.PipTransition@51d17a9
08-18 01:33:12.653  2026  2056 V WindowManagerShell:  try handler com.android.wm.shell.activityembedding.ActivityEmbeddingController@4ec12e
08-18 01:33:12.653  2026  2056 V WindowManagerShell:  try handler com.android.wm.shell.recents.RecentsTransitionHandler@7f874cf
08-18 01:33:12.653  2026  2056 V ShellRecents: RecentsTransitionHandler.startAnimation: no controller found
08-18 01:33:12.653  2026  2056 V WindowManagerShell:  try handler com.android.wm.shell.splitscreen.StageCoordinator@f7afe5c
08-18 01:33:12.653  2026  2056 V WindowManagerShell:  try handler com.android.wm.shell.back.BackAnimationController$BackTransitionHandler@8068565
08-18 01:33:12.653  2026  2056 V WindowManagerShell:  try handler com.android.wm.shell.transition.RemoteTransitionHandler@889c23a
08-18 01:33:12.653  2026  2056 V WindowManagerShell: Transition doesn't have explicit remote, search filters for match for {id=2043 t=OPEN f=0x0 trk=0 r=[0@Point(0, 0)] c=[{WCT{android.window.IWindowContainerToken$Stub$Proxy@921c037} m=OPEN f=NONE leash=Surface(name=Task=1615)/@0xbea45f8 sb=Rect(0, 0 - 1080, 2400) eb=Rect(0, 0 - 1080, 2400) epz=Point(1080, 2400) d=0 taskParent=-1},{WCT{android.window.IWindowContainerToken$Stub$Proxy@d79c9a4} m=TO_BACK f=SHOW_WALLPAPER leash=Surface(name=Task=1)/@0x9e18ad1 sb=Rect(0, 0 - 1080, 2400) eb=Rect(0, 0 - 1080, 2400) epz=Point(1080, 2400) d=0 taskParent=-1}]}
08-18 01:33:12.653  2026  2056 V WindowManagerShell:  Checking filter Pair{{types=[] flags=0x0] notFlags=0x0 checks=[{atype=undefined independent=true modes=[CLOSE,TO_BACK] flags=IN_TASK_WITH_EMBEDDED_ACTIVITY mustBeTask=false order=ANY topActivity=null launchCookie=null taskFragmentToken=android.os.BinderProxy@eb18eeb}]} RemoteTransition { remoteTransition = android.window.IRemoteTransition$Stub$Proxy@fe7a448, appThread = android.app.IApplicationThread$Stub$Proxy@15f12e1, debugName = overlayBackTransition }}
08-18 01:33:12.653  2026  2056 V WindowManagerShell:  Checking filter Pair{{types=[] flags=0x0] notFlags=0x0 checks=[{atype=dream independent=true modes=[OPEN,TO_FRONT] flags=NONE mustBeTask=false order=ANY topActivity=null launchCookie=null},{atype=home independent=true modes=[CLOSE,TO_BACK] flags=NONE mustBeTask=false order=ANY topActivity=null launchCookie=null}]} RemoteTransition { remoteTransition = android.window.IRemoteTransition$Stub$Proxy@841c806, appThread = android.app.IApplicationThread$Stub$Proxy@9982ec7, debugName = LauncherToDream }}
08-18 01:33:12.653  2026  2056 V WindowManagerShell:  Checking filter Pair{{types=[] flags=0x0] notFlags=0x100 checks=[{atype=home independent=true modes=[OPEN,TO_FRONT] flags=NONE mustBeTask=false order=TOP topActivity=ComponentInfo{com.google.android.apps.nexuslauncher/com.google.android.apps.nexuslauncher.NexusLauncherActivity} launchCookie=null},{atype=standard independent=true modes=[CLOSE,TO_BACK] flags=NONE mustBeTask=false order=ANY topActivity=null launchCookie=null},{NOT atype=undefined independent=true modes=[] flags=NONE mustBeTask=true order=ANY topActivity=null launchCookie=null customAnim=true}]} RemoteTransition { remoteTransition = android.window.IRemoteTransition$Stub$Proxy@8f6bcf4, appThread = android.app.IApplicationThread$Stub$Proxy@758fc1d, debugName = QuickstepLaunchHome }}
08-18 01:33:12.653  2026  2056 V WindowManagerShell:  Delegate animation for (#2043) to null
08-18 01:33:12.653  2026  2056 V WindowManagerShell:  try handler com.android.wm.shell.transition.DefaultTransitionHandler@9225e92
08-18 01:33:12.653  2026  2056 V WindowManagerShell: start default transition animation, info = {id=2043 t=OPEN f=0x0 trk=0 r=[0@Point(0, 0)] c=[{WCT{android.window.IWindowContainerToken$Stub$Proxy@921c037} m=OPEN f=NONE leash=Surface(name=Task=1615)/@0xbea45f8 sb=Rect(0, 0 - 1080, 2400) eb=Rect(0, 0 - 1080, 2400) epz=Point(1080, 2400) d=0 taskParent=-1},{WCT{android.window.IWindowContainerToken$Stub$Proxy@d79c9a4} m=TO_BACK f=SHOW_WALLPAPER leash=Surface(name=Task=1)/@0x9e18ad1 sb=Rect(0, 0 - 1080, 2400) eb=Rect(0, 0 - 1080, 2400) epz=Point(1080, 2400) d=0 taskParent=-1}]}
08-18 01:33:12.654  2026  2056 V WindowManagerShell: loadAnimation: anim=android.view.animation.AnimationSet@123030d animAttr=0x13 type=OPEN isEntrance=false
08-18 01:33:12.654  2026  2056 V WindowManagerShell: loadAnimation: anim=android.view.animation.AnimationSet@fe472c2 animAttr=0x12 type=OPEN isEntrance=true
08-18 01:33:12.654  2026  2056 V WindowManagerShell:  animated by com.android.wm.shell.transition.DefaultTransitionHandler@9225e92
08-18 01:33:12.655  1635  3006 W UserManagerService: Requested status bar icon for non-badged user 0
08-18 01:33:12.657 10186 10186 I nimikudancemaui: Late-enabling -Xcheck:jni
08-18 01:33:12.674 10186 10186 I nimikudancemaui: Using CollectorTypeCMC GC.
08-18 01:33:12.678  1135  1212 I adbd    : jdwp connection from 10186
08-18 01:33:12.682 10186 10186 D nativeloader: Load libframework-connectivity-tiramisu-jni.so using APEX ns com_android_tethering for caller /apex/com.android.tethering/javalib/framework-connectivity-t.jar: ok
08-18 01:33:12.689  1635  3006 W com.android.internal.protolog.LogcatOnlyProtoLogImpl: ProtoLog message not processed. Failed to log it to proto. Logging it below to logcat instead.
08-18 01:33:12.689  1635  3006 V WindowManager: Binding proc com.example.minimikudancemaui with config {1.0 ?mcc0mnc [ja_JP,en_US] ldltr sw411dp w411dp h914dp 420dpi nrml long hdr widecg port night finger -keyb/v/h -nav/h winConfig={ mBounds=Rect(0, 0 - 1080, 2400) mAppBounds=Rect(0, 0 - 1080, 2400) mMaxBounds=Rect(0, 0 - 1080, 2400) mDisplayRotation=ROTATION_0 mWindowingMode=fullscreen mActivityType=undefined mAlwaysOnTop=undefined mRotation=ROTATION_0} s.147 fontWeightAdjustment=0}
08-18 01:33:12.690  2845  2879 D ForegroundUtils: Foreground UID status:
08-18 01:33:12.690  2845  2879 D ForegroundUtils: UID: 10081 is in foreground: false
08-18 01:33:12.690  2845  2879 D ForegroundUtils: UID: 10092 is in foreground: false
08-18 01:33:12.690  2845  2879 D ForegroundUtils: UID: 10121 is in foreground: true
08-18 01:33:12.690  2845  2879 D ForegroundUtils: UID: 10161 is in foreground: false
08-18 01:33:12.690  2845  2879 D ForegroundUtils: UID: 10169 is in foreground: true
08-18 01:33:12.690  2845  2879 D ForegroundUtils: UID: 10200 is in foreground: false
08-18 01:33:12.690  2845  2879 D ForegroundUtils: UID: 10243 is in foreground: true
08-18 01:33:12.690  2845  2879 D ForegroundUtils: UID: 10245 is in foreground: true
08-18 01:33:12.690  2845  2879 D ForegroundUtils: UID: 10253 is in foreground: true
08-18 01:33:12.690  2845  2879 D ForegroundUtils: UID: 10278 is in foreground: true
08-18 01:33:12.696   541   541 E SurfaceFlinger: Out of order buffers detected for RequestedLayerState{com.google.android.apps.nexuslauncher/com.google.android.apps.nexuslauncher.NexusLauncherActivity#28869 parentId=102} producedId=968 frameNumber=159 -> producedId=968 frameNumber=23
08-18 01:33:12.697   545   677 W hwc-libdisplaycolor: GetRrRegammaForRange: no match found (op_hz, hz, dbv, range_id)=(60,60,362,10)
08-18 01:33:12.708 10186 10186 D ApplicationLoaders: Returning zygote-cached class loader: /system_ext/framework/androidx.window.extensions.jar
08-18 01:33:12.708 10186 10186 D ApplicationLoaders: Returning zygote-cached class loader: /system_ext/framework/androidx.window.sidecar.jar
08-18 01:33:12.708 10186 10186 W ziparchive: Unable to open '/data/app/~~MN5CadSUbRNh9nVeSkczew==/com.example.minimikudancemaui-qjAXAgLCSN2Ehf8QFH6Vww==/base.dm': No such file or directory
08-18 01:33:12.708 10186 10186 W ziparchive: Unable to open '/data/app/~~MN5CadSUbRNh9nVeSkczew==/com.example.minimikudancemaui-qjAXAgLCSN2Ehf8QFH6Vww==/base.dm': No such file or directory
08-18 01:33:12.713   541   541 E SurfaceFlinger: Out of order buffers detected for RequestedLayerState{com.google.android.apps.nexuslauncher/com.google.android.apps.nexuslauncher.NexusLauncherActivity#28869 parentId=102} producedId=968 frameNumber=159 -> producedId=968 frameNumber=24
08-18 01:33:12.730   541   541 E SurfaceFlinger: Out of order buffers detected for RequestedLayerState{com.google.android.apps.nexuslauncher/com.google.android.apps.nexuslauncher.NexusLauncherActivity#28869 parentId=102} producedId=968 frameNumber=159 -> producedId=968 frameNumber=25
08-18 01:33:12.747   541   541 E SurfaceFlinger: Out of order buffers detected for RequestedLayerState{com.google.android.apps.nexuslauncher/com.google.android.apps.nexuslauncher.NexusLauncherActivity#28869 parentId=102} producedId=968 frameNumber=159 -> producedId=968 frameNumber=26
08-18 01:33:12.764   541   541 E SurfaceFlinger: Out of order buffers detected for RequestedLayerState{com.google.android.apps.nexuslauncher/com.google.android.apps.nexuslauncher.NexusLauncherActivity#28869 parentId=102} producedId=968 frameNumber=159 -> producedId=968 frameNumber=27
08-18 01:33:12.776  2156  2335 D ImpulseConnection: timeout didn't happen: com.google.android.apps.turbo
08-18 01:33:12.781   541   541 E SurfaceFlinger: Out of order buffers detected for RequestedLayerState{com.google.android.apps.nexuslauncher/com.google.android.apps.nexuslauncher.NexusLauncherActivity#28869 parentId=102} producedId=968 frameNumber=159 -> producedId=968 frameNumber=28
08-18 01:33:12.793  2156  2317 D TemperatureStateSource: sequence=256487 actualDelay=10000
08-18 01:33:12.794  2156  2317 D TemperatureStateSource: Reading temperature: sequence=256488
08-18 01:33:12.796  1690  1690 I pixel-thermal: VIRTUAL-SKIN:29.3261 raw data: VIRTUAL-SKIN:29326.1 VIRTUAL-SKIN-SUB-1:29326.1 VIRTUAL-SKIN-SUB-2:26591 VIRTUAL-SKIN-SUB-3:28267.1 charger_therm:31461 gnss_tcxo_therm:29413 modem_therm:30615 quiet_therm:28967 rffe_therm:28990 soc_therm:29635 usb_conn_therm:28389 
08-18 01:33:12.796  2156  2317 D TemperatureStateSource: getDeviceTemperatures: sequence=256488 deviceTemperatureType=3 temperatureSource=0 temperatures=[29.326101]
08-18 01:33:12.796  2156  2317 D BusinessScope: Enqueuing the block
08-18 01:33:12.796  2156  2317 D TemperatureStateSource: sequence=256488 waitTime=10000
08-18 01:33:12.796  2156  2317 D BusinessScope: Start running the #513310 block
08-18 01:33:12.796  2156  2317 D BusinessScope: Enqueuing the block
08-18 01:33:12.797  2156  2317 D ImpulseStateSource: Notify clients: 256653
08-18 01:33:12.797  2156  2317 D BusinessScope: Finish running the #513310 block
08-18 01:33:12.797  2156  2317 D BusinessScope: Start running the #513311 block
08-18 01:33:12.797  2156  2317 D BusinessScope: Finish running the #513311 block
08-18 01:33:12.798   541   541 E SurfaceFlinger: Out of order buffers detected for RequestedLayerState{com.google.android.apps.nexuslauncher/com.google.android.apps.nexuslauncher.NexusLauncherActivity#28869 parentId=102} producedId=968 frameNumber=159 -> producedId=968 frameNumber=29
08-18 01:33:12.811 10186 10186 D nativeloader: Configuring clns-7 for other apk /data/app/~~MN5CadSUbRNh9nVeSkczew==/com.example.minimikudancemaui-qjAXAgLCSN2Ehf8QFH6Vww==/base.apk. target_sdk_version=35, uses_libraries=, library_path=/data/app/~~MN5CadSUbRNh9nVeSkczew==/com.example.minimikudancemaui-qjAXAgLCSN2Ehf8QFH6Vww==/lib/arm64:/data/app/~~MN5CadSUbRNh9nVeSkczew==/com.example.minimikudancemaui-qjAXAgLCSN2Ehf8QFH6Vww==/base.apk!/lib/arm64-v8a, permitted_path=/data:/mnt/expand:/data/user/0/com.example.minimikudancemaui
08-18 01:33:12.812 10186 10186 D CompatChangeReporter: Compat change id reported: 202956589; UID 10278; state: ENABLED
08-18 01:33:12.819 10186 10186 V GraphicsEnvironment: Currently set values for:
08-18 01:33:12.819 10186 10186 V GraphicsEnvironment:   angle_gl_driver_selection_pkgs=[com.android.angle, com.linecorp.b612.android, com.campmobile.snow, com.google.android.apps.tachyon]
08-18 01:33:12.819 10186 10186 V GraphicsEnvironment:   angle_gl_driver_selection_values=[angle, native, native, native]
08-18 01:33:12.819 10186 10186 V GraphicsEnvironment: com.example.minimikudancemaui is not listed in per-application setting
08-18 01:33:12.819 10186 10186 V GraphicsEnvironment: Neither updatable production driver nor prerelease driver is supported.
08-18 01:33:12.825 10186 10186 D nativeloader: Load /data/app/~~MN5CadSUbRNh9nVeSkczew==/com.example.minimikudancemaui-qjAXAgLCSN2Ehf8QFH6Vww==/lib/arm64/libmonosgen-2.0.so using ns clns-7 from class loader (caller=/data/app/~~MN5CadSUbRNh9nVeSkczew==/com.example.minimikudancemaui-qjAXAgLCSN2Ehf8QFH6Vww==/base.apk!classes2.dex): ok
08-18 01:33:12.826 10186 10186 D nativeloader: Load /data/app/~~MN5CadSUbRNh9nVeSkczew==/com.example.minimikudancemaui-qjAXAgLCSN2Ehf8QFH6Vww==/lib/arm64/libxamarin-app.so using ns clns-7 from class loader (caller=/data/app/~~MN5CadSUbRNh9nVeSkczew==/com.example.minimikudancemaui-qjAXAgLCSN2Ehf8QFH6Vww==/base.apk!classes2.dex): ok
08-18 01:33:12.826 10186 10186 D nativeloader: Load /data/app/~~MN5CadSUbRNh9nVeSkczew==/com.example.minimikudancemaui-qjAXAgLCSN2Ehf8QFH6Vww==/lib/arm64/libSystem.Security.Cryptography.Native.Android.so using ns clns-7 from class loader (caller=/data/app/~~MN5CadSUbRNh9nVeSkczew==/com.example.minimikudancemaui-qjAXAgLCSN2Ehf8QFH6Vww==/base.apk!classes2.dex): ok
08-18 01:33:12.826 10186 10186 D DOTNET  : AndroidCryptoNative_InitLibraryOnLoad: jint AndroidCryptoNative_InitLibraryOnLoad(JavaVM *, void *) in /__w/1/s/src/native/libs/System.Security.Cryptography.Native.Android/pal_jni.c
08-18 01:33:12.826 10186 10186 D DOTNET  : GetOptionalClassGRef: optional class com/android/org/conscrypt/OpenSSLEngineImpl was not found
08-18 01:33:12.827 10186 10186 D nativeloader: Load /data/app/~~MN5CadSUbRNh9nVeSkczew==/com.example.minimikudancemaui-qjAXAgLCSN2Ehf8QFH6Vww==/lib/arm64/libmonodroid.so using ns clns-7 from class loader (caller=/data/app/~~MN5CadSUbRNh9nVeSkczew==/com.example.minimikudancemaui-qjAXAgLCSN2Ehf8QFH6Vww==/base.apk!classes2.dex): ok
08-18 01:33:12.828 10186 10186 W monodroid: Failed to create directory '/data/user/0/com.example.minimikudancemaui/files/.__override__/arm64-v8a'. File exists
08-18 01:33:12.828 10186 10186 W monodroid: Creating public update directory: `/data/user/0/com.example.minimikudancemaui/files/.__override__/arm64-v8a`
08-18 01:33:12.828 10186 10186 W nimikudancemaui: Attempt to remove non-JNI local reference
08-18 01:33:12.828 10186 10186 W monodroid: runtime args empty
08-18 01:33:12.851 10186 10186 W monodroid-assembly: open_from_bundles: failed to load bundled assembly MiniMikuDanceMaui.dll
08-18 01:33:12.851 10186 10186 W monodroid-assembly: open_from_bundles: the assembly might have been uploaded to the device with FastDev instead
08-18 01:33:12.851 10186 10186 W monodroid-assembly: open_from_bundles: failed to load bundled assembly Mono.Android.dll
08-18 01:33:12.851 10186 10186 W monodroid-assembly: open_from_bundles: the assembly might have been uploaded to the device with FastDev instead
08-18 01:33:12.853 10186 10186 W monodroid-assembly: open_from_bundles: failed to load bundled assembly System.Runtime.dll
08-18 01:33:12.853 10186 10186 W monodroid-assembly: open_from_bundles: the assembly might have been uploaded to the device with FastDev instead
08-18 01:33:12.853 10186 10186 W monodroid-assembly: open_from_bundles: failed to load bundled assembly Java.Interop.dll
08-18 01:33:12.853 10186 10186 W monodroid-assembly: open_from_bundles: the assembly might have been uploaded to the device with FastDev instead
08-18 01:33:12.854 10186 10186 W monodroid-assembly: open_from_bundles: failed to load bundled assembly System.Runtime.InteropServices.dll
08-18 01:33:12.854 10186 10186 W monodroid-assembly: open_from_bundles: the assembly might have been uploaded to the device with FastDev instead
08-18 01:33:12.855 10186 10186 W monodroid-assembly: open_from_bundles: failed to load bundled assembly System.Collections.dll
08-18 01:33:12.855 10186 10186 W monodroid-assembly: open_from_bundles: the assembly might have been uploaded to the device with FastDev instead
08-18 01:33:12.856 10186 10186 W monodroid-assembly: open_from_bundles: failed to load bundled assembly Mono.Android.Runtime.dll
08-18 01:33:12.856 10186 10186 W monodroid-assembly: open_from_bundles: the assembly might have been uploaded to the device with FastDev instead
08-18 01:33:12.864 10186 10186 W monodroid-assembly: open_from_bundles: failed to load bundled assembly System.Threading.dll
08-18 01:33:12.864 10186 10186 W monodroid-assembly: open_from_bundles: the assembly might have been uploaded to the device with FastDev instead
08-18 01:33:12.879 10186 10186 W monodroid-assembly: open_from_bundles: failed to load bundled assembly System.Threading.Thread.dll
08-18 01:33:12.880 10186 10186 W monodroid-assembly: open_from_bundles: the assembly might have been uploaded to the device with FastDev instead
08-18 01:33:12.880 10186 10186 W monodroid-assembly: open_from_bundles: failed to load bundled assembly System.Diagnostics.StackTrace.dll
08-18 01:33:12.880 10186 10186 W monodroid-assembly: open_from_bundles: the assembly might have been uploaded to the device with FastDev instead
08-18 01:33:12.889 10186 10186 W nimikudancemaui: Attempt to remove non-JNI local reference
08-18 01:33:12.890 10186 10186 W monodroid-assembly: open_from_bundles: failed to load bundled assembly Microsoft.Maui.dll
08-18 01:33:12.890 10186 10186 W monodroid-assembly: open_from_bundles: the assembly might have been uploaded to the device with FastDev instead
08-18 01:33:12.900 10186 10186 W monodroid-assembly: open_from_bundles: failed to load bundled assembly System.Memory.dll
08-18 01:33:12.900 10186 10186 W monodroid-assembly: open_from_bundles: the assembly might have been uploaded to the device with FastDev instead
08-18 01:33:12.903 10186 10186 W monodroid-assembly: open_from_bundles: failed to load bundled assembly System.Reflection.Emit.Lightweight.dll
08-18 01:33:12.903 10186 10186 W monodroid-assembly: open_from_bundles: the assembly might have been uploaded to the device with FastDev instead
08-18 01:33:12.903 10186 10186 W monodroid-assembly: open_from_bundles: failed to load bundled assembly System.Reflection.Emit.ILGeneration.dll
08-18 01:33:12.903 10186 10186 W monodroid-assembly: open_from_bundles: the assembly might have been uploaded to the device with FastDev instead
08-18 01:33:12.904 10186 10186 W monodroid-assembly: open_from_bundles: failed to load bundled assembly System.Reflection.Primitives.dll
08-18 01:33:12.904 10186 10186 W monodroid-assembly: open_from_bundles: the assembly might have been uploaded to the device with FastDev instead
08-18 01:33:12.909 10186 10186 W monodroid-assembly: open_from_bundles: failed to load bundled assembly Microsoft.Maui.Essentials.dll
08-18 01:33:12.909 10186 10186 W monodroid-assembly: open_from_bundles: the assembly might have been uploaded to the device with FastDev instead
08-18 01:33:12.909 10186 10186 W monodroid-assembly: open_from_bundles: failed to load bundled assembly Xamarin.AndroidX.Core.dll
08-18 01:33:12.909 10186 10186 W monodroid-assembly: open_from_bundles: the assembly might have been uploaded to the device with FastDev instead
08-18 01:33:12.926 10186 10186 D CompatChangeReporter: Compat change id reported: 279646685; UID 10278; state: ENABLED
08-18 01:33:12.935 10186 10186 W monodroid-assembly: open_from_bundles: failed to load bundled assembly System.ComponentModel.dll
08-18 01:33:12.935 10186 10186 W monodroid-assembly: open_from_bundles: the assembly might have been uploaded to the device with FastDev instead
08-18 01:33:12.935 10186 10186 W monodroid-assembly: open_from_bundles: failed to load bundled assembly SharpBgfx.dll
08-18 01:33:12.935 10186 10186 W monodroid-assembly: open_from_bundles: the assembly might have been uploaded to the device with FastDev instead
08-18 01:33:12.935 10186 10186 W monodroid-assembly: open_from_bundles: failed to load bundled assembly netstandard.dll
08-18 01:33:12.935 10186 10186 W monodroid-assembly: open_from_bundles: the assembly might have been uploaded to the device with FastDev instead
08-18 01:33:12.941 10186 10186 W monodroid-assembly: open_from_bundles: failed to load bundled assembly Microsoft.VisualStudio.DesignTools.MobileTapContracts.dll
08-18 01:33:12.941 10186 10186 W monodroid-assembly: open_from_bundles: the assembly might have been uploaded to the device with FastDev instead
08-18 01:33:12.946 10186 10186 W monodroid-assembly: open_from_bundles: failed to load bundled assembly Microsoft.Extensions.DependencyInjection.Abstractions.dll
08-18 01:33:12.946 10186 10186 W monodroid-assembly: open_from_bundles: the assembly might have been uploaded to the device with FastDev instead
08-18 01:33:12.949 10186 10207 W monodroid-assembly: open_from_bundles: failed to load bundled assembly Microsoft.VisualStudio.DesignTools.TapContract.dll
08-18 01:33:12.949 10186 10207 W monodroid-assembly: open_from_bundles: the assembly might have been uploaded to the device with FastDev instead
08-18 01:33:12.950  2026  2056 V WindowManagerShell: Transition animation finished (aborted=false), notifying core (#2043) android.os.BinderProxy@775a112@0
08-18 01:33:12.951  1635  1716 V WindowManager: Finish Transition (#2043): created at 08-18 01:33:12.616 collect-started=0.051ms request-sent=8.709ms started=11.373ms ready=34.689ms sent=35.604ms finished=334.126ms
08-18 01:33:12.951  2419  2419 D VRI[NexusLauncherActivity]: visibilityChanged oldVisibility=true newVisibility=false
08-18 01:33:12.951  2026  2056 V WindowManagerShell: Track 0 became idle
08-18 01:33:12.952  2026  2056 V WindowManagerShell: All active transition animations finished
08-18 01:33:12.952  1635  3004 W UserManagerService: Requested status bar icon for non-badged user 0
08-18 01:33:12.952  1635  3004 W UserManagerService: Requested status bar icon for non-badged user 0
08-18 01:33:12.955 10186 10186 W monodroid-assembly: open_from_bundles: failed to load bundled assembly System.Console.dll
08-18 01:33:12.955 10186 10186 W monodroid-assembly: open_from_bundles: the assembly might have been uploaded to the device with FastDev instead
08-18 01:33:12.956 10186 10186 W monodroid-assembly: open_from_bundles: failed to load bundled assembly AppCore.dll
08-18 01:33:12.956 10186 10186 W monodroid-assembly: open_from_bundles: the assembly might have been uploaded to the device with FastDev instead
08-18 01:33:12.956 10186 10186 W monodroid-assembly: open_from_bundles: failed to load bundled assembly Microsoft.Maui.Controls.dll
08-18 01:33:12.956 10186 10186 W monodroid-assembly: open_from_bundles: the assembly might have been uploaded to the device with FastDev instead
08-18 01:33:12.957 10186 10186 W monodroid-assembly: open_from_bundles: failed to load bundled assembly System.ObjectModel.dll
08-18 01:33:12.957 10186 10186 W monodroid-assembly: open_from_bundles: the assembly might have been uploaded to the device with FastDev instead
08-18 01:33:12.957 10186 10186 W monodroid-assembly: open_from_bundles: failed to load bundled assembly Microsoft.Maui.Controls.Xaml.dll
08-18 01:33:12.957 10186 10186 W monodroid-assembly: open_from_bundles: the assembly might have been uploaded to the device with FastDev instead
08-18 01:33:12.957 10186 10186 W monodroid-assembly: open_from_bundles: failed to load bundled assembly MauiIcons.Material.Outlined.dll
08-18 01:33:12.957 10186 10186 W monodroid-assembly: open_from_bundles: the assembly might have been uploaded to the device with FastDev instead
08-18 01:33:12.957 10186 10186 W monodroid-assembly: open_from_bundles: failed to load bundled assembly MauiIcons.Material.dll
08-18 01:33:12.957 10186 10186 W monodroid-assembly: open_from_bundles: the assembly might have been uploaded to the device with FastDev instead
08-18 01:33:12.958 10186 10186 W monodroid-assembly: open_from_bundles: failed to load bundled assembly Microsoft.Extensions.Configuration.dll
08-18 01:33:12.958 10186 10186 W monodroid-assembly: open_from_bundles: the assembly might have been uploaded to the device with FastDev instead
08-18 01:33:12.958 10186 10186 W monodroid-assembly: open_from_bundles: failed to load bundled assembly Microsoft.Extensions.Configuration.Abstractions.dll
08-18 01:33:12.958 10186 10186 W monodroid-assembly: open_from_bundles: the assembly might have been uploaded to the device with FastDev instead
08-18 01:33:12.958 10186 10186 W monodroid-assembly: open_from_bundles: failed to load bundled assembly Microsoft.Extensions.Logging.Abstractions.dll
08-18 01:33:12.958 10186 10186 W monodroid-assembly: open_from_bundles: the assembly might have been uploaded to the device with FastDev instead
08-18 01:33:12.958 10186 10186 W monodroid-assembly: open_from_bundles: failed to load bundled assembly System.Runtime.Loader.dll
08-18 01:33:12.958 10186 10186 W monodroid-assembly: open_from_bundles: the assembly might have been uploaded to the device with FastDev instead
08-18 01:33:12.966 10186 10186 W monodroid-assembly: open_from_bundles: failed to load bundled assembly System.Private.Uri.dll
08-18 01:33:12.966 10186 10186 W monodroid-assembly: open_from_bundles: the assembly might have been uploaded to the device with FastDev instead
08-18 01:33:12.966  2419  2419 D NexusLauncherModelDelegate: notifySmartspaceEvent: SmartspaceTargetEvent{mSmartspaceTarget=null, mSmartspaceActionId='null', mEventType=7}
08-18 01:33:12.966 10186 10186 W monodroid-assembly: open_from_bundles: failed to load bundled assembly System.Xml.ReaderWriter.dll
08-18 01:33:12.966 10186 10186 W monodroid-assembly: open_from_bundles: the assembly might have been uploaded to the device with FastDev instead
08-18 01:33:12.967 10186 10186 W monodroid-assembly: open_from_bundles: failed to load bundled assembly System.Private.Xml.dll
08-18 01:33:12.967 10186 10186 W monodroid-assembly: open_from_bundles: the assembly might have been uploaded to the device with FastDev instead
08-18 01:33:12.969   545   677 W hwc-libdisplaycolor: GetRrRegammaForRange: no match found (op_hz, hz, dbv, range_id)=(60,60,362,10)
08-18 01:33:12.970 10186 10186 W monodroid-assembly: open_from_bundles: failed to load bundled assembly Microsoft.Maui.Graphics.dll
08-18 01:33:12.970 10186 10186 W monodroid-assembly: open_from_bundles: the assembly might have been uploaded to the device with FastDev instead
08-18 01:33:12.971 10186 10186 W monodroid-assembly: open_from_bundles: failed to load bundled assembly System.Linq.dll
08-18 01:33:12.971 10186 10186 W monodroid-assembly: open_from_bundles: the assembly might have been uploaded to the device with FastDev instead
08-18 01:33:12.973 10186 10186 W monodroid-assembly: open_from_bundles: failed to load bundled assembly Xamarin.AndroidX.AppCompat.dll
08-18 01:33:12.973 10186 10186 W monodroid-assembly: open_from_bundles: the assembly might have been uploaded to the device with FastDev instead
08-18 01:33:12.976 10186 10186 W monodroid-assembly: open_from_bundles: failed to load bundled assembly System.ComponentModel.TypeConverter.dll
08-18 01:33:12.976 10186 10186 W monodroid-assembly: open_from_bundles: the assembly might have been uploaded to the device with FastDev instead
08-18 01:33:12.992 10186 10186 W monodroid-assembly: open_from_bundles: failed to load bundled assembly Xamarin.Google.Android.Material.dll
08-18 01:33:12.992 10186 10186 W monodroid-assembly: open_from_bundles: the assembly might have been uploaded to the device with FastDev instead
08-18 01:33:13.000 10186 10186 W monodroid-assembly: open_from_bundles: failed to load bundled assembly Xamarin.AndroidX.Fragment.dll
08-18 01:33:13.000 10186 10186 W monodroid-assembly: open_from_bundles: the assembly might have been uploaded to the device with FastDev instead
08-18 01:33:13.000 10186 10186 W monodroid-assembly: open_from_bundles: failed to load bundled assembly Xamarin.AndroidX.Activity.dll
08-18 01:33:13.000 10186 10186 W monodroid-assembly: open_from_bundles: the assembly might have been uploaded to the device with FastDev instead
08-18 01:33:13.000 10186 10186 W monodroid-assembly: open_from_bundles: failed to load bundled assembly Xamarin.AndroidX.Lifecycle.ViewModel.Android.dll
08-18 01:33:13.000 10186 10186 W monodroid-assembly: open_from_bundles: the assembly might have been uploaded to the device with FastDev instead
08-18 01:33:13.000 10186 10186 W monodroid-assembly: open_from_bundles: failed to load bundled assembly Xamarin.AndroidX.Lifecycle.Common.Jvm.dll
08-18 01:33:13.000 10186 10186 W monodroid-assembly: open_from_bundles: the assembly might have been uploaded to the device with FastDev instead
08-18 01:33:13.000 10186 10186 W monodroid-assembly: open_from_bundles: failed to load bundled assembly Xamarin.AndroidX.SavedState.dll
08-18 01:33:13.000 10186 10186 W monodroid-assembly: open_from_bundles: the assembly might have been uploaded to the device with FastDev instead
08-18 01:33:13.001 10186 10186 W monodroid-assembly: open_from_bundles: failed to load bundled assembly Xamarin.AndroidX.DrawerLayout.dll
08-18 01:33:13.001 10186 10186 W monodroid-assembly: open_from_bundles: the assembly might have been uploaded to the device with FastDev instead
08-18 01:33:13.001 10186 10186 W monodroid-assembly: open_from_bundles: failed to load bundled assembly Xamarin.AndroidX.CustomView.dll
08-18 01:33:13.001 10186 10186 W monodroid-assembly: open_from_bundles: the assembly might have been uploaded to the device with FastDev instead
08-18 01:33:13.001 10186 10186 W monodroid-assembly: open_from_bundles: failed to load bundled assembly Xamarin.AndroidX.Navigation.Runtime.dll
08-18 01:33:13.001 10186 10186 W monodroid-assembly: open_from_bundles: the assembly might have been uploaded to the device with FastDev instead
